Archive member included because of file (symbol)

c:/winavr-20100110/bin/../lib/gcc/avr/4.3.3/avr5\libgcc.a(_mulsi3.o)
                              ./MCAL/02Timer/Timers.o (__mulsi3)
c:/winavr-20100110/bin/../lib/gcc/avr/4.3.3/avr5\libgcc.a(_udivmodqi4.o)
                              ./main.o (__udivmodqi4)
c:/winavr-20100110/bin/../lib/gcc/avr/4.3.3/avr5\libgcc.a(_udivmodhi4.o)
                              ./MCAL/02Timer/Timers.o (__udivmodhi4)
c:/winavr-20100110/bin/../lib/gcc/avr/4.3.3/avr5\libgcc.a(_divmodhi4.o)
                              ./UART_Services.o (__divmodhi4)
c:/winavr-20100110/bin/../lib/gcc/avr/4.3.3/avr5\libgcc.a(_udivmodsi4.o)
                              ./MCAL/02Timer/Timers.o (__udivmodsi4)
c:/winavr-20100110/bin/../lib/gcc/avr/4.3.3/avr5\libgcc.a(_exit.o)
                              c:/winavr-20100110/bin/../lib/gcc/avr/4.3.3/../../../../avr/lib/avr5/crtm32.o (exit)
c:/winavr-20100110/bin/../lib/gcc/avr/4.3.3/avr5\libgcc.a(_copy_data.o)
                              ./MCAL/05UART/UART.o (__do_copy_data)
c:/winavr-20100110/bin/../lib/gcc/avr/4.3.3/avr5\libgcc.a(_clear_bss.o)
                              ./MCAL/05UART/UART.o (__do_clear_bss)
c:/winavr-20100110/bin/../lib/gcc/avr/4.3.3/avr5\libgcc.a(_fixunssfsi.o)
                              ./HAL/Ultrasonic.o (__fixunssfsi)
c:/winavr-20100110/bin/../lib/gcc/avr/4.3.3/avr5\libgcc.a(_addsub_sf.o)
                              c:/winavr-20100110/bin/../lib/gcc/avr/4.3.3/avr5\libgcc.a(_fixunssfsi.o) (__subsf3)
c:/winavr-20100110/bin/../lib/gcc/avr/4.3.3/avr5\libgcc.a(_mul_sf.o)
                              ./HAL/Ultrasonic.o (__mulsf3)
c:/winavr-20100110/bin/../lib/gcc/avr/4.3.3/avr5\libgcc.a(_div_sf.o)
                              ./HAL/Ultrasonic.o (__divsf3)
c:/winavr-20100110/bin/../lib/gcc/avr/4.3.3/avr5\libgcc.a(_gt_sf.o)
                              ./HAL/Ultrasonic.o (__gtsf2)
c:/winavr-20100110/bin/../lib/gcc/avr/4.3.3/avr5\libgcc.a(_ge_sf.o)
                              c:/winavr-20100110/bin/../lib/gcc/avr/4.3.3/avr5\libgcc.a(_fixunssfsi.o) (__gesf2)
c:/winavr-20100110/bin/../lib/gcc/avr/4.3.3/avr5\libgcc.a(_lt_sf.o)
                              ./HAL/Ultrasonic.o (__ltsf2)
c:/winavr-20100110/bin/../lib/gcc/avr/4.3.3/avr5\libgcc.a(_sf_to_si.o)
                              c:/winavr-20100110/bin/../lib/gcc/avr/4.3.3/avr5\libgcc.a(_fixunssfsi.o) (__fixsfsi)
c:/winavr-20100110/bin/../lib/gcc/avr/4.3.3/avr5\libgcc.a(_thenan_sf.o)
                              c:/winavr-20100110/bin/../lib/gcc/avr/4.3.3/avr5\libgcc.a(_addsub_sf.o) (__thenan_sf)
c:/winavr-20100110/bin/../lib/gcc/avr/4.3.3/avr5\libgcc.a(_usi_to_sf.o)
                              ./HAL/Ultrasonic.o (__floatunsisf)
c:/winavr-20100110/bin/../lib/gcc/avr/4.3.3/avr5\libgcc.a(_prologue.o)
                              c:/winavr-20100110/bin/../lib/gcc/avr/4.3.3/avr5\libgcc.a(_addsub_sf.o) (__prologue_saves__)
c:/winavr-20100110/bin/../lib/gcc/avr/4.3.3/avr5\libgcc.a(_epilogue.o)
                              c:/winavr-20100110/bin/../lib/gcc/avr/4.3.3/avr5\libgcc.a(_addsub_sf.o) (__epilogue_restores__)
c:/winavr-20100110/bin/../lib/gcc/avr/4.3.3/avr5\libgcc.a(_clzsi2.o)
                              c:/winavr-20100110/bin/../lib/gcc/avr/4.3.3/avr5\libgcc.a(_usi_to_sf.o) (__clzsi2)
c:/winavr-20100110/bin/../lib/gcc/avr/4.3.3/avr5\libgcc.a(_pack_sf.o)
                              c:/winavr-20100110/bin/../lib/gcc/avr/4.3.3/avr5\libgcc.a(_addsub_sf.o) (__pack_f)
c:/winavr-20100110/bin/../lib/gcc/avr/4.3.3/avr5\libgcc.a(_unpack_sf.o)
                              c:/winavr-20100110/bin/../lib/gcc/avr/4.3.3/avr5\libgcc.a(_addsub_sf.o) (__unpack_f)
c:/winavr-20100110/bin/../lib/gcc/avr/4.3.3/avr5\libgcc.a(_fpcmp_parts_sf.o)
                              c:/winavr-20100110/bin/../lib/gcc/avr/4.3.3/avr5\libgcc.a(_gt_sf.o) (__fpcmp_parts_f)
c:/winavr-20100110/bin/../lib/gcc/avr/4.3.3/avr5\libgcc.a(_clz.o)
                              c:/winavr-20100110/bin/../lib/gcc/avr/4.3.3/avr5\libgcc.a(_clzsi2.o) (__clz_tab)

Allocating common symbols
Common symbol       size              file

t3                  0x2               ./MCAL/02Timer/Timers.o
t2                  0x2               ./MCAL/02Timer/Timers.o
distance            0x4               ./HAL/Ultrasonic.o
t1                  0x2               ./MCAL/02Timer/Timers.o

Memory Configuration

Name             Origin             Length             Attributes
text             0x00000000         0x00020000         xr
data             0x00800060         0x0000ffa0         rw !x
eeprom           0x00810000         0x00010000         rw !x
fuse             0x00820000         0x00000400         rw !x
lock             0x00830000         0x00000400         rw !x
signature        0x00840000         0x00000400         rw !x
*default*        0x00000000         0xffffffff

Linker script and memory map

LOAD c:/winavr-20100110/bin/../lib/gcc/avr/4.3.3/../../../../avr/lib/avr5/crtm32.o
LOAD ./MCAL/05UART/UART.o
LOAD ./MCAL/03ADC/ADC.o
LOAD ./MCAL/02Timer/Timers.o
LOAD ./MCAL/01GPIO/GPIO.o
LOAD ./HAL/Motor.o
LOAD ./HAL/Servo.o
LOAD ./HAL/Ultrasonic.o
LOAD ./UART_Services.o
LOAD ./main.o
LOAD c:/winavr-20100110/bin/../lib/gcc/avr/4.3.3/avr5\libgcc.a
LOAD c:/winavr-20100110/bin/../lib/gcc/avr/4.3.3/../../../../avr/lib/avr5\libc.a
LOAD c:/winavr-20100110/bin/../lib/gcc/avr/4.3.3/avr5\libgcc.a

.hash
 *(.hash)

.dynsym
 *(.dynsym)

.dynstr
 *(.dynstr)

.gnu.version
 *(.gnu.version)

.gnu.version_d
 *(.gnu.version_d)

.gnu.version_r
 *(.gnu.version_r)

.rel.init
 *(.rel.init)

.rela.init
 *(.rela.init)

.rel.text
 *(.rel.text)
 *(.rel.text.*)
 *(.rel.gnu.linkonce.t*)

.rela.text
 *(.rela.text)
 *(.rela.text.*)
 *(.rela.gnu.linkonce.t*)

.rel.fini
 *(.rel.fini)

.rela.fini
 *(.rela.fini)

.rel.rodata
 *(.rel.rodata)
 *(.rel.rodata.*)
 *(.rel.gnu.linkonce.r*)

.rela.rodata
 *(.rela.rodata)
 *(.rela.rodata.*)
 *(.rela.gnu.linkonce.r*)

.rel.data
 *(.rel.data)
 *(.rel.data.*)
 *(.rel.gnu.linkonce.d*)

.rela.data
 *(.rela.data)
 *(.rela.data.*)
 *(.rela.gnu.linkonce.d*)

.rel.ctors
 *(.rel.ctors)

.rela.ctors
 *(.rela.ctors)

.rel.dtors
 *(.rel.dtors)

.rela.dtors
 *(.rela.dtors)

.rel.got
 *(.rel.got)

.rela.got
 *(.rela.got)

.rel.bss
 *(.rel.bss)

.rela.bss
 *(.rela.bss)

.rel.plt
 *(.rel.plt)

.rela.plt
 *(.rela.plt)

.text           0x00000000     0x4a22
 *(.vectors)
 .vectors       0x00000000       0x54 c:/winavr-20100110/bin/../lib/gcc/avr/4.3.3/../../../../avr/lib/avr5/crtm32.o
                0x00000000                __vectors
                0x00000000                __vector_default
 *(.vectors)
 *(.progmem.gcc*)
 *(.progmem*)
                0x00000054                . = ALIGN (0x2)
                0x00000054                __trampolines_start = .
 *(.trampolines)
 .trampolines   0x00000054        0x0 linker stubs
 *(.trampolines*)
                0x00000054                __trampolines_end = .
 *(.jumptables)
 *(.jumptables*)
 *(.lowtext)
 *(.lowtext*)
                0x00000054                __ctors_start = .
 *(.ctors)
                0x00000054                __ctors_end = .
                0x00000054                __dtors_start = .
 *(.dtors)
                0x00000054                __dtors_end = .
 SORT(*)(.ctors)
 SORT(*)(.dtors)
 *(.init0)
 .init0         0x00000054        0x0 c:/winavr-20100110/bin/../lib/gcc/avr/4.3.3/../../../../avr/lib/avr5/crtm32.o
                0x00000054                __init
 *(.init0)
 *(.init1)
 *(.init1)
 *(.init2)
 .init2         0x00000054        0xc c:/winavr-20100110/bin/../lib/gcc/avr/4.3.3/../../../../avr/lib/avr5/crtm32.o
 *(.init2)
 *(.init3)
 *(.init3)
 *(.init4)
 .init4         0x00000060       0x16 c:/winavr-20100110/bin/../lib/gcc/avr/4.3.3/avr5\libgcc.a(_copy_data.o)
                0x00000060                __do_copy_data
 .init4         0x00000076       0x10 c:/winavr-20100110/bin/../lib/gcc/avr/4.3.3/avr5\libgcc.a(_clear_bss.o)
                0x00000076                __do_clear_bss
 *(.init4)
 *(.init5)
 *(.init5)
 *(.init6)
 *(.init6)
 *(.init7)
 *(.init7)
 *(.init8)
 *(.init8)
 *(.init9)
 .init9         0x00000086        0x8 c:/winavr-20100110/bin/../lib/gcc/avr/4.3.3/../../../../avr/lib/avr5/crtm32.o
 *(.init9)
 *(.text)
 .text          0x0000008e        0x4 c:/winavr-20100110/bin/../lib/gcc/avr/4.3.3/../../../../avr/lib/avr5/crtm32.o
                0x0000008e                __vector_12
                0x0000008e                __bad_interrupt
                0x0000008e                __vector_17
                0x0000008e                __vector_19
                0x0000008e                __vector_14
                0x0000008e                __vector_18
                0x0000008e                __vector_20
 .text          0x00000092        0x0 ./MCAL/05UART/UART.o
 .text          0x00000092        0x0 ./MCAL/03ADC/ADC.o
 .text          0x00000092        0x0 ./MCAL/02Timer/Timers.o
 .text          0x00000092        0x0 ./MCAL/01GPIO/GPIO.o
 .text          0x00000092        0x0 ./HAL/Motor.o
 .text          0x00000092        0x0 ./HAL/Servo.o
 .text          0x00000092        0x0 ./HAL/Ultrasonic.o
 .text          0x00000092        0x0 ./UART_Services.o
 .text          0x00000092        0x0 ./main.o
 .text          0x00000092        0x0 c:/winavr-20100110/bin/../lib/gcc/avr/4.3.3/avr5\libgcc.a(_mulsi3.o)
 .text          0x00000092        0x0 c:/winavr-20100110/bin/../lib/gcc/avr/4.3.3/avr5\libgcc.a(_udivmodqi4.o)
 .text          0x00000092        0x0 c:/winavr-20100110/bin/../lib/gcc/avr/4.3.3/avr5\libgcc.a(_udivmodhi4.o)
 .text          0x00000092        0x0 c:/winavr-20100110/bin/../lib/gcc/avr/4.3.3/avr5\libgcc.a(_divmodhi4.o)
 .text          0x00000092        0x0 c:/winavr-20100110/bin/../lib/gcc/avr/4.3.3/avr5\libgcc.a(_udivmodsi4.o)
 .text          0x00000092        0x0 c:/winavr-20100110/bin/../lib/gcc/avr/4.3.3/avr5\libgcc.a(_exit.o)
 .text          0x00000092        0x0 c:/winavr-20100110/bin/../lib/gcc/avr/4.3.3/avr5\libgcc.a(_copy_data.o)
 .text          0x00000092        0x0 c:/winavr-20100110/bin/../lib/gcc/avr/4.3.3/avr5\libgcc.a(_clear_bss.o)
 .text          0x00000092       0x58 c:/winavr-20100110/bin/../lib/gcc/avr/4.3.3/avr5\libgcc.a(_fixunssfsi.o)
                0x00000092                __fixunssfsi
 .text          0x000000ea      0x354 c:/winavr-20100110/bin/../lib/gcc/avr/4.3.3/avr5\libgcc.a(_addsub_sf.o)
                0x00000382                __subsf3
                0x000003e4                __addsf3
 .text          0x0000043e      0x1f4 c:/winavr-20100110/bin/../lib/gcc/avr/4.3.3/avr5\libgcc.a(_mul_sf.o)
                0x0000043e                __mulsf3
 .text          0x00000632      0x158 c:/winavr-20100110/bin/../lib/gcc/avr/4.3.3/avr5\libgcc.a(_div_sf.o)
                0x00000632                __divsf3
 .text          0x0000078a       0x60 c:/winavr-20100110/bin/../lib/gcc/avr/4.3.3/avr5\libgcc.a(_gt_sf.o)
                0x0000078a                __gtsf2
 .text          0x000007ea       0x60 c:/winavr-20100110/bin/../lib/gcc/avr/4.3.3/avr5\libgcc.a(_ge_sf.o)
                0x000007ea                __gesf2
 .text          0x0000084a       0x60 c:/winavr-20100110/bin/../lib/gcc/avr/4.3.3/avr5\libgcc.a(_lt_sf.o)
                0x0000084a                __ltsf2
 .text          0x000008aa       0xa8 c:/winavr-20100110/bin/../lib/gcc/avr/4.3.3/avr5\libgcc.a(_sf_to_si.o)
                0x000008aa                __fixsfsi
 .text          0x00000952        0x0 c:/winavr-20100110/bin/../lib/gcc/avr/4.3.3/avr5\libgcc.a(_thenan_sf.o)
 .text          0x00000952       0xf2 c:/winavr-20100110/bin/../lib/gcc/avr/4.3.3/avr5\libgcc.a(_usi_to_sf.o)
                0x00000952                __floatunsisf
 .text          0x00000a44        0x0 c:/winavr-20100110/bin/../lib/gcc/avr/4.3.3/avr5\libgcc.a(_prologue.o)
 .text          0x00000a44        0x0 c:/winavr-20100110/bin/../lib/gcc/avr/4.3.3/avr5\libgcc.a(_epilogue.o)
 .text          0x00000a44       0x9e c:/winavr-20100110/bin/../lib/gcc/avr/4.3.3/avr5\libgcc.a(_clzsi2.o)
                0x00000a44                __clzsi2
 .text          0x00000ae2      0x1aa c:/winavr-20100110/bin/../lib/gcc/avr/4.3.3/avr5\libgcc.a(_pack_sf.o)
                0x00000ae2                __pack_f
 .text          0x00000c8c       0xf0 c:/winavr-20100110/bin/../lib/gcc/avr/4.3.3/avr5\libgcc.a(_unpack_sf.o)
                0x00000c8c                __unpack_f
 .text          0x00000d7c       0xb2 c:/winavr-20100110/bin/../lib/gcc/avr/4.3.3/avr5\libgcc.a(_fpcmp_parts_sf.o)
                0x00000d7c                __fpcmp_parts_f
 .text          0x00000e2e        0x0 c:/winavr-20100110/bin/../lib/gcc/avr/4.3.3/avr5\libgcc.a(_clz.o)
                0x00000e2e                . = ALIGN (0x2)
 *(.text.*)
 .text.UART_Init
                0x00000e2e       0xaa ./MCAL/05UART/UART.o
                0x00000e2e                UART_Init
 .text.UART_RX_InterruptEnable
                0x00000ed8       0x1c ./MCAL/05UART/UART.o
                0x00000ed8                UART_RX_InterruptEnable
 .text.UART_RX_InterruptDisable
                0x00000ef4       0x1c ./MCAL/05UART/UART.o
                0x00000ef4                UART_RX_InterruptDisable
 .text.UART_TX_InterruptEnable
                0x00000f10       0x1c ./MCAL/05UART/UART.o
                0x00000f10                UART_TX_InterruptEnable
 .text.UART_TX_InterruptDisable
                0x00000f2c       0x1c ./MCAL/05UART/UART.o
                0x00000f2c                UART_TX_InterruptDisable
 .text.UART_RX_SetCallBack
                0x00000f48       0x24 ./MCAL/05UART/UART.o
                0x00000f48                UART_RX_SetCallBack
 .text.UART_TX_SetCallBack
                0x00000f6c       0x24 ./MCAL/05UART/UART.o
                0x00000f6c                UART_TX_SetCallBack
 .text.__vector_13
                0x00000f90       0x66 ./MCAL/05UART/UART.o
                0x00000f90                __vector_13
 .text.__vector_15
                0x00000ff6       0x66 ./MCAL/05UART/UART.o
                0x00000ff6                __vector_15
 .text.UART_SendByteNoBlock
                0x0000105c       0x1c ./MCAL/05UART/UART.o
                0x0000105c                UART_SendByteNoBlock
 .text.UART_ReceiveByteNoBlock
                0x00001078       0x14 ./MCAL/05UART/UART.o
                0x00001078                UART_ReceiveByteNoBlock
 .text.UART_SendByte
                0x0000108c       0x34 ./MCAL/05UART/UART.o
                0x0000108c                UART_SendByte
 .text.UART_ReceiveByte
                0x000010c0       0x1e ./MCAL/05UART/UART.o
                0x000010c0                UART_ReceiveByte
 .text.UART_Receive_NoBlock
                0x000010de       0x3e ./MCAL/05UART/UART.o
                0x000010de                UART_Receive_NoBlock
 .text.ADC_init
                0x0000111c      0x664 ./MCAL/03ADC/ADC.o
                0x0000111c                ADC_init
 .text.ADC_read
                0x00001780       0x56 ./MCAL/03ADC/ADC.o
                0x00001780                ADC_read
 .text.ADC_init_interrupt
                0x000017d6       0x32 ./MCAL/03ADC/ADC.o
                0x000017d6                ADC_init_interrupt
 .text.ADC_change_prescalar
                0x00001808      0x19c ./MCAL/03ADC/ADC.o
                0x00001808                ADC_change_prescalar
 .text.ADC_change_channel
                0x000019a4      0x282 ./MCAL/03ADC/ADC.o
                0x000019a4                ADC_change_channel
 .text.ADC_change_triggersource
                0x00001c26      0x1b0 ./MCAL/03ADC/ADC.o
                0x00001c26                ADC_change_triggersource
 .text.ADC_change_vref
                0x00001dd6       0x78 ./MCAL/03ADC/ADC.o
                0x00001dd6                ADC_change_vref
 .text.ADC_enable
                0x00001e4e       0x1c ./MCAL/03ADC/ADC.o
                0x00001e4e                ADC_enable
 .text.ADC_disable
                0x00001e6a       0x1c ./MCAL/03ADC/ADC.o
                0x00001e6a                ADC_disable
 .text.ADC_start_conversion
                0x00001e86       0x1c ./MCAL/03ADC/ADC.o
                0x00001e86                ADC_start_conversion
 .text.ADC_get_adcregister
                0x00001ea2       0x2a ./MCAL/03ADC/ADC.o
                0x00001ea2                ADC_get_adcregister
 .text.ADC_get_interrupt_flag
                0x00001ecc       0x1a ./MCAL/03ADC/ADC.o
                0x00001ecc                ADC_get_interrupt_flag
 .text.__vector_16
                0x00001ee6       0x66 ./MCAL/03ADC/ADC.o
                0x00001ee6                __vector_16
 .text.TIMER0_Init
                0x00001f4c      0x1ae ./MCAL/02Timer/Timers.o
                0x00001f4c                TIMER0_Init
 .text.TIMER2_Init
                0x000020fa      0x1ae ./MCAL/02Timer/Timers.o
                0x000020fa                TIMER2_Init
 .text.TIMER0_OV_InterruptEnable
                0x000022a8       0x1c ./MCAL/02Timer/Timers.o
                0x000022a8                TIMER0_OV_InterruptEnable
 .text.TIMER0_OV_InterruptDisable
                0x000022c4       0x1c ./MCAL/02Timer/Timers.o
                0x000022c4                TIMER0_OV_InterruptDisable
 .text.TIMER0_OC_InterruptEnable
                0x000022e0       0x1c ./MCAL/02Timer/Timers.o
                0x000022e0                TIMER0_OC_InterruptEnable
 .text.TIMER0_OC_InterruptDisable
                0x000022fc       0x1c ./MCAL/02Timer/Timers.o
                0x000022fc                TIMER0_OC_InterruptDisable
 .text.TIMER0_OVF_SetCallBack
                0x00002318       0x24 ./MCAL/02Timer/Timers.o
                0x00002318                TIMER0_OVF_SetCallBack
 .text.TIMER0_CMP_SetCallBack
                0x0000233c       0x24 ./MCAL/02Timer/Timers.o
                0x0000233c                TIMER0_CMP_SetCallBack
 .text.TIMER0_reload
                0x00002360       0x1c ./MCAL/02Timer/Timers.o
                0x00002360                TIMER0_reload
 .text.TIMER0_Compare_reload
                0x0000237c       0x1c ./MCAL/02Timer/Timers.o
                0x0000237c                TIMER0_Compare_reload
 .text.Get_Current_Timer
                0x00002398       0x14 ./MCAL/02Timer/Timers.o
                0x00002398                Get_Current_Timer
 .text.TIMER0_Stop
                0x000023ac       0x1c ./MCAL/02Timer/Timers.o
                0x000023ac                TIMER0_Stop
 .text.TIMER0_restart
                0x000023c8       0x20 ./MCAL/02Timer/Timers.o
                0x000023c8                TIMER0_restart
 .text.TIMER2_OC_InterruptEnable
                0x000023e8       0x1c ./MCAL/02Timer/Timers.o
                0x000023e8                TIMER2_OC_InterruptEnable
 .text.TIMER2_OC_InterruptDisable
                0x00002404       0x1c ./MCAL/02Timer/Timers.o
                0x00002404                TIMER2_OC_InterruptDisable
 .text.TIMER2_OVF_SetCallBack
                0x00002420       0x24 ./MCAL/02Timer/Timers.o
                0x00002420                TIMER2_OVF_SetCallBack
 .text.TIMER2_CMP_SetCallBack
                0x00002444       0x24 ./MCAL/02Timer/Timers.o
                0x00002444                TIMER2_CMP_SetCallBack
 .text.TIMER2_reload
                0x00002468       0x1c ./MCAL/02Timer/Timers.o
                0x00002468                TIMER2_reload
 .text.TIMER2_Compare_reload
                0x00002484       0x1c ./MCAL/02Timer/Timers.o
                0x00002484                TIMER2_Compare_reload
 .text.Get_Current_Timer2
                0x000024a0       0x14 ./MCAL/02Timer/Timers.o
                0x000024a0                Get_Current_Timer2
 .text.TIMER2_Stop
                0x000024b4       0x1c ./MCAL/02Timer/Timers.o
                0x000024b4                TIMER2_Stop
 .text.TIMER2_restart
                0x000024d0       0x20 ./MCAL/02Timer/Timers.o
                0x000024d0                TIMER2_restart
 .text.Timer2_SetInterruptTime_us
                0x000024f0       0x42 ./MCAL/02Timer/Timers.o
                0x000024f0                Timer2_SetInterruptTime_us
 .text.Timer1_Init
                0x00002532      0x328 ./MCAL/02Timer/Timers.o
                0x00002532                Timer1_Init
 .text.Timer1_InputCaptureEdge
                0x0000285a       0x3e ./MCAL/02Timer/Timers.o
                0x0000285a                Timer1_InputCaptureEdge
 .text.Timer1_reload
                0x00002898       0x24 ./MCAL/02Timer/Timers.o
                0x00002898                Timer1_reload
 .text.Timer1_CompareA_reload
                0x000028bc       0x24 ./MCAL/02Timer/Timers.o
                0x000028bc                Timer1_CompareA_reload
 .text.Timer1_CompareB_reload
                0x000028e0       0x24 ./MCAL/02Timer/Timers.o
                0x000028e0                Timer1_CompareB_reload
 .text.Timer1_ICU_reload
                0x00002904       0x24 ./MCAL/02Timer/Timers.o
                0x00002904                Timer1_ICU_reload
 .text.Get_Current_Timer1
                0x00002928       0x16 ./MCAL/02Timer/Timers.o
                0x00002928                Get_Current_Timer1
 .text.Timer1_Stop
                0x0000293e       0x1c ./MCAL/02Timer/Timers.o
                0x0000293e                Timer1_Stop
 .text.timer1_restart
                0x0000295a       0x24 ./MCAL/02Timer/Timers.o
                0x0000295a                timer1_restart
 .text.Timer1_ICU_InterruptEnable
                0x0000297e       0x1c ./MCAL/02Timer/Timers.o
                0x0000297e                Timer1_ICU_InterruptEnable
 .text.Timer1_ICU_InterruptDisable
                0x0000299a       0x1c ./MCAL/02Timer/Timers.o
                0x0000299a                Timer1_ICU_InterruptDisable
 .text.Timer1_OVF_InterruptEnable
                0x000029b6       0x1c ./MCAL/02Timer/Timers.o
                0x000029b6                Timer1_OVF_InterruptEnable
 .text.Timer1_OVF_InterruptDisable
                0x000029d2       0x1c ./MCAL/02Timer/Timers.o
                0x000029d2                Timer1_OVF_InterruptDisable
 .text.Timer1_OCA_InterruptEnable
                0x000029ee       0x1c ./MCAL/02Timer/Timers.o
                0x000029ee                Timer1_OCA_InterruptEnable
 .text.Timer1_OCA_InterruptDisable
                0x00002a0a       0x1c ./MCAL/02Timer/Timers.o
                0x00002a0a                Timer1_OCA_InterruptDisable
 .text.Timer1_OCB_InterruptEnable
                0x00002a26       0x1c ./MCAL/02Timer/Timers.o
                0x00002a26                Timer1_OCB_InterruptEnable
 .text.Timer1_OCB_InterruptDisable
                0x00002a42       0x1c ./MCAL/02Timer/Timers.o
                0x00002a42                Timer1_OCB_InterruptDisable
 .text.Timer1_OVF_SetCallBack
                0x00002a5e       0x24 ./MCAL/02Timer/Timers.o
                0x00002a5e                Timer1_OVF_SetCallBack
 .text.Timer1_OCA_SetCallBack
                0x00002a82       0x24 ./MCAL/02Timer/Timers.o
                0x00002a82                Timer1_OCA_SetCallBack
 .text.Timer1_OCB_SetCallBack
                0x00002aa6       0x24 ./MCAL/02Timer/Timers.o
                0x00002aa6                Timer1_OCB_SetCallBack
 .text.Timer1_ICU_SetCallBack
                0x00002aca       0x24 ./MCAL/02Timer/Timers.o
                0x00002aca                Timer1_ICU_SetCallBack
 .text.__vector_10
                0x00002aee       0x66 ./MCAL/02Timer/Timers.o
                0x00002aee                __vector_10
 .text.__vector_5
                0x00002b54       0x66 ./MCAL/02Timer/Timers.o
                0x00002b54                __vector_5
 .text.__vector_4
                0x00002bba       0x66 ./MCAL/02Timer/Timers.o
                0x00002bba                __vector_4
 .text.__vector_9
                0x00002c20       0x66 ./MCAL/02Timer/Timers.o
                0x00002c20                __vector_9
 .text.__vector_7
                0x00002c86       0x66 ./MCAL/02Timer/Timers.o
                0x00002c86                __vector_7
 .text.__vector_8
                0x00002cec       0x66 ./MCAL/02Timer/Timers.o
                0x00002cec                __vector_8
 .text.__vector_6
                0x00002d52       0x66 ./MCAL/02Timer/Timers.o
                0x00002d52                __vector_6
 .text.PWM_Init
                0x00002db8       0x1a ./MCAL/02Timer/Timers.o
                0x00002db8                PWM_Init
 .text.PWM_Freq_KHZ_
                0x00002dd2       0x5a ./MCAL/02Timer/Timers.o
                0x00002dd2                PWM_Freq_KHZ_
 .text.PWM_Freq_HZ
                0x00002e2c       0x68 ./MCAL/02Timer/Timers.o
                0x00002e2c                PWM_Freq_HZ
 .text.AnalogWrite
                0x00002e94       0x5e ./MCAL/02Timer/Timers.o
                0x00002e94                AnalogWrite
 .text.PWM_Duty
                0x00002ef2       0x98 ./MCAL/02Timer/Timers.o
                0x00002ef2                PWM_Duty
 .text.Timer1_SetInterruptTime_us
                0x00002f8a       0x5a ./MCAL/02Timer/Timers.o
                0x00002f8a                Timer1_SetInterruptTime_us
 .text.GPIO_init_pin
                0x00002fe4       0xa8 ./MCAL/01GPIO/GPIO.o
                0x00002fe4                GPIO_init_pin
 .text.GPIO_init_port
                0x0000308c       0x32 ./MCAL/01GPIO/GPIO.o
                0x0000308c                GPIO_init_port
 .text.GPIO_init_port_mask
                0x000030be       0x4a ./MCAL/01GPIO/GPIO.o
                0x000030be                GPIO_init_port_mask
 .text.GPIO_write_pin
                0x00003108       0xa2 ./MCAL/01GPIO/GPIO.o
                0x00003108                GPIO_write_pin
 .text.GPIO_write_port
                0x000031aa       0x32 ./MCAL/01GPIO/GPIO.o
                0x000031aa                GPIO_write_port
 .text.GPIO_write_port_set_mask
                0x000031dc       0x4a ./MCAL/01GPIO/GPIO.o
                0x000031dc                GPIO_write_port_set_mask
 .text.GPIO_write_port_clear_mask
                0x00003226       0x4e ./MCAL/01GPIO/GPIO.o
                0x00003226                GPIO_write_port_clear_mask
 .text.GPIO_write_port_mask
                0x00003274       0x58 ./MCAL/01GPIO/GPIO.o
                0x00003274                GPIO_write_port_mask
 .text.GPIO_read_pin_argument
                0x000032cc       0x70 ./MCAL/01GPIO/GPIO.o
                0x000032cc                GPIO_read_pin_argument
 .text.GPIO_read_pin
                0x0000333c       0x4a ./MCAL/01GPIO/GPIO.o
                0x0000333c                GPIO_read_pin
 .text.GPIO_read_port_argument
                0x00003386       0x50 ./MCAL/01GPIO/GPIO.o
                0x00003386                GPIO_read_port_argument
 .text.GPIO_read_port
                0x000033d6       0x2c ./MCAL/01GPIO/GPIO.o
                0x000033d6                GPIO_read_port
 .text.GPIO_set_pullup
                0x00003402       0x8e ./MCAL/01GPIO/GPIO.o
                0x00003402                GPIO_set_pullup
 .text.GPIO_set_pulldown
                0x00003490       0x78 ./MCAL/01GPIO/GPIO.o
                0x00003490                GPIO_set_pulldown
 .text.GPIO_set_gpiopad
                0x00003508       0x7e ./MCAL/01GPIO/GPIO.o
                0x00003508                GPIO_set_gpiopad
 .text.init_GPIO_INT0_interrupt
                0x00003586       0xd4 ./MCAL/01GPIO/GPIO.o
 .text.init_GPIO_INT1_interrupt
                0x0000365a       0xd4 ./MCAL/01GPIO/GPIO.o
 .text.init_GPIO_INT2_interrupt
                0x0000372e       0x68 ./MCAL/01GPIO/GPIO.o
 .text.GPIO_init_interrupt
                0x00003796       0x52 ./MCAL/01GPIO/GPIO.o
                0x00003796                GPIO_init_interrupt
 .text.GPIOInterrupt_SetEdge
                0x000037e8       0x5a ./MCAL/01GPIO/GPIO.o
                0x000037e8                GPIOInterrupt_SetEdge
 .text.GPIOInterrupt_SetCallBack
                0x00003842       0x24 ./MCAL/01GPIO/GPIO.o
                0x00003842                GPIOInterrupt_SetCallBack
 .text.__vector_1
                0x00003866       0x5a ./MCAL/01GPIO/GPIO.o
                0x00003866                __vector_1
 .text.__vector_3
                0x000038c0       0x5a ./MCAL/01GPIO/GPIO.o
                0x000038c0                __vector_3
 .text.MotorInit
                0x0000391a       0x64 ./HAL/Motor.o
                0x0000391a                MotorInit
 .text.MotorForward
                0x0000397e       0x5c ./HAL/Motor.o
                0x0000397e                MotorForward
 .text.MotorBackward
                0x000039da       0x5c ./HAL/Motor.o
                0x000039da                MotorBackward
 .text.MotorLeft
                0x00003a36       0x5c ./HAL/Motor.o
                0x00003a36                MotorLeft
 .text.MotorRight
                0x00003a92       0x5c ./HAL/Motor.o
                0x00003a92                MotorRight
 .text.MotorStop
                0x00003aee       0x5c ./HAL/Motor.o
                0x00003aee                MotorStop
 .text.ServoHandler
                0x00003b4a       0x6a ./HAL/Servo.o
                0x00003b4a                ServoHandler
 .text.Servo_init
                0x00003bb4       0x26 ./HAL/Servo.o
                0x00003bb4                Servo_init
 .text.Servo_Write
                0x00003bda       0x68 ./HAL/Servo.o
                0x00003bda                Servo_Write
 .text.ultrasonic_init
                0x00003c42       0x4a ./HAL/Ultrasonic.o
                0x00003c42                ultrasonic_init
 .text.enable_ex_interrupt
                0x00003c8c       0x2a ./HAL/Ultrasonic.o
                0x00003c8c                enable_ex_interrupt
 .text.ultra_triger
                0x00003cb6      0x1ce ./HAL/Ultrasonic.o
                0x00003cb6                ultra_triger
 .text.__vector_2
                0x00003e84      0x102 ./HAL/Ultrasonic.o
                0x00003e84                __vector_2
 .text.__vector_11
                0x00003f86       0x56 ./HAL/Ultrasonic.o
                0x00003f86                __vector_11
 .text.UART_SendString
                0x00003fdc       0x52 ./UART_Services.o
                0x00003fdc                UART_SendString
 .text.UART_SendString_Asynch
                0x0000402e       0x3a ./UART_Services.o
                0x0000402e                UART_SendString_Asynch
 .text.Func_TX  0x00004068       0x5c ./UART_Services.o
 .text.UART_SendString_Asynch_NocodeInInt
                0x000040c4       0x70 ./UART_Services.o
                0x000040c4                UART_SendString_Asynch_NocodeInInt
 .text.Send_Int_Function2
                0x00004134       0x14 ./UART_Services.o
 .text.UART_ReceiveString
                0x00004148       0x86 ./UART_Services.o
                0x00004148                UART_ReceiveString
 .text.UART_ReceiveString_Asynch
                0x000041ce       0x30 ./UART_Services.o
                0x000041ce                UART_ReceiveString_Asynch
 .text.Receive_Int_Function
                0x000041fe       0x66 ./UART_Services.o
 .text.UART_SendString_MYProtocol
                0x00004264       0xac ./UART_Services.o
                0x00004264                UART_SendString_MYProtocol
 .text.UART_ReceiveString_MyProtocol
                0x00004310       0xd0 ./UART_Services.o
                0x00004310                UART_ReceiveString_MyProtocol
 .text.HeartRateHandler
                0x000043e0       0xc4 ./main.o
                0x000043e0                HeartRateHandler
 .text.RecieveFromBt
                0x000044a4       0x46 ./main.o
                0x000044a4                RecieveFromBt
 .text.main     0x000044ea       0x54 ./main.o
                0x000044ea                main
 .text.RobotMovment
                0x0000453e      0x2f6 ./main.o
                0x0000453e                RobotMovment
 .text.ServoMovment
                0x00004834       0x94 ./main.o
                0x00004834                ServoMovment
 .text.libgcc   0x000048c8       0x3e c:/winavr-20100110/bin/../lib/gcc/avr/4.3.3/avr5\libgcc.a(_mulsi3.o)
                0x000048c8                __mulsi3
 .text.libgcc   0x00004906       0x18 c:/winavr-20100110/bin/../lib/gcc/avr/4.3.3/avr5\libgcc.a(_udivmodqi4.o)
                0x00004906                __udivmodqi4
 .text.libgcc   0x0000491e       0x28 c:/winavr-20100110/bin/../lib/gcc/avr/4.3.3/avr5\libgcc.a(_udivmodhi4.o)
                0x0000491e                __udivmodhi4
 .text.libgcc   0x00004946       0x26 c:/winavr-20100110/bin/../lib/gcc/avr/4.3.3/avr5\libgcc.a(_divmodhi4.o)
                0x00004946                __divmodhi4
                0x00004946                _div
 .text.libgcc   0x0000496c       0x44 c:/winavr-20100110/bin/../lib/gcc/avr/4.3.3/avr5\libgcc.a(_udivmodsi4.o)
                0x0000496c                __udivmodsi4
 .text.libgcc   0x000049b0        0x0 c:/winavr-20100110/bin/../lib/gcc/avr/4.3.3/avr5\libgcc.a(_exit.o)
 .text.libgcc   0x000049b0        0x0 c:/winavr-20100110/bin/../lib/gcc/avr/4.3.3/avr5\libgcc.a(_copy_data.o)
 .text.libgcc   0x000049b0        0x0 c:/winavr-20100110/bin/../lib/gcc/avr/4.3.3/avr5\libgcc.a(_clear_bss.o)
 .text.libgcc   0x000049b0       0x38 c:/winavr-20100110/bin/../lib/gcc/avr/4.3.3/avr5\libgcc.a(_prologue.o)
                0x000049b0                __prologue_saves__
 .text.libgcc   0x000049e8       0x36 c:/winavr-20100110/bin/../lib/gcc/avr/4.3.3/avr5\libgcc.a(_epilogue.o)
                0x000049e8                __epilogue_restores__
                0x00004a1e                . = ALIGN (0x2)
 *(.fini9)
 .fini9         0x00004a1e        0x0 c:/winavr-20100110/bin/../lib/gcc/avr/4.3.3/avr5\libgcc.a(_exit.o)
                0x00004a1e                exit
                0x00004a1e                _exit
 *(.fini9)
 *(.fini8)
 *(.fini8)
 *(.fini7)
 *(.fini7)
 *(.fini6)
 *(.fini6)
 *(.fini5)
 *(.fini5)
 *(.fini4)
 *(.fini4)
 *(.fini3)
 *(.fini3)
 *(.fini2)
 *(.fini2)
 *(.fini1)
 *(.fini1)
 *(.fini0)
 .fini0         0x00004a1e        0x4 c:/winavr-20100110/bin/../lib/gcc/avr/4.3.3/avr5\libgcc.a(_exit.o)
 *(.fini0)
                0x00004a22                _etext = .

.data           0x00800060      0x1fc load address 0x00004a22
                0x00800060                PROVIDE (__data_start, .)
 *(.data)
 .data          0x00800060        0x0 c:/winavr-20100110/bin/../lib/gcc/avr/4.3.3/../../../../avr/lib/avr5/crtm32.o
 .data          0x00800060        0x0 ./MCAL/05UART/UART.o
 .data          0x00800060        0x0 ./MCAL/03ADC/ADC.o
 .data          0x00800060        0x0 ./MCAL/02Timer/Timers.o
 .data          0x00800060        0x0 ./MCAL/01GPIO/GPIO.o
 .data          0x00800060        0x0 ./HAL/Motor.o
 .data          0x00800060        0x0 ./HAL/Servo.o
 .data          0x00800060        0x0 ./HAL/Ultrasonic.o
 .data          0x00800060        0x0 ./UART_Services.o
 .data          0x00800060       0x79 ./main.o
 .data          0x008000d9        0x0 c:/winavr-20100110/bin/../lib/gcc/avr/4.3.3/avr5\libgcc.a(_mulsi3.o)
 .data          0x008000d9        0x0 c:/winavr-20100110/bin/../lib/gcc/avr/4.3.3/avr5\libgcc.a(_udivmodqi4.o)
 .data          0x008000d9        0x0 c:/winavr-20100110/bin/../lib/gcc/avr/4.3.3/avr5\libgcc.a(_udivmodhi4.o)
 .data          0x008000d9        0x0 c:/winavr-20100110/bin/../lib/gcc/avr/4.3.3/avr5\libgcc.a(_divmodhi4.o)
 .data          0x008000d9        0x0 c:/winavr-20100110/bin/../lib/gcc/avr/4.3.3/avr5\libgcc.a(_udivmodsi4.o)
 .data          0x008000d9        0x0 c:/winavr-20100110/bin/../lib/gcc/avr/4.3.3/avr5\libgcc.a(_exit.o)
 .data          0x008000d9        0x0 c:/winavr-20100110/bin/../lib/gcc/avr/4.3.3/avr5\libgcc.a(_copy_data.o)
 .data          0x008000d9        0x0 c:/winavr-20100110/bin/../lib/gcc/avr/4.3.3/avr5\libgcc.a(_clear_bss.o)
 .data          0x008000d9        0x0 c:/winavr-20100110/bin/../lib/gcc/avr/4.3.3/avr5\libgcc.a(_fixunssfsi.o)
 .data          0x008000d9        0x0 c:/winavr-20100110/bin/../lib/gcc/avr/4.3.3/avr5\libgcc.a(_addsub_sf.o)
 .data          0x008000d9        0x0 c:/winavr-20100110/bin/../lib/gcc/avr/4.3.3/avr5\libgcc.a(_mul_sf.o)
 .data          0x008000d9        0x0 c:/winavr-20100110/bin/../lib/gcc/avr/4.3.3/avr5\libgcc.a(_div_sf.o)
 .data          0x008000d9        0x0 c:/winavr-20100110/bin/../lib/gcc/avr/4.3.3/avr5\libgcc.a(_gt_sf.o)
 .data          0x008000d9        0x0 c:/winavr-20100110/bin/../lib/gcc/avr/4.3.3/avr5\libgcc.a(_ge_sf.o)
 .data          0x008000d9        0x0 c:/winavr-20100110/bin/../lib/gcc/avr/4.3.3/avr5\libgcc.a(_lt_sf.o)
 .data          0x008000d9        0x0 c:/winavr-20100110/bin/../lib/gcc/avr/4.3.3/avr5\libgcc.a(_sf_to_si.o)
 .data          0x008000d9        0x8 c:/winavr-20100110/bin/../lib/gcc/avr/4.3.3/avr5\libgcc.a(_thenan_sf.o)
                0x008000d9                __thenan_sf
 .data          0x008000e1        0x0 c:/winavr-20100110/bin/../lib/gcc/avr/4.3.3/avr5\libgcc.a(_usi_to_sf.o)
 .data          0x008000e1        0x0 c:/winavr-20100110/bin/../lib/gcc/avr/4.3.3/avr5\libgcc.a(_prologue.o)
 .data          0x008000e1        0x0 c:/winavr-20100110/bin/../lib/gcc/avr/4.3.3/avr5\libgcc.a(_epilogue.o)
 .data          0x008000e1        0x0 c:/winavr-20100110/bin/../lib/gcc/avr/4.3.3/avr5\libgcc.a(_clzsi2.o)
 .data          0x008000e1        0x0 c:/winavr-20100110/bin/../lib/gcc/avr/4.3.3/avr5\libgcc.a(_pack_sf.o)
 .data          0x008000e1        0x0 c:/winavr-20100110/bin/../lib/gcc/avr/4.3.3/avr5\libgcc.a(_unpack_sf.o)
 .data          0x008000e1        0x0 c:/winavr-20100110/bin/../lib/gcc/avr/4.3.3/avr5\libgcc.a(_fpcmp_parts_sf.o)
 .data          0x008000e1      0x100 c:/winavr-20100110/bin/../lib/gcc/avr/4.3.3/avr5\libgcc.a(_clz.o)
                0x008000e1                __clz_tab
 *(.data*)
 .data.registers_dir
                0x008001e1        0x8 ./MCAL/01GPIO/GPIO.o
                0x008001e1                registers_dir
 .data.registers_data
                0x008001e9        0x8 ./MCAL/01GPIO/GPIO.o
                0x008001e9                registers_data
 .data.registers_input
                0x008001f1        0x8 ./MCAL/01GPIO/GPIO.o
                0x008001f1                registers_input
 .data.flag     0x008001f9        0x1 ./UART_Services.o
 .data.i.1260   0x008001fa        0x1 ./UART_Services.o
 *(.rodata)
 *(.rodata*)
 .rodata.BaudRateArray
                0x008001fb       0x60 ./MCAL/05UART/UART.o
                0x008001fb                BaudRateArray
 *(.gnu.linkonce.d*)
                0x0080025c                . = ALIGN (0x2)
 *fill*         0x0080025b        0x1 00
                0x0080025c                _edata = .
                0x0080025c                PROVIDE (__data_end, .)

.bss            0x0080025c       0x8e
                0x0080025c                PROVIDE (__bss_start, .)
 *(.bss)
 .bss           0x0080025c        0x0 c:/winavr-20100110/bin/../lib/gcc/avr/4.3.3/../../../../avr/lib/avr5/crtm32.o
 .bss           0x0080025c        0x0 ./MCAL/05UART/UART.o
 .bss           0x0080025c        0x0 ./MCAL/03ADC/ADC.o
 .bss           0x0080025c        0x0 ./MCAL/02Timer/Timers.o
 .bss           0x0080025c        0x0 ./MCAL/01GPIO/GPIO.o
 .bss           0x0080025c        0x0 ./HAL/Motor.o
 .bss           0x0080025c        0x0 ./HAL/Servo.o
 .bss           0x0080025c        0x0 ./HAL/Ultrasonic.o
 .bss           0x0080025c        0x0 ./UART_Services.o
 .bss           0x0080025c        0x0 ./main.o
 .bss           0x0080025c        0x0 c:/winavr-20100110/bin/../lib/gcc/avr/4.3.3/avr5\libgcc.a(_mulsi3.o)
 .bss           0x0080025c        0x0 c:/winavr-20100110/bin/../lib/gcc/avr/4.3.3/avr5\libgcc.a(_udivmodqi4.o)
 .bss           0x0080025c        0x0 c:/winavr-20100110/bin/../lib/gcc/avr/4.3.3/avr5\libgcc.a(_udivmodhi4.o)
 .bss           0x0080025c        0x0 c:/winavr-20100110/bin/../lib/gcc/avr/4.3.3/avr5\libgcc.a(_divmodhi4.o)
 .bss           0x0080025c        0x0 c:/winavr-20100110/bin/../lib/gcc/avr/4.3.3/avr5\libgcc.a(_udivmodsi4.o)
 .bss           0x0080025c        0x0 c:/winavr-20100110/bin/../lib/gcc/avr/4.3.3/avr5\libgcc.a(_exit.o)
 .bss           0x0080025c        0x0 c:/winavr-20100110/bin/../lib/gcc/avr/4.3.3/avr5\libgcc.a(_copy_data.o)
 .bss           0x0080025c        0x0 c:/winavr-20100110/bin/../lib/gcc/avr/4.3.3/avr5\libgcc.a(_clear_bss.o)
 .bss           0x0080025c        0x0 c:/winavr-20100110/bin/../lib/gcc/avr/4.3.3/avr5\libgcc.a(_fixunssfsi.o)
 .bss           0x0080025c        0x0 c:/winavr-20100110/bin/../lib/gcc/avr/4.3.3/avr5\libgcc.a(_addsub_sf.o)
 .bss           0x0080025c        0x0 c:/winavr-20100110/bin/../lib/gcc/avr/4.3.3/avr5\libgcc.a(_mul_sf.o)
 .bss           0x0080025c        0x0 c:/winavr-20100110/bin/../lib/gcc/avr/4.3.3/avr5\libgcc.a(_div_sf.o)
 .bss           0x0080025c        0x0 c:/winavr-20100110/bin/../lib/gcc/avr/4.3.3/avr5\libgcc.a(_gt_sf.o)
 .bss           0x0080025c        0x0 c:/winavr-20100110/bin/../lib/gcc/avr/4.3.3/avr5\libgcc.a(_ge_sf.o)
 .bss           0x0080025c        0x0 c:/winavr-20100110/bin/../lib/gcc/avr/4.3.3/avr5\libgcc.a(_lt_sf.o)
 .bss           0x0080025c        0x0 c:/winavr-20100110/bin/../lib/gcc/avr/4.3.3/avr5\libgcc.a(_sf_to_si.o)
 .bss           0x0080025c        0x0 c:/winavr-20100110/bin/../lib/gcc/avr/4.3.3/avr5\libgcc.a(_thenan_sf.o)
 .bss           0x0080025c        0x0 c:/winavr-20100110/bin/../lib/gcc/avr/4.3.3/avr5\libgcc.a(_usi_to_sf.o)
 .bss           0x0080025c        0x0 c:/winavr-20100110/bin/../lib/gcc/avr/4.3.3/avr5\libgcc.a(_prologue.o)
 .bss           0x0080025c        0x0 c:/winavr-20100110/bin/../lib/gcc/avr/4.3.3/avr5\libgcc.a(_epilogue.o)
 .bss           0x0080025c        0x0 c:/winavr-20100110/bin/../lib/gcc/avr/4.3.3/avr5\libgcc.a(_clzsi2.o)
 .bss           0x0080025c        0x0 c:/winavr-20100110/bin/../lib/gcc/avr/4.3.3/avr5\libgcc.a(_pack_sf.o)
 .bss           0x0080025c        0x0 c:/winavr-20100110/bin/../lib/gcc/avr/4.3.3/avr5\libgcc.a(_unpack_sf.o)
 .bss           0x0080025c        0x0 c:/winavr-20100110/bin/../lib/gcc/avr/4.3.3/avr5\libgcc.a(_fpcmp_parts_sf.o)
 .bss           0x0080025c        0x0 c:/winavr-20100110/bin/../lib/gcc/avr/4.3.3/avr5\libgcc.a(_clz.o)
 *(.bss*)
 .bss.UART_RX_Fptr
                0x0080025c        0x2 ./MCAL/05UART/UART.o
 .bss.UART_TX_Fptr
                0x0080025e        0x2 ./MCAL/05UART/UART.o
 .bss.adcInterrupt
                0x00800260        0x2 ./MCAL/03ADC/ADC.o
 .bss.flag      0x00800262        0x2 ./MCAL/02Timer/Timers.o
                0x00800262                flag
 .bss.scaler0_global
                0x00800264        0x1 ./MCAL/02Timer/Timers.o
 .bss.scaler1_global
                0x00800265        0x1 ./MCAL/02Timer/Timers.o
 .bss.scaler2_global
                0x00800266        0x1 ./MCAL/02Timer/Timers.o
 .bss.TIMER0_OVF_Fptr
                0x00800267        0x2 ./MCAL/02Timer/Timers.o
 .bss.TIMER0_CMP_Fptr
                0x00800269        0x2 ./MCAL/02Timer/Timers.o
 .bss.TIMER2_OVF_Fptr
                0x0080026b        0x2 ./MCAL/02Timer/Timers.o
 .bss.TIMER2_CMP_Fptr
                0x0080026d        0x2 ./MCAL/02Timer/Timers.o
 .bss.Timer1_OVF_Fptr
                0x0080026f        0x2 ./MCAL/02Timer/Timers.o
 .bss.Timer1_OCA_Fptr
                0x00800271        0x2 ./MCAL/02Timer/Timers.o
 .bss.Timer1_OCB_Fptr
                0x00800273        0x2 ./MCAL/02Timer/Timers.o
 .bss.Timer1_ICU_Fptr
                0x00800275        0x2 ./MCAL/02Timer/Timers.o
 .bss.GPIO_int0_ptr
                0x00800277        0x2 ./MCAL/01GPIO/GPIO.o
 .bss.GPIO_int1_ptr
                0x00800279        0x2 ./MCAL/01GPIO/GPIO.o
 .bss.GPIO_int2_ptr
                0x0080027b        0x2 ./MCAL/01GPIO/GPIO.o
 .bss.tick      0x0080027d        0x2 ./HAL/Servo.o
 .bss.duty      0x0080027f        0x2 ./HAL/Servo.o
 .bss.sensor_working
                0x00800281        0x1 ./HAL/Ultrasonic.o
                0x00800281                sensor_working
 .bss.rising_edge
                0x00800282        0x1 ./HAL/Ultrasonic.o
                0x00800282                rising_edge
 .bss.timer_counter
                0x00800283        0x4 ./HAL/Ultrasonic.o
                0x00800283                timer_counter
 .bss.i.1279    0x00800287        0x1 ./UART_Services.o
 .bss.jcount    0x00800288        0x2 ./UART_Services.o
                0x00800288                jcount
 .bss.i.1324    0x0080028a        0x1 ./UART_Services.o
 .bss.Asynch_Send_Str
                0x0080028b        0x2 ./UART_Services.o
 .bss.Asynch_receive_str
                0x0080028d        0x2 ./UART_Services.o
 .bss.tick      0x0080028f        0x4 ./main.o
 .bss.cnt       0x00800293        0x1 ./main.o
                0x00800293                cnt
 .bss.values    0x00800294       0x40 ./main.o
                0x00800294                values
 .bss.recieved_buffer
                0x008002d4        0xa ./main.o
                0x008002d4                recieved_buffer
 .bss.stopflag  0x008002de        0x1 ./main.o
                0x008002de                stopflag
 .bss.i         0x008002df        0x1 ./main.o
                0x008002df                i
 *(COMMON)
 COMMON         0x008002e0        0x6 ./MCAL/02Timer/Timers.o
                0x008002e0                t3
                0x008002e2                t2
                0x008002e4                t1
 COMMON         0x008002e6        0x4 ./HAL/Ultrasonic.o
                0x008002e6                distance
                0x008002ea                PROVIDE (__bss_end, .)
                0x00004a22                __data_load_start = LOADADDR (.data)
                0x00004c1e                __data_load_end = (__data_load_start + SIZEOF (.data))

.noinit         0x008002ea        0x0
                0x008002ea                PROVIDE (__noinit_start, .)
 *(.noinit*)
                0x008002ea                PROVIDE (__noinit_end, .)
                0x008002ea                _end = .
                0x008002ea                PROVIDE (__heap_start, .)

.eeprom         0x00810000        0x0
 *(.eeprom*)
                0x00810000                __eeprom_end = .

.fuse
 *(.fuse)
 *(.lfuse)
 *(.hfuse)
 *(.efuse)

.lock
 *(.lock*)

.signature
 *(.signature*)

.stab           0x00000000     0x5760
 *(.stab)
 .stab          0x00000000      0x618 ./MCAL/05UART/UART.o
 .stab          0x00000618     0x1068 ./MCAL/03ADC/ADC.o
                               0x1074 (size before relaxing)
 .stab          0x00001680     0x1530 ./MCAL/02Timer/Timers.o
                               0x153c (size before relaxing)
 .stab          0x00002bb0      0xee8 ./MCAL/01GPIO/GPIO.o
                                0xef4 (size before relaxing)
 .stab          0x00003a98      0x6a8 ./HAL/Motor.o
                                0x6b4 (size before relaxing)
 .stab          0x00004140      0x264 ./HAL/Servo.o
                                0x660 (size before relaxing)
 .stab          0x000043a4      0x4e0 ./HAL/Ultrasonic.o
                                0x7c8 (size before relaxing)
 .stab          0x00004884      0x720 ./UART_Services.o
                                0x7c8 (size before relaxing)
 .stab          0x00004fa4      0x7bc ./main.o
                                0xc78 (size before relaxing)

.stabstr        0x00000000     0x4039
 *(.stabstr)
 .stabstr       0x00000000     0x4039 ./MCAL/05UART/UART.o

.stab.excl
 *(.stab.excl)

.stab.exclstr
 *(.stab.exclstr)

.stab.index
 *(.stab.index)

.stab.indexstr
 *(.stab.indexstr)

.comment
 *(.comment)

.debug
 *(.debug)

.line
 *(.line)

.debug_srcinfo
 *(.debug_srcinfo)

.debug_sfnames
 *(.debug_sfnames)

.debug_aranges  0x00000000      0x1a0
 *(.debug_aranges)
 .debug_aranges
                0x00000000       0x20 c:/winavr-20100110/bin/../lib/gcc/avr/4.3.3/avr5\libgcc.a(_fixunssfsi.o)
 .debug_aranges
                0x00000020       0x20 c:/winavr-20100110/bin/../lib/gcc/avr/4.3.3/avr5\libgcc.a(_addsub_sf.o)
 .debug_aranges
                0x00000040       0x20 c:/winavr-20100110/bin/../lib/gcc/avr/4.3.3/avr5\libgcc.a(_mul_sf.o)
 .debug_aranges
                0x00000060       0x20 c:/winavr-20100110/bin/../lib/gcc/avr/4.3.3/avr5\libgcc.a(_div_sf.o)
 .debug_aranges
                0x00000080       0x20 c:/winavr-20100110/bin/../lib/gcc/avr/4.3.3/avr5\libgcc.a(_gt_sf.o)
 .debug_aranges
                0x000000a0       0x20 c:/winavr-20100110/bin/../lib/gcc/avr/4.3.3/avr5\libgcc.a(_ge_sf.o)
 .debug_aranges
                0x000000c0       0x20 c:/winavr-20100110/bin/../lib/gcc/avr/4.3.3/avr5\libgcc.a(_lt_sf.o)
 .debug_aranges
                0x000000e0       0x20 c:/winavr-20100110/bin/../lib/gcc/avr/4.3.3/avr5\libgcc.a(_sf_to_si.o)
 .debug_aranges
                0x00000100       0x20 c:/winavr-20100110/bin/../lib/gcc/avr/4.3.3/avr5\libgcc.a(_usi_to_sf.o)
 .debug_aranges
                0x00000120       0x20 c:/winavr-20100110/bin/../lib/gcc/avr/4.3.3/avr5\libgcc.a(_clzsi2.o)
 .debug_aranges
                0x00000140       0x20 c:/winavr-20100110/bin/../lib/gcc/avr/4.3.3/avr5\libgcc.a(_pack_sf.o)
 .debug_aranges
                0x00000160       0x20 c:/winavr-20100110/bin/../lib/gcc/avr/4.3.3/avr5\libgcc.a(_unpack_sf.o)
 .debug_aranges
                0x00000180       0x20 c:/winavr-20100110/bin/../lib/gcc/avr/4.3.3/avr5\libgcc.a(_fpcmp_parts_sf.o)

.debug_pubnames
                0x00000000      0x1f2
 *(.debug_pubnames)
 .debug_pubnames
                0x00000000       0x23 c:/winavr-20100110/bin/../lib/gcc/avr/4.3.3/avr5\libgcc.a(_fixunssfsi.o)
 .debug_pubnames
                0x00000023       0x2c c:/winavr-20100110/bin/../lib/gcc/avr/4.3.3/avr5\libgcc.a(_addsub_sf.o)
 .debug_pubnames
                0x0000004f       0x1f c:/winavr-20100110/bin/../lib/gcc/avr/4.3.3/avr5\libgcc.a(_mul_sf.o)
 .debug_pubnames
                0x0000006e       0x1f c:/winavr-20100110/bin/../lib/gcc/avr/4.3.3/avr5\libgcc.a(_div_sf.o)
 .debug_pubnames
                0x0000008d       0x1e c:/winavr-20100110/bin/../lib/gcc/avr/4.3.3/avr5\libgcc.a(_gt_sf.o)
 .debug_pubnames
                0x000000ab       0x1e c:/winavr-20100110/bin/../lib/gcc/avr/4.3.3/avr5\libgcc.a(_ge_sf.o)
 .debug_pubnames
                0x000000c9       0x1e c:/winavr-20100110/bin/../lib/gcc/avr/4.3.3/avr5\libgcc.a(_lt_sf.o)
 .debug_pubnames
                0x000000e7       0x20 c:/winavr-20100110/bin/../lib/gcc/avr/4.3.3/avr5\libgcc.a(_sf_to_si.o)
 .debug_pubnames
                0x00000107       0x22 c:/winavr-20100110/bin/../lib/gcc/avr/4.3.3/avr5\libgcc.a(_thenan_sf.o)
 .debug_pubnames
                0x00000129       0x24 c:/winavr-20100110/bin/../lib/gcc/avr/4.3.3/avr5\libgcc.a(_usi_to_sf.o)
 .debug_pubnames
                0x0000014d       0x1f c:/winavr-20100110/bin/../lib/gcc/avr/4.3.3/avr5\libgcc.a(_clzsi2.o)
 .debug_pubnames
                0x0000016c       0x1f c:/winavr-20100110/bin/../lib/gcc/avr/4.3.3/avr5\libgcc.a(_pack_sf.o)
 .debug_pubnames
                0x0000018b       0x21 c:/winavr-20100110/bin/../lib/gcc/avr/4.3.3/avr5\libgcc.a(_unpack_sf.o)
 .debug_pubnames
                0x000001ac       0x26 c:/winavr-20100110/bin/../lib/gcc/avr/4.3.3/avr5\libgcc.a(_fpcmp_parts_sf.o)
 .debug_pubnames
                0x000001d2       0x20 c:/winavr-20100110/bin/../lib/gcc/avr/4.3.3/avr5\libgcc.a(_clz.o)

.debug_info     0x00000000     0x240b
 *(.debug_info)
 .debug_info    0x00000000       0xb1 c:/winavr-20100110/bin/../lib/gcc/avr/4.3.3/avr5\libgcc.a(_fixunssfsi.o)
 .debug_info    0x000000b1      0x47a c:/winavr-20100110/bin/../lib/gcc/avr/4.3.3/avr5\libgcc.a(_addsub_sf.o)
 .debug_info    0x0000052b      0x485 c:/winavr-20100110/bin/../lib/gcc/avr/4.3.3/avr5\libgcc.a(_mul_sf.o)
 .debug_info    0x000009b0      0x3fc c:/winavr-20100110/bin/../lib/gcc/avr/4.3.3/avr5\libgcc.a(_div_sf.o)
 .debug_info    0x00000dac      0x27f c:/winavr-20100110/bin/../lib/gcc/avr/4.3.3/avr5\libgcc.a(_gt_sf.o)
 .debug_info    0x0000102b      0x27f c:/winavr-20100110/bin/../lib/gcc/avr/4.3.3/avr5\libgcc.a(_ge_sf.o)
 .debug_info    0x000012aa      0x27f c:/winavr-20100110/bin/../lib/gcc/avr/4.3.3/avr5\libgcc.a(_lt_sf.o)
 .debug_info    0x00001529      0x2b0 c:/winavr-20100110/bin/../lib/gcc/avr/4.3.3/avr5\libgcc.a(_sf_to_si.o)
 .debug_info    0x000017d9      0x12c c:/winavr-20100110/bin/../lib/gcc/avr/4.3.3/avr5\libgcc.a(_thenan_sf.o)
 .debug_info    0x00001905      0x206 c:/winavr-20100110/bin/../lib/gcc/avr/4.3.3/avr5\libgcc.a(_usi_to_sf.o)
 .debug_info    0x00001b0b      0x117 c:/winavr-20100110/bin/../lib/gcc/avr/4.3.3/avr5\libgcc.a(_clzsi2.o)
 .debug_info    0x00001c22      0x2df c:/winavr-20100110/bin/../lib/gcc/avr/4.3.3/avr5\libgcc.a(_pack_sf.o)
 .debug_info    0x00001f01      0x251 c:/winavr-20100110/bin/../lib/gcc/avr/4.3.3/avr5\libgcc.a(_unpack_sf.o)
 .debug_info    0x00002152      0x210 c:/winavr-20100110/bin/../lib/gcc/avr/4.3.3/avr5\libgcc.a(_fpcmp_parts_sf.o)
 .debug_info    0x00002362       0xa9 c:/winavr-20100110/bin/../lib/gcc/avr/4.3.3/avr5\libgcc.a(_clz.o)
 *(.gnu.linkonce.wi.*)

.debug_abbrev   0x00000000     0x1386
 *(.debug_abbrev)
 .debug_abbrev  0x00000000       0x5d c:/winavr-20100110/bin/../lib/gcc/avr/4.3.3/avr5\libgcc.a(_fixunssfsi.o)
 .debug_abbrev  0x0000005d      0x1ea c:/winavr-20100110/bin/../lib/gcc/avr/4.3.3/avr5\libgcc.a(_addsub_sf.o)
 .debug_abbrev  0x00000247      0x21b c:/winavr-20100110/bin/../lib/gcc/avr/4.3.3/avr5\libgcc.a(_mul_sf.o)
 .debug_abbrev  0x00000462      0x216 c:/winavr-20100110/bin/../lib/gcc/avr/4.3.3/avr5\libgcc.a(_div_sf.o)
 .debug_abbrev  0x00000678      0x15a c:/winavr-20100110/bin/../lib/gcc/avr/4.3.3/avr5\libgcc.a(_gt_sf.o)
 .debug_abbrev  0x000007d2      0x15a c:/winavr-20100110/bin/../lib/gcc/avr/4.3.3/avr5\libgcc.a(_ge_sf.o)
 .debug_abbrev  0x0000092c      0x15a c:/winavr-20100110/bin/../lib/gcc/avr/4.3.3/avr5\libgcc.a(_lt_sf.o)
 .debug_abbrev  0x00000a86      0x17f c:/winavr-20100110/bin/../lib/gcc/avr/4.3.3/avr5\libgcc.a(_sf_to_si.o)
 .debug_abbrev  0x00000c05       0xad c:/winavr-20100110/bin/../lib/gcc/avr/4.3.3/avr5\libgcc.a(_thenan_sf.o)
 .debug_abbrev  0x00000cb2      0x157 c:/winavr-20100110/bin/../lib/gcc/avr/4.3.3/avr5\libgcc.a(_usi_to_sf.o)
 .debug_abbrev  0x00000e09       0xc4 c:/winavr-20100110/bin/../lib/gcc/avr/4.3.3/avr5\libgcc.a(_clzsi2.o)
 .debug_abbrev  0x00000ecd      0x1c0 c:/winavr-20100110/bin/../lib/gcc/avr/4.3.3/avr5\libgcc.a(_pack_sf.o)
 .debug_abbrev  0x0000108d      0x154 c:/winavr-20100110/bin/../lib/gcc/avr/4.3.3/avr5\libgcc.a(_unpack_sf.o)
 .debug_abbrev  0x000011e1      0x13b c:/winavr-20100110/bin/../lib/gcc/avr/4.3.3/avr5\libgcc.a(_fpcmp_parts_sf.o)
 .debug_abbrev  0x0000131c       0x6a c:/winavr-20100110/bin/../lib/gcc/avr/4.3.3/avr5\libgcc.a(_clz.o)

.debug_line     0x00000000     0x11d6
 *(.debug_line)
 .debug_line    0x00000000       0xa7 c:/winavr-20100110/bin/../lib/gcc/avr/4.3.3/avr5\libgcc.a(_fixunssfsi.o)
 .debug_line    0x000000a7      0x2af c:/winavr-20100110/bin/../lib/gcc/avr/4.3.3/avr5\libgcc.a(_addsub_sf.o)
 .debug_line    0x00000356      0x239 c:/winavr-20100110/bin/../lib/gcc/avr/4.3.3/avr5\libgcc.a(_mul_sf.o)
 .debug_line    0x0000058f      0x1d5 c:/winavr-20100110/bin/../lib/gcc/avr/4.3.3/avr5\libgcc.a(_div_sf.o)
 .debug_line    0x00000764       0xd3 c:/winavr-20100110/bin/../lib/gcc/avr/4.3.3/avr5\libgcc.a(_gt_sf.o)
 .debug_line    0x00000837       0xd3 c:/winavr-20100110/bin/../lib/gcc/avr/4.3.3/avr5\libgcc.a(_ge_sf.o)
 .debug_line    0x0000090a       0xd3 c:/winavr-20100110/bin/../lib/gcc/avr/4.3.3/avr5\libgcc.a(_lt_sf.o)
 .debug_line    0x000009dd      0x109 c:/winavr-20100110/bin/../lib/gcc/avr/4.3.3/avr5\libgcc.a(_sf_to_si.o)
 .debug_line    0x00000ae6       0x90 c:/winavr-20100110/bin/../lib/gcc/avr/4.3.3/avr5\libgcc.a(_thenan_sf.o)
 .debug_line    0x00000b76      0x133 c:/winavr-20100110/bin/../lib/gcc/avr/4.3.3/avr5\libgcc.a(_usi_to_sf.o)
 .debug_line    0x00000ca9       0xa5 c:/winavr-20100110/bin/../lib/gcc/avr/4.3.3/avr5\libgcc.a(_clzsi2.o)
 .debug_line    0x00000d4e      0x18a c:/winavr-20100110/bin/../lib/gcc/avr/4.3.3/avr5\libgcc.a(_pack_sf.o)
 .debug_line    0x00000ed8      0x14b c:/winavr-20100110/bin/../lib/gcc/avr/4.3.3/avr5\libgcc.a(_unpack_sf.o)
 .debug_line    0x00001023      0x137 c:/winavr-20100110/bin/../lib/gcc/avr/4.3.3/avr5\libgcc.a(_fpcmp_parts_sf.o)
 .debug_line    0x0000115a       0x7c c:/winavr-20100110/bin/../lib/gcc/avr/4.3.3/avr5\libgcc.a(_clz.o)

.debug_frame    0x00000000      0x1c0
 *(.debug_frame)
 .debug_frame   0x00000000       0x20 c:/winavr-20100110/bin/../lib/gcc/avr/4.3.3/avr5\libgcc.a(_fixunssfsi.o)
 .debug_frame   0x00000020       0x40 c:/winavr-20100110/bin/../lib/gcc/avr/4.3.3/avr5\libgcc.a(_addsub_sf.o)
 .debug_frame   0x00000060       0x20 c:/winavr-20100110/bin/../lib/gcc/avr/4.3.3/avr5\libgcc.a(_mul_sf.o)
 .debug_frame   0x00000080       0x20 c:/winavr-20100110/bin/../lib/gcc/avr/4.3.3/avr5\libgcc.a(_div_sf.o)
 .debug_frame   0x000000a0       0x20 c:/winavr-20100110/bin/../lib/gcc/avr/4.3.3/avr5\libgcc.a(_gt_sf.o)
 .debug_frame   0x000000c0       0x20 c:/winavr-20100110/bin/../lib/gcc/avr/4.3.3/avr5\libgcc.a(_ge_sf.o)
 .debug_frame   0x000000e0       0x20 c:/winavr-20100110/bin/../lib/gcc/avr/4.3.3/avr5\libgcc.a(_lt_sf.o)
 .debug_frame   0x00000100       0x20 c:/winavr-20100110/bin/../lib/gcc/avr/4.3.3/avr5\libgcc.a(_sf_to_si.o)
 .debug_frame   0x00000120       0x20 c:/winavr-20100110/bin/../lib/gcc/avr/4.3.3/avr5\libgcc.a(_usi_to_sf.o)
 .debug_frame   0x00000140       0x20 c:/winavr-20100110/bin/../lib/gcc/avr/4.3.3/avr5\libgcc.a(_clzsi2.o)
 .debug_frame   0x00000160       0x20 c:/winavr-20100110/bin/../lib/gcc/avr/4.3.3/avr5\libgcc.a(_pack_sf.o)
 .debug_frame   0x00000180       0x20 c:/winavr-20100110/bin/../lib/gcc/avr/4.3.3/avr5\libgcc.a(_unpack_sf.o)
 .debug_frame   0x000001a0       0x20 c:/winavr-20100110/bin/../lib/gcc/avr/4.3.3/avr5\libgcc.a(_fpcmp_parts_sf.o)

.debug_str      0x00000000      0x2f6
 *(.debug_str)
 .debug_str     0x00000000       0xbf c:/winavr-20100110/bin/../lib/gcc/avr/4.3.3/avr5\libgcc.a(_fixunssfsi.o)
                                 0xfe (size before relaxing)
 .debug_str     0x000000bf      0x14d c:/winavr-20100110/bin/../lib/gcc/avr/4.3.3/avr5\libgcc.a(_addsub_sf.o)
                                0x206 (size before relaxing)
 .debug_str     0x0000020c       0x27 c:/winavr-20100110/bin/../lib/gcc/avr/4.3.3/avr5\libgcc.a(_mul_sf.o)
                                0x1bf (size before relaxing)
 .debug_str     0x00000233       0x35 c:/winavr-20100110/bin/../lib/gcc/avr/4.3.3/avr5\libgcc.a(_div_sf.o)
                                0x1c8 (size before relaxing)
 .debug_str     0x00000268        0x8 c:/winavr-20100110/bin/../lib/gcc/avr/4.3.3/avr5\libgcc.a(_gt_sf.o)
                                0x195 (size before relaxing)
 .debug_str     0x00000270        0x8 c:/winavr-20100110/bin/../lib/gcc/avr/4.3.3/avr5\libgcc.a(_ge_sf.o)
                                0x195 (size before relaxing)
 .debug_str     0x00000278        0x8 c:/winavr-20100110/bin/../lib/gcc/avr/4.3.3/avr5\libgcc.a(_lt_sf.o)
                                0x195 (size before relaxing)
 .debug_str     0x00000280        0xa c:/winavr-20100110/bin/../lib/gcc/avr/4.3.3/avr5\libgcc.a(_sf_to_si.o)
                                0x19e (size before relaxing)
 .debug_str     0x00000000      0x103 c:/winavr-20100110/bin/../lib/gcc/avr/4.3.3/avr5\libgcc.a(_thenan_sf.o)
 .debug_str     0x0000028a       0x21 c:/winavr-20100110/bin/../lib/gcc/avr/4.3.3/avr5\libgcc.a(_usi_to_sf.o)
                                0x177 (size before relaxing)
 .debug_str     0x000002ab       0x20 c:/winavr-20100110/bin/../lib/gcc/avr/4.3.3/avr5\libgcc.a(_clzsi2.o)
                                0x111 (size before relaxing)
 .debug_str     0x000002cb       0x10 c:/winavr-20100110/bin/../lib/gcc/avr/4.3.3/avr5\libgcc.a(_pack_sf.o)
                                0x19d (size before relaxing)
 .debug_str     0x000002db        0xb c:/winavr-20100110/bin/../lib/gcc/avr/4.3.3/avr5\libgcc.a(_unpack_sf.o)
                                0x17f (size before relaxing)
 .debug_str     0x000002e6       0x10 c:/winavr-20100110/bin/../lib/gcc/avr/4.3.3/avr5\libgcc.a(_fpcmp_parts_sf.o)
                                0x163 (size before relaxing)
 .debug_str     0x00000000       0xf4 c:/winavr-20100110/bin/../lib/gcc/avr/4.3.3/avr5\libgcc.a(_clz.o)

.debug_loc      0x00000000      0x96e
 *(.debug_loc)
 .debug_loc     0x00000000       0x34 c:/winavr-20100110/bin/../lib/gcc/avr/4.3.3/avr5\libgcc.a(_fixunssfsi.o)
 .debug_loc     0x00000034      0x32a c:/winavr-20100110/bin/../lib/gcc/avr/4.3.3/avr5\libgcc.a(_addsub_sf.o)
 .debug_loc     0x0000035e      0x104 c:/winavr-20100110/bin/../lib/gcc/avr/4.3.3/avr5\libgcc.a(_mul_sf.o)
 .debug_loc     0x00000462       0xc0 c:/winavr-20100110/bin/../lib/gcc/avr/4.3.3/avr5\libgcc.a(_div_sf.o)
 .debug_loc     0x00000522       0x3c c:/winavr-20100110/bin/../lib/gcc/avr/4.3.3/avr5\libgcc.a(_gt_sf.o)
 .debug_loc     0x0000055e       0x3c c:/winavr-20100110/bin/../lib/gcc/avr/4.3.3/avr5\libgcc.a(_ge_sf.o)
 .debug_loc     0x0000059a       0x3c c:/winavr-20100110/bin/../lib/gcc/avr/4.3.3/avr5\libgcc.a(_lt_sf.o)
 .debug_loc     0x000005d6       0x7e c:/winavr-20100110/bin/../lib/gcc/avr/4.3.3/avr5\libgcc.a(_sf_to_si.o)
 .debug_loc     0x00000654       0x4c c:/winavr-20100110/bin/../lib/gcc/avr/4.3.3/avr5\libgcc.a(_usi_to_sf.o)
 .debug_loc     0x000006a0       0x94 c:/winavr-20100110/bin/../lib/gcc/avr/4.3.3/avr5\libgcc.a(_clzsi2.o)
 .debug_loc     0x00000734      0x13e c:/winavr-20100110/bin/../lib/gcc/avr/4.3.3/avr5\libgcc.a(_pack_sf.o)
 .debug_loc     0x00000872       0xac c:/winavr-20100110/bin/../lib/gcc/avr/4.3.3/avr5\libgcc.a(_unpack_sf.o)
 .debug_loc     0x0000091e       0x50 c:/winavr-20100110/bin/../lib/gcc/avr/4.3.3/avr5\libgcc.a(_fpcmp_parts_sf.o)

.debug_macinfo
 *(.debug_macinfo)
OUTPUT(AinShamsGP.elf elf32-avr)
LOAD linker stubs

.debug_ranges   0x00000000       0x50
 .debug_ranges  0x00000000       0x50 c:/winavr-20100110/bin/../lib/gcc/avr/4.3.3/avr5\libgcc.a(_mul_sf.o)
