Archive member included because of file (symbol)

c:/winavr-20100110/bin/../lib/gcc/avr/4.3.3/avr5\libgcc.a(_mulsi3.o)
                              ./MCAL/02Timer/Timers.o (__mulsi3)
c:/winavr-20100110/bin/../lib/gcc/avr/4.3.3/avr5\libgcc.a(_udivmodhi4.o)
                              ./HAL/03 LCD/LCD.o (__udivmodhi4)
c:/winavr-20100110/bin/../lib/gcc/avr/4.3.3/avr5\libgcc.a(_divmodhi4.o)
                              ./UART_Services.o (__divmodhi4)
c:/winavr-20100110/bin/../lib/gcc/avr/4.3.3/avr5\libgcc.a(_udivmodsi4.o)
                              ./MCAL/02Timer/Timers.o (__udivmodsi4)
c:/winavr-20100110/bin/../lib/gcc/avr/4.3.3/avr5\libgcc.a(_exit.o)
                              c:/winavr-20100110/bin/../lib/gcc/avr/4.3.3/../../../../avr/lib/avr5/crtm32.o (exit)
c:/winavr-20100110/bin/../lib/gcc/avr/4.3.3/avr5\libgcc.a(_copy_data.o)
                              ./MCAL/05UART/UART.o (__do_copy_data)
c:/winavr-20100110/bin/../lib/gcc/avr/4.3.3/avr5\libgcc.a(_clear_bss.o)
                              ./MCAL/05UART/UART.o (__do_clear_bss)
c:/winavr-20100110/bin/../lib/gcc/avr/4.3.3/avr5\libgcc.a(_fixunssfsi.o)
                              ./HAL/03 LCD/LCD.o (__fixunssfsi)
c:/winavr-20100110/bin/../lib/gcc/avr/4.3.3/avr5\libgcc.a(_addsub_sf.o)
                              c:/winavr-20100110/bin/../lib/gcc/avr/4.3.3/avr5\libgcc.a(_fixunssfsi.o) (__subsf3)
c:/winavr-20100110/bin/../lib/gcc/avr/4.3.3/avr5\libgcc.a(_mul_sf.o)
                              ./HAL/03 LCD/LCD.o (__mulsf3)
c:/winavr-20100110/bin/../lib/gcc/avr/4.3.3/avr5\libgcc.a(_gt_sf.o)
                              ./HAL/03 LCD/LCD.o (__gtsf2)
c:/winavr-20100110/bin/../lib/gcc/avr/4.3.3/avr5\libgcc.a(_ge_sf.o)
                              c:/winavr-20100110/bin/../lib/gcc/avr/4.3.3/avr5\libgcc.a(_fixunssfsi.o) (__gesf2)
c:/winavr-20100110/bin/../lib/gcc/avr/4.3.3/avr5\libgcc.a(_lt_sf.o)
                              ./HAL/03 LCD/LCD.o (__ltsf2)
c:/winavr-20100110/bin/../lib/gcc/avr/4.3.3/avr5\libgcc.a(_sf_to_si.o)
                              c:/winavr-20100110/bin/../lib/gcc/avr/4.3.3/avr5\libgcc.a(_fixunssfsi.o) (__fixsfsi)
c:/winavr-20100110/bin/../lib/gcc/avr/4.3.3/avr5\libgcc.a(_thenan_sf.o)
                              c:/winavr-20100110/bin/../lib/gcc/avr/4.3.3/avr5\libgcc.a(_addsub_sf.o) (__thenan_sf)
c:/winavr-20100110/bin/../lib/gcc/avr/4.3.3/avr5\libgcc.a(_prologue.o)
                              c:/winavr-20100110/bin/../lib/gcc/avr/4.3.3/avr5\libgcc.a(_addsub_sf.o) (__prologue_saves__)
c:/winavr-20100110/bin/../lib/gcc/avr/4.3.3/avr5\libgcc.a(_epilogue.o)
                              c:/winavr-20100110/bin/../lib/gcc/avr/4.3.3/avr5\libgcc.a(_addsub_sf.o) (__epilogue_restores__)
c:/winavr-20100110/bin/../lib/gcc/avr/4.3.3/avr5\libgcc.a(_pack_sf.o)
                              c:/winavr-20100110/bin/../lib/gcc/avr/4.3.3/avr5\libgcc.a(_addsub_sf.o) (__pack_f)
c:/winavr-20100110/bin/../lib/gcc/avr/4.3.3/avr5\libgcc.a(_unpack_sf.o)
                              c:/winavr-20100110/bin/../lib/gcc/avr/4.3.3/avr5\libgcc.a(_addsub_sf.o) (__unpack_f)
c:/winavr-20100110/bin/../lib/gcc/avr/4.3.3/avr5\libgcc.a(_fpcmp_parts_sf.o)
                              c:/winavr-20100110/bin/../lib/gcc/avr/4.3.3/avr5\libgcc.a(_gt_sf.o) (__fpcmp_parts_f)
c:/winavr-20100110/bin/../lib/gcc/avr/4.3.3/../../../../avr/lib/avr5\libc.a(memcpy.o)
                              ./main.o (memcpy)
c:/winavr-20100110/bin/../lib/gcc/avr/4.3.3/../../../../avr/lib/avr5\libc.a(memset.o)
                              ./main.o (memset)
c:/winavr-20100110/bin/../lib/gcc/avr/4.3.3/../../../../avr/lib/avr5\libc.a(strcat.o)
                              ./main.o (strcat)
c:/winavr-20100110/bin/../lib/gcc/avr/4.3.3/../../../../avr/lib/avr5\libc.a(strlen.o)
                              ./HAL/03 LCD/LCD.o (strlen)
c:/winavr-20100110/bin/../lib/gcc/avr/4.3.3/../../../../avr/lib/avr5\libc.a(sprintf.o)
                              ./main.o (sprintf)
c:/winavr-20100110/bin/../lib/gcc/avr/4.3.3/../../../../avr/lib/avr5\libc.a(vfprintf_std.o)
                              c:/winavr-20100110/bin/../lib/gcc/avr/4.3.3/../../../../avr/lib/avr5\libc.a(sprintf.o) (vfprintf)
c:/winavr-20100110/bin/../lib/gcc/avr/4.3.3/../../../../avr/lib/avr5\libc.a(strnlen_P.o)
                              c:/winavr-20100110/bin/../lib/gcc/avr/4.3.3/../../../../avr/lib/avr5\libc.a(vfprintf_std.o) (strnlen_P)
c:/winavr-20100110/bin/../lib/gcc/avr/4.3.3/../../../../avr/lib/avr5\libc.a(strnlen.o)
                              c:/winavr-20100110/bin/../lib/gcc/avr/4.3.3/../../../../avr/lib/avr5\libc.a(vfprintf_std.o) (strnlen)
c:/winavr-20100110/bin/../lib/gcc/avr/4.3.3/../../../../avr/lib/avr5\libc.a(fputc.o)
                              c:/winavr-20100110/bin/../lib/gcc/avr/4.3.3/../../../../avr/lib/avr5\libc.a(vfprintf_std.o) (fputc)
c:/winavr-20100110/bin/../lib/gcc/avr/4.3.3/../../../../avr/lib/avr5\libc.a(ultoa_invert.o)
                              c:/winavr-20100110/bin/../lib/gcc/avr/4.3.3/../../../../avr/lib/avr5\libc.a(vfprintf_std.o) (__ultoa_invert)

Allocating common symbols
Common symbol       size              file

t3                  0x2               ./MCAL/02Timer/Timers.o
t2                  0x2               ./MCAL/02Timer/Timers.o
t1                  0x2               ./MCAL/02Timer/Timers.o

Memory Configuration

Name             Origin             Length             Attributes
text             0x00000000         0x00020000         xr
data             0x00800060         0x0000ffa0         rw !x
eeprom           0x00810000         0x00010000         rw !x
fuse             0x00820000         0x00000400         rw !x
lock             0x00830000         0x00000400         rw !x
signature        0x00840000         0x00000400         rw !x
*default*        0x00000000         0xffffffff

Linker script and memory map

LOAD c:/winavr-20100110/bin/../lib/gcc/avr/4.3.3/../../../../avr/lib/avr5/crtm32.o
LOAD ./MCAL/05UART/UART.o
LOAD ./MCAL/02Timer/Timers.o
LOAD ./MCAL/01GPIO/GPIO.o
LOAD ./HAL/03 LCD/LCD.o
LOAD ./UART_Services.o
LOAD ./main.o
LOAD c:/winavr-20100110/bin/../lib/gcc/avr/4.3.3/avr5\libgcc.a
LOAD c:/winavr-20100110/bin/../lib/gcc/avr/4.3.3/../../../../avr/lib/avr5\libc.a
LOAD c:/winavr-20100110/bin/../lib/gcc/avr/4.3.3/avr5\libgcc.a

.hash
 *(.hash)

.dynsym
 *(.dynsym)

.dynstr
 *(.dynstr)

.gnu.version
 *(.gnu.version)

.gnu.version_d
 *(.gnu.version_d)

.gnu.version_r
 *(.gnu.version_r)

.rel.init
 *(.rel.init)

.rela.init
 *(.rela.init)

.rel.text
 *(.rel.text)
 *(.rel.text.*)
 *(.rel.gnu.linkonce.t*)

.rela.text
 *(.rela.text)
 *(.rela.text.*)
 *(.rela.gnu.linkonce.t*)

.rel.fini
 *(.rel.fini)

.rela.fini
 *(.rela.fini)

.rel.rodata
 *(.rel.rodata)
 *(.rel.rodata.*)
 *(.rel.gnu.linkonce.r*)

.rela.rodata
 *(.rela.rodata)
 *(.rela.rodata.*)
 *(.rela.gnu.linkonce.r*)

.rel.data
 *(.rel.data)
 *(.rel.data.*)
 *(.rel.gnu.linkonce.d*)

.rela.data
 *(.rela.data)
 *(.rela.data.*)
 *(.rela.gnu.linkonce.d*)

.rel.ctors
 *(.rel.ctors)

.rela.ctors
 *(.rela.ctors)

.rel.dtors
 *(.rel.dtors)

.rela.dtors
 *(.rela.dtors)

.rel.got
 *(.rel.got)

.rela.got
 *(.rela.got)

.rel.bss
 *(.rel.bss)

.rela.bss
 *(.rela.bss)

.rel.plt
 *(.rel.plt)

.rela.plt
 *(.rela.plt)

.text           0x00000000     0x481e
 *(.vectors)
 .vectors       0x00000000       0x54 c:/winavr-20100110/bin/../lib/gcc/avr/4.3.3/../../../../avr/lib/avr5/crtm32.o
                0x00000000                __vectors
                0x00000000                __vector_default
 *(.vectors)
 *(.progmem.gcc*)
 *(.progmem*)
                0x00000054                . = ALIGN (0x2)
                0x00000054                __trampolines_start = .
 *(.trampolines)
 .trampolines   0x00000054        0x0 linker stubs
 *(.trampolines*)
                0x00000054                __trampolines_end = .
 *(.jumptables)
 *(.jumptables*)
 *(.lowtext)
 *(.lowtext*)
                0x00000054                __ctors_start = .
 *(.ctors)
                0x00000054                __ctors_end = .
                0x00000054                __dtors_start = .
 *(.dtors)
                0x00000054                __dtors_end = .
 SORT(*)(.ctors)
 SORT(*)(.dtors)
 *(.init0)
 .init0         0x00000054        0x0 c:/winavr-20100110/bin/../lib/gcc/avr/4.3.3/../../../../avr/lib/avr5/crtm32.o
                0x00000054                __init
 *(.init0)
 *(.init1)
 *(.init1)
 *(.init2)
 .init2         0x00000054        0xc c:/winavr-20100110/bin/../lib/gcc/avr/4.3.3/../../../../avr/lib/avr5/crtm32.o
 *(.init2)
 *(.init3)
 *(.init3)
 *(.init4)
 .init4         0x00000060       0x16 c:/winavr-20100110/bin/../lib/gcc/avr/4.3.3/avr5\libgcc.a(_copy_data.o)
                0x00000060                __do_copy_data
 .init4         0x00000076       0x10 c:/winavr-20100110/bin/../lib/gcc/avr/4.3.3/avr5\libgcc.a(_clear_bss.o)
                0x00000076                __do_clear_bss
 *(.init4)
 *(.init5)
 *(.init5)
 *(.init6)
 *(.init6)
 *(.init7)
 *(.init7)
 *(.init8)
 *(.init8)
 *(.init9)
 .init9         0x00000086        0x8 c:/winavr-20100110/bin/../lib/gcc/avr/4.3.3/../../../../avr/lib/avr5/crtm32.o
 *(.init9)
 *(.text)
 .text          0x0000008e        0x4 c:/winavr-20100110/bin/../lib/gcc/avr/4.3.3/../../../../avr/lib/avr5/crtm32.o
                0x0000008e                __vector_12
                0x0000008e                __bad_interrupt
                0x0000008e                __vector_11
                0x0000008e                __vector_17
                0x0000008e                __vector_19
                0x0000008e                __vector_2
                0x0000008e                __vector_14
                0x0000008e                __vector_16
                0x0000008e                __vector_18
                0x0000008e                __vector_20
 .text          0x00000092        0x0 ./MCAL/05UART/UART.o
 .text          0x00000092        0x0 ./MCAL/02Timer/Timers.o
 .text          0x00000092        0x0 ./MCAL/01GPIO/GPIO.o
 .text          0x00000092        0x0 ./HAL/03 LCD/LCD.o
 .text          0x00000092        0x0 ./UART_Services.o
 .text          0x00000092        0x0 ./main.o
 .text          0x00000092        0x0 c:/winavr-20100110/bin/../lib/gcc/avr/4.3.3/avr5\libgcc.a(_mulsi3.o)
 .text          0x00000092        0x0 c:/winavr-20100110/bin/../lib/gcc/avr/4.3.3/avr5\libgcc.a(_udivmodhi4.o)
 .text          0x00000092        0x0 c:/winavr-20100110/bin/../lib/gcc/avr/4.3.3/avr5\libgcc.a(_divmodhi4.o)
 .text          0x00000092        0x0 c:/winavr-20100110/bin/../lib/gcc/avr/4.3.3/avr5\libgcc.a(_udivmodsi4.o)
 .text          0x00000092        0x0 c:/winavr-20100110/bin/../lib/gcc/avr/4.3.3/avr5\libgcc.a(_exit.o)
 .text          0x00000092        0x0 c:/winavr-20100110/bin/../lib/gcc/avr/4.3.3/avr5\libgcc.a(_copy_data.o)
 .text          0x00000092        0x0 c:/winavr-20100110/bin/../lib/gcc/avr/4.3.3/avr5\libgcc.a(_clear_bss.o)
 .text          0x00000092       0x58 c:/winavr-20100110/bin/../lib/gcc/avr/4.3.3/avr5\libgcc.a(_fixunssfsi.o)
                0x00000092                __fixunssfsi
 .text          0x000000ea      0x354 c:/winavr-20100110/bin/../lib/gcc/avr/4.3.3/avr5\libgcc.a(_addsub_sf.o)
                0x00000382                __subsf3
                0x000003e4                __addsf3
 .text          0x0000043e      0x1f4 c:/winavr-20100110/bin/../lib/gcc/avr/4.3.3/avr5\libgcc.a(_mul_sf.o)
                0x0000043e                __mulsf3
 .text          0x00000632       0x60 c:/winavr-20100110/bin/../lib/gcc/avr/4.3.3/avr5\libgcc.a(_gt_sf.o)
                0x00000632                __gtsf2
 .text          0x00000692       0x60 c:/winavr-20100110/bin/../lib/gcc/avr/4.3.3/avr5\libgcc.a(_ge_sf.o)
                0x00000692                __gesf2
 .text          0x000006f2       0x60 c:/winavr-20100110/bin/../lib/gcc/avr/4.3.3/avr5\libgcc.a(_lt_sf.o)
                0x000006f2                __ltsf2
 .text          0x00000752       0xa8 c:/winavr-20100110/bin/../lib/gcc/avr/4.3.3/avr5\libgcc.a(_sf_to_si.o)
                0x00000752                __fixsfsi
 .text          0x000007fa        0x0 c:/winavr-20100110/bin/../lib/gcc/avr/4.3.3/avr5\libgcc.a(_thenan_sf.o)
 .text          0x000007fa        0x0 c:/winavr-20100110/bin/../lib/gcc/avr/4.3.3/avr5\libgcc.a(_prologue.o)
 .text          0x000007fa        0x0 c:/winavr-20100110/bin/../lib/gcc/avr/4.3.3/avr5\libgcc.a(_epilogue.o)
 .text          0x000007fa      0x1aa c:/winavr-20100110/bin/../lib/gcc/avr/4.3.3/avr5\libgcc.a(_pack_sf.o)
                0x000007fa                __pack_f
 .text          0x000009a4       0xf0 c:/winavr-20100110/bin/../lib/gcc/avr/4.3.3/avr5\libgcc.a(_unpack_sf.o)
                0x000009a4                __unpack_f
 .text          0x00000a94       0xb2 c:/winavr-20100110/bin/../lib/gcc/avr/4.3.3/avr5\libgcc.a(_fpcmp_parts_sf.o)
                0x00000a94                __fpcmp_parts_f
 .text          0x00000b46        0x0 c:/winavr-20100110/bin/../lib/gcc/avr/4.3.3/../../../../avr/lib/avr5\libc.a(memcpy.o)
 .text          0x00000b46        0x0 c:/winavr-20100110/bin/../lib/gcc/avr/4.3.3/../../../../avr/lib/avr5\libc.a(memset.o)
 .text          0x00000b46        0x0 c:/winavr-20100110/bin/../lib/gcc/avr/4.3.3/../../../../avr/lib/avr5\libc.a(strcat.o)
 .text          0x00000b46        0x0 c:/winavr-20100110/bin/../lib/gcc/avr/4.3.3/../../../../avr/lib/avr5\libc.a(strlen.o)
 .text          0x00000b46        0x0 c:/winavr-20100110/bin/../lib/gcc/avr/4.3.3/../../../../avr/lib/avr5\libc.a(sprintf.o)
 .text          0x00000b46        0x0 c:/winavr-20100110/bin/../lib/gcc/avr/4.3.3/../../../../avr/lib/avr5\libc.a(vfprintf_std.o)
 .text          0x00000b46        0x0 c:/winavr-20100110/bin/../lib/gcc/avr/4.3.3/../../../../avr/lib/avr5\libc.a(strnlen_P.o)
 .text          0x00000b46        0x0 c:/winavr-20100110/bin/../lib/gcc/avr/4.3.3/../../../../avr/lib/avr5\libc.a(strnlen.o)
 .text          0x00000b46        0x0 c:/winavr-20100110/bin/../lib/gcc/avr/4.3.3/../../../../avr/lib/avr5\libc.a(fputc.o)
 .text          0x00000b46        0x0 c:/winavr-20100110/bin/../lib/gcc/avr/4.3.3/../../../../avr/lib/avr5\libc.a(ultoa_invert.o)
                0x00000b46                . = ALIGN (0x2)
 *(.text.*)
 .text.UART_Init
                0x00000b46       0xaa ./MCAL/05UART/UART.o
                0x00000b46                UART_Init
 .text.UART_RX_InterruptEnable
                0x00000bf0       0x1c ./MCAL/05UART/UART.o
                0x00000bf0                UART_RX_InterruptEnable
 .text.UART_RX_InterruptDisable
                0x00000c0c       0x1c ./MCAL/05UART/UART.o
                0x00000c0c                UART_RX_InterruptDisable
 .text.UART_TX_InterruptEnable
                0x00000c28       0x1c ./MCAL/05UART/UART.o
                0x00000c28                UART_TX_InterruptEnable
 .text.UART_TX_InterruptDisable
                0x00000c44       0x1c ./MCAL/05UART/UART.o
                0x00000c44                UART_TX_InterruptDisable
 .text.UART_RX_SetCallBack
                0x00000c60       0x24 ./MCAL/05UART/UART.o
                0x00000c60                UART_RX_SetCallBack
 .text.UART_TX_SetCallBack
                0x00000c84       0x24 ./MCAL/05UART/UART.o
                0x00000c84                UART_TX_SetCallBack
 .text.__vector_13
                0x00000ca8       0x66 ./MCAL/05UART/UART.o
                0x00000ca8                __vector_13
 .text.__vector_15
                0x00000d0e       0x66 ./MCAL/05UART/UART.o
                0x00000d0e                __vector_15
 .text.UART_SendByteNoBlock
                0x00000d74       0x1c ./MCAL/05UART/UART.o
                0x00000d74                UART_SendByteNoBlock
 .text.UART_ReceiveByteNoBlock
                0x00000d90       0x14 ./MCAL/05UART/UART.o
                0x00000d90                UART_ReceiveByteNoBlock
 .text.UART_SendByte
                0x00000da4       0x34 ./MCAL/05UART/UART.o
                0x00000da4                UART_SendByte
 .text.UART_ReceiveByte
                0x00000dd8       0x1e ./MCAL/05UART/UART.o
                0x00000dd8                UART_ReceiveByte
 .text.UART_Receive_NoBlock
                0x00000df6       0x3e ./MCAL/05UART/UART.o
                0x00000df6                UART_Receive_NoBlock
 .text.TIMER0_Init
                0x00000e34      0x1ae ./MCAL/02Timer/Timers.o
                0x00000e34                TIMER0_Init
 .text.TIMER2_Init
                0x00000fe2      0x1ae ./MCAL/02Timer/Timers.o
                0x00000fe2                TIMER2_Init
 .text.TIMER0_OV_InterruptEnable
                0x00001190       0x1c ./MCAL/02Timer/Timers.o
                0x00001190                TIMER0_OV_InterruptEnable
 .text.TIMER0_OV_InterruptDisable
                0x000011ac       0x1c ./MCAL/02Timer/Timers.o
                0x000011ac                TIMER0_OV_InterruptDisable
 .text.TIMER0_OC_InterruptEnable
                0x000011c8       0x1c ./MCAL/02Timer/Timers.o
                0x000011c8                TIMER0_OC_InterruptEnable
 .text.TIMER0_OC_InterruptDisable
                0x000011e4       0x1c ./MCAL/02Timer/Timers.o
                0x000011e4                TIMER0_OC_InterruptDisable
 .text.TIMER0_OVF_SetCallBack
                0x00001200       0x24 ./MCAL/02Timer/Timers.o
                0x00001200                TIMER0_OVF_SetCallBack
 .text.TIMER0_CMP_SetCallBack
                0x00001224       0x24 ./MCAL/02Timer/Timers.o
                0x00001224                TIMER0_CMP_SetCallBack
 .text.TIMER0_reload
                0x00001248       0x1c ./MCAL/02Timer/Timers.o
                0x00001248                TIMER0_reload
 .text.TIMER0_Compare_reload
                0x00001264       0x1c ./MCAL/02Timer/Timers.o
                0x00001264                TIMER0_Compare_reload
 .text.Get_Current_Timer
                0x00001280       0x14 ./MCAL/02Timer/Timers.o
                0x00001280                Get_Current_Timer
 .text.TIMER0_Stop
                0x00001294       0x1c ./MCAL/02Timer/Timers.o
                0x00001294                TIMER0_Stop
 .text.TIMER0_restart
                0x000012b0       0x20 ./MCAL/02Timer/Timers.o
                0x000012b0                TIMER0_restart
 .text.TIMER2_OC_InterruptEnable
                0x000012d0       0x1c ./MCAL/02Timer/Timers.o
                0x000012d0                TIMER2_OC_InterruptEnable
 .text.TIMER2_OC_InterruptDisable
                0x000012ec       0x1c ./MCAL/02Timer/Timers.o
                0x000012ec                TIMER2_OC_InterruptDisable
 .text.TIMER2_OVF_SetCallBack
                0x00001308       0x24 ./MCAL/02Timer/Timers.o
                0x00001308                TIMER2_OVF_SetCallBack
 .text.TIMER2_CMP_SetCallBack
                0x0000132c       0x24 ./MCAL/02Timer/Timers.o
                0x0000132c                TIMER2_CMP_SetCallBack
 .text.TIMER2_reload
                0x00001350       0x1c ./MCAL/02Timer/Timers.o
                0x00001350                TIMER2_reload
 .text.TIMER2_Compare_reload
                0x0000136c       0x1c ./MCAL/02Timer/Timers.o
                0x0000136c                TIMER2_Compare_reload
 .text.Get_Current_Timer2
                0x00001388       0x14 ./MCAL/02Timer/Timers.o
                0x00001388                Get_Current_Timer2
 .text.TIMER2_Stop
                0x0000139c       0x1c ./MCAL/02Timer/Timers.o
                0x0000139c                TIMER2_Stop
 .text.TIMER2_restart
                0x000013b8       0x20 ./MCAL/02Timer/Timers.o
                0x000013b8                TIMER2_restart
 .text.Timer2_SetInterruptTime_us
                0x000013d8       0x42 ./MCAL/02Timer/Timers.o
                0x000013d8                Timer2_SetInterruptTime_us
 .text.Timer1_Init
                0x0000141a      0x328 ./MCAL/02Timer/Timers.o
                0x0000141a                Timer1_Init
 .text.Timer1_InputCaptureEdge
                0x00001742       0x3e ./MCAL/02Timer/Timers.o
                0x00001742                Timer1_InputCaptureEdge
 .text.Timer1_reload
                0x00001780       0x24 ./MCAL/02Timer/Timers.o
                0x00001780                Timer1_reload
 .text.Timer1_CompareA_reload
                0x000017a4       0x24 ./MCAL/02Timer/Timers.o
                0x000017a4                Timer1_CompareA_reload
 .text.Timer1_CompareB_reload
                0x000017c8       0x24 ./MCAL/02Timer/Timers.o
                0x000017c8                Timer1_CompareB_reload
 .text.Timer1_ICU_reload
                0x000017ec       0x24 ./MCAL/02Timer/Timers.o
                0x000017ec                Timer1_ICU_reload
 .text.Get_Current_Timer1
                0x00001810       0x16 ./MCAL/02Timer/Timers.o
                0x00001810                Get_Current_Timer1
 .text.Timer1_Stop
                0x00001826       0x1c ./MCAL/02Timer/Timers.o
                0x00001826                Timer1_Stop
 .text.timer1_restart
                0x00001842       0x24 ./MCAL/02Timer/Timers.o
                0x00001842                timer1_restart
 .text.Timer1_ICU_InterruptEnable
                0x00001866       0x1c ./MCAL/02Timer/Timers.o
                0x00001866                Timer1_ICU_InterruptEnable
 .text.Timer1_ICU_InterruptDisable
                0x00001882       0x1c ./MCAL/02Timer/Timers.o
                0x00001882                Timer1_ICU_InterruptDisable
 .text.Timer1_OVF_InterruptEnable
                0x0000189e       0x1c ./MCAL/02Timer/Timers.o
                0x0000189e                Timer1_OVF_InterruptEnable
 .text.Timer1_OVF_InterruptDisable
                0x000018ba       0x1c ./MCAL/02Timer/Timers.o
                0x000018ba                Timer1_OVF_InterruptDisable
 .text.Timer1_OCA_InterruptEnable
                0x000018d6       0x1c ./MCAL/02Timer/Timers.o
                0x000018d6                Timer1_OCA_InterruptEnable
 .text.Timer1_OCA_InterruptDisable
                0x000018f2       0x1c ./MCAL/02Timer/Timers.o
                0x000018f2                Timer1_OCA_InterruptDisable
 .text.Timer1_OCB_InterruptEnable
                0x0000190e       0x1c ./MCAL/02Timer/Timers.o
                0x0000190e                Timer1_OCB_InterruptEnable
 .text.Timer1_OCB_InterruptDisable
                0x0000192a       0x1c ./MCAL/02Timer/Timers.o
                0x0000192a                Timer1_OCB_InterruptDisable
 .text.Timer1_OVF_SetCallBack
                0x00001946       0x24 ./MCAL/02Timer/Timers.o
                0x00001946                Timer1_OVF_SetCallBack
 .text.Timer1_OCA_SetCallBack
                0x0000196a       0x24 ./MCAL/02Timer/Timers.o
                0x0000196a                Timer1_OCA_SetCallBack
 .text.Timer1_OCB_SetCallBack
                0x0000198e       0x24 ./MCAL/02Timer/Timers.o
                0x0000198e                Timer1_OCB_SetCallBack
 .text.Timer1_ICU_SetCallBack
                0x000019b2       0x24 ./MCAL/02Timer/Timers.o
                0x000019b2                Timer1_ICU_SetCallBack
 .text.__vector_10
                0x000019d6       0x66 ./MCAL/02Timer/Timers.o
                0x000019d6                __vector_10
 .text.__vector_5
                0x00001a3c       0x66 ./MCAL/02Timer/Timers.o
                0x00001a3c                __vector_5
 .text.__vector_4
                0x00001aa2       0x66 ./MCAL/02Timer/Timers.o
                0x00001aa2                __vector_4
 .text.__vector_9
                0x00001b08       0x66 ./MCAL/02Timer/Timers.o
                0x00001b08                __vector_9
 .text.__vector_7
                0x00001b6e       0x66 ./MCAL/02Timer/Timers.o
                0x00001b6e                __vector_7
 .text.__vector_8
                0x00001bd4       0x66 ./MCAL/02Timer/Timers.o
                0x00001bd4                __vector_8
 .text.__vector_6
                0x00001c3a       0x66 ./MCAL/02Timer/Timers.o
                0x00001c3a                __vector_6
 .text.PWM_Init
                0x00001ca0       0x1a ./MCAL/02Timer/Timers.o
                0x00001ca0                PWM_Init
 .text.PWM_Freq_KHZ_
                0x00001cba       0x18 ./MCAL/02Timer/Timers.o
                0x00001cba                PWM_Freq_KHZ_
 .text.PWM_Freq_HZ
                0x00001cd2       0x18 ./MCAL/02Timer/Timers.o
                0x00001cd2                PWM_Freq_HZ
 .text.AnalogWrite
                0x00001cea      0x112 ./MCAL/02Timer/Timers.o
                0x00001cea                AnalogWrite
 .text.PWM_Duty
                0x00001dfc       0x98 ./MCAL/02Timer/Timers.o
                0x00001dfc                PWM_Duty
 .text.Timer1_SetInterruptTime_us
                0x00001e94       0x5a ./MCAL/02Timer/Timers.o
                0x00001e94                Timer1_SetInterruptTime_us
 .text.GPIO_init_pin
                0x00001eee       0xa8 ./MCAL/01GPIO/GPIO.o
                0x00001eee                GPIO_init_pin
 .text.GPIO_init_port
                0x00001f96       0x32 ./MCAL/01GPIO/GPIO.o
                0x00001f96                GPIO_init_port
 .text.GPIO_init_port_mask
                0x00001fc8       0x4a ./MCAL/01GPIO/GPIO.o
                0x00001fc8                GPIO_init_port_mask
 .text.GPIO_write_pin
                0x00002012       0xa2 ./MCAL/01GPIO/GPIO.o
                0x00002012                GPIO_write_pin
 .text.GPIO_write_port
                0x000020b4       0x32 ./MCAL/01GPIO/GPIO.o
                0x000020b4                GPIO_write_port
 .text.GPIO_write_port_set_mask
                0x000020e6       0x4a ./MCAL/01GPIO/GPIO.o
                0x000020e6                GPIO_write_port_set_mask
 .text.GPIO_write_port_clear_mask
                0x00002130       0x4e ./MCAL/01GPIO/GPIO.o
                0x00002130                GPIO_write_port_clear_mask
 .text.GPIO_write_port_mask
                0x0000217e       0x58 ./MCAL/01GPIO/GPIO.o
                0x0000217e                GPIO_write_port_mask
 .text.GPIO_read_pin_argument
                0x000021d6       0x70 ./MCAL/01GPIO/GPIO.o
                0x000021d6                GPIO_read_pin_argument
 .text.GPIO_read_pin
                0x00002246       0x4a ./MCAL/01GPIO/GPIO.o
                0x00002246                GPIO_read_pin
 .text.GPIO_read_port_argument
                0x00002290       0x50 ./MCAL/01GPIO/GPIO.o
                0x00002290                GPIO_read_port_argument
 .text.GPIO_read_port
                0x000022e0       0x2c ./MCAL/01GPIO/GPIO.o
                0x000022e0                GPIO_read_port
 .text.GPIO_set_pullup
                0x0000230c       0x8e ./MCAL/01GPIO/GPIO.o
                0x0000230c                GPIO_set_pullup
 .text.GPIO_set_pulldown
                0x0000239a       0x78 ./MCAL/01GPIO/GPIO.o
                0x0000239a                GPIO_set_pulldown
 .text.GPIO_set_gpiopad
                0x00002412       0x7e ./MCAL/01GPIO/GPIO.o
                0x00002412                GPIO_set_gpiopad
 .text.init_GPIO_INT0_interrupt
                0x00002490       0xd4 ./MCAL/01GPIO/GPIO.o
 .text.init_GPIO_INT1_interrupt
                0x00002564       0xd4 ./MCAL/01GPIO/GPIO.o
 .text.init_GPIO_INT2_interrupt
                0x00002638       0x68 ./MCAL/01GPIO/GPIO.o
 .text.GPIO_init_interrupt
                0x000026a0       0x52 ./MCAL/01GPIO/GPIO.o
                0x000026a0                GPIO_init_interrupt
 .text.GPIOInterrupt_SetEdge
                0x000026f2       0x5a ./MCAL/01GPIO/GPIO.o
                0x000026f2                GPIOInterrupt_SetEdge
 .text.GPIOInterrupt_SetCallBack
                0x0000274c       0x24 ./MCAL/01GPIO/GPIO.o
                0x0000274c                GPIOInterrupt_SetCallBack
 .text.__vector_1
                0x00002770       0x5a ./MCAL/01GPIO/GPIO.o
                0x00002770                __vector_1
 .text.__vector_3
                0x000027ca       0x5a ./MCAL/01GPIO/GPIO.o
                0x000027ca                __vector_3
 .text.LCD_WriteCommand
                0x00002824      0x496 ./HAL/03 LCD/LCD.o
 .text.LCD_WriteData
                0x00002cba      0x496 ./HAL/03 LCD/LCD.o
 .text.LCD_Init
                0x00003150      0x536 ./HAL/03 LCD/LCD.o
                0x00003150                LCD_Init
 .text.LCD_WriteChar
                0x00003686       0x1a ./HAL/03 LCD/LCD.o
                0x00003686                LCD_WriteChar
 .text.LCD_WriteSentence
                0x000036a0       0x52 ./HAL/03 LCD/LCD.o
                0x000036a0                LCD_WriteSentence
 .text.LCD_GoTo
                0x000036f2       0x42 ./HAL/03 LCD/LCD.o
                0x000036f2                LCD_GoTo
 .text.LCD_WriteNumber
                0x00003734       0xfa ./HAL/03 LCD/LCD.o
                0x00003734                LCD_WriteNumber
 .text.LCD_WriteNumber2
                0x0000382e       0x8c ./HAL/03 LCD/LCD.o
                0x0000382e                LCD_WriteNumber2
 .text.convert_data
                0x000038ba       0xd4 ./HAL/03 LCD/LCD.o
                0x000038ba                convert_data
 .text.str_to_int
                0x0000398e       0xbe ./HAL/03 LCD/LCD.o
                0x0000398e                str_to_int
 .text.Create_Character
                0x00003a4c       0x60 ./HAL/03 LCD/LCD.o
                0x00003a4c                Create_Character
 .text.LCD_Clear
                0x00003aac       0x14 ./HAL/03 LCD/LCD.o
                0x00003aac                LCD_Clear
 .text.LCD_out  0x00003ac0       0x32 ./HAL/03 LCD/LCD.o
                0x00003ac0                LCD_out
 .text.UART_SendString
                0x00003af2       0x52 ./UART_Services.o
                0x00003af2                UART_SendString
 .text.UART_SendString_Asynch
                0x00003b44       0x3a ./UART_Services.o
                0x00003b44                UART_SendString_Asynch
 .text.Func_TX  0x00003b7e       0x5c ./UART_Services.o
 .text.UART_SendString_Asynch_NocodeInInt
                0x00003bda       0x70 ./UART_Services.o
                0x00003bda                UART_SendString_Asynch_NocodeInInt
 .text.Send_Int_Function2
                0x00003c4a       0x14 ./UART_Services.o
 .text.UART_ReceiveString
                0x00003c5e       0x86 ./UART_Services.o
                0x00003c5e                UART_ReceiveString
 .text.UART_ReceiveString_Asynch
                0x00003ce4       0x30 ./UART_Services.o
                0x00003ce4                UART_ReceiveString_Asynch
 .text.Receive_Int_Function
                0x00003d14       0x66 ./UART_Services.o
 .text.UART_SendString_MYProtocol
                0x00003d7a       0xac ./UART_Services.o
                0x00003d7a                UART_SendString_MYProtocol
 .text.UART_ReceiveString_MyProtocol
                0x00003e26       0xd0 ./UART_Services.o
                0x00003e26                UART_ReceiveString_MyProtocol
 .text.RecieveFromBt
                0x00003ef6       0xb4 ./main.o
                0x00003ef6                RecieveFromBt
 .text.main     0x00003faa      0x1a8 ./main.o
                0x00003faa                main
 .text.libgcc   0x00004152       0x3e c:/winavr-20100110/bin/../lib/gcc/avr/4.3.3/avr5\libgcc.a(_mulsi3.o)
                0x00004152                __mulsi3
 .text.libgcc   0x00004190       0x28 c:/winavr-20100110/bin/../lib/gcc/avr/4.3.3/avr5\libgcc.a(_udivmodhi4.o)
                0x00004190                __udivmodhi4
 .text.libgcc   0x000041b8       0x26 c:/winavr-20100110/bin/../lib/gcc/avr/4.3.3/avr5\libgcc.a(_divmodhi4.o)
                0x000041b8                __divmodhi4
                0x000041b8                _div
 .text.libgcc   0x000041de       0x44 c:/winavr-20100110/bin/../lib/gcc/avr/4.3.3/avr5\libgcc.a(_udivmodsi4.o)
                0x000041de                __udivmodsi4
 .text.libgcc   0x00004222        0x0 c:/winavr-20100110/bin/../lib/gcc/avr/4.3.3/avr5\libgcc.a(_exit.o)
 .text.libgcc   0x00004222        0x0 c:/winavr-20100110/bin/../lib/gcc/avr/4.3.3/avr5\libgcc.a(_copy_data.o)
 .text.libgcc   0x00004222        0x0 c:/winavr-20100110/bin/../lib/gcc/avr/4.3.3/avr5\libgcc.a(_clear_bss.o)
 .text.libgcc   0x00004222       0x38 c:/winavr-20100110/bin/../lib/gcc/avr/4.3.3/avr5\libgcc.a(_prologue.o)
                0x00004222                __prologue_saves__
 .text.libgcc   0x0000425a       0x36 c:/winavr-20100110/bin/../lib/gcc/avr/4.3.3/avr5\libgcc.a(_epilogue.o)
                0x0000425a                __epilogue_restores__
 .text.avr-libc
                0x00004290       0x12 c:/winavr-20100110/bin/../lib/gcc/avr/4.3.3/../../../../avr/lib/avr5\libc.a(memcpy.o)
                0x00004290                memcpy
 .text.avr-libc
                0x000042a2        0xe c:/winavr-20100110/bin/../lib/gcc/avr/4.3.3/../../../../avr/lib/avr5\libc.a(memset.o)
                0x000042a2                memset
 .text.avr-libc
                0x000042b0       0x16 c:/winavr-20100110/bin/../lib/gcc/avr/4.3.3/../../../../avr/lib/avr5\libc.a(strcat.o)
                0x000042b0                strcat
 .text.avr-libc
                0x000042c6       0x12 c:/winavr-20100110/bin/../lib/gcc/avr/4.3.3/../../../../avr/lib/avr5\libc.a(strlen.o)
                0x000042c6                strlen
 .text.avr-libc
                0x000042d8       0x48 c:/winavr-20100110/bin/../lib/gcc/avr/4.3.3/../../../../avr/lib/avr5\libc.a(sprintf.o)
                0x000042d8                sprintf
 .text.avr-libc
                0x00004320      0x3ba c:/winavr-20100110/bin/../lib/gcc/avr/4.3.3/../../../../avr/lib/avr5\libc.a(vfprintf_std.o)
                0x00004320                vfprintf
 .text.avr-libc
                0x000046da       0x16 c:/winavr-20100110/bin/../lib/gcc/avr/4.3.3/../../../../avr/lib/avr5\libc.a(strnlen_P.o)
                0x000046da                strnlen_P
 .text.avr-libc
                0x000046f0       0x16 c:/winavr-20100110/bin/../lib/gcc/avr/4.3.3/../../../../avr/lib/avr5\libc.a(strnlen.o)
                0x000046f0                strnlen
 .text.avr-libc
                0x00004706       0x58 c:/winavr-20100110/bin/../lib/gcc/avr/4.3.3/../../../../avr/lib/avr5\libc.a(fputc.o)
                0x00004706                fputc
 .text.avr-libc
                0x0000475e       0xbc c:/winavr-20100110/bin/../lib/gcc/avr/4.3.3/../../../../avr/lib/avr5\libc.a(ultoa_invert.o)
                0x0000475e                __ultoa_invert
                0x0000481a                . = ALIGN (0x2)
 *(.fini9)
 .fini9         0x0000481a        0x0 c:/winavr-20100110/bin/../lib/gcc/avr/4.3.3/avr5\libgcc.a(_exit.o)
                0x0000481a                exit
                0x0000481a                _exit
 *(.fini9)
 *(.fini8)
 *(.fini8)
 *(.fini7)
 *(.fini7)
 *(.fini6)
 *(.fini6)
 *(.fini5)
 *(.fini5)
 *(.fini4)
 *(.fini4)
 *(.fini3)
 *(.fini3)
 *(.fini2)
 *(.fini2)
 *(.fini1)
 *(.fini1)
 *(.fini0)
 .fini0         0x0000481a        0x4 c:/winavr-20100110/bin/../lib/gcc/avr/4.3.3/avr5\libgcc.a(_exit.o)
 *(.fini0)
                0x0000481e                _etext = .

.data           0x00800060       0xa0 load address 0x0000481e
                0x00800060                PROVIDE (__data_start, .)
 *(.data)
 .data          0x00800060        0x0 c:/winavr-20100110/bin/../lib/gcc/avr/4.3.3/../../../../avr/lib/avr5/crtm32.o
 .data          0x00800060        0x0 ./MCAL/05UART/UART.o
 .data          0x00800060        0x0 ./MCAL/02Timer/Timers.o
 .data          0x00800060        0x0 ./MCAL/01GPIO/GPIO.o
 .data          0x00800060        0x0 ./HAL/03 LCD/LCD.o
 .data          0x00800060        0x0 ./UART_Services.o
 .data          0x00800060       0x1d ./main.o
 .data          0x0080007d        0x0 c:/winavr-20100110/bin/../lib/gcc/avr/4.3.3/avr5\libgcc.a(_mulsi3.o)
 .data          0x0080007d        0x0 c:/winavr-20100110/bin/../lib/gcc/avr/4.3.3/avr5\libgcc.a(_udivmodhi4.o)
 .data          0x0080007d        0x0 c:/winavr-20100110/bin/../lib/gcc/avr/4.3.3/avr5\libgcc.a(_divmodhi4.o)
 .data          0x0080007d        0x0 c:/winavr-20100110/bin/../lib/gcc/avr/4.3.3/avr5\libgcc.a(_udivmodsi4.o)
 .data          0x0080007d        0x0 c:/winavr-20100110/bin/../lib/gcc/avr/4.3.3/avr5\libgcc.a(_exit.o)
 .data          0x0080007d        0x0 c:/winavr-20100110/bin/../lib/gcc/avr/4.3.3/avr5\libgcc.a(_copy_data.o)
 .data          0x0080007d        0x0 c:/winavr-20100110/bin/../lib/gcc/avr/4.3.3/avr5\libgcc.a(_clear_bss.o)
 .data          0x0080007d        0x0 c:/winavr-20100110/bin/../lib/gcc/avr/4.3.3/avr5\libgcc.a(_fixunssfsi.o)
 .data          0x0080007d        0x0 c:/winavr-20100110/bin/../lib/gcc/avr/4.3.3/avr5\libgcc.a(_addsub_sf.o)
 .data          0x0080007d        0x0 c:/winavr-20100110/bin/../lib/gcc/avr/4.3.3/avr5\libgcc.a(_mul_sf.o)
 .data          0x0080007d        0x0 c:/winavr-20100110/bin/../lib/gcc/avr/4.3.3/avr5\libgcc.a(_gt_sf.o)
 .data          0x0080007d        0x0 c:/winavr-20100110/bin/../lib/gcc/avr/4.3.3/avr5\libgcc.a(_ge_sf.o)
 .data          0x0080007d        0x0 c:/winavr-20100110/bin/../lib/gcc/avr/4.3.3/avr5\libgcc.a(_lt_sf.o)
 .data          0x0080007d        0x0 c:/winavr-20100110/bin/../lib/gcc/avr/4.3.3/avr5\libgcc.a(_sf_to_si.o)
 .data          0x0080007d        0x8 c:/winavr-20100110/bin/../lib/gcc/avr/4.3.3/avr5\libgcc.a(_thenan_sf.o)
                0x0080007d                __thenan_sf
 .data          0x00800085        0x0 c:/winavr-20100110/bin/../lib/gcc/avr/4.3.3/avr5\libgcc.a(_prologue.o)
 .data          0x00800085        0x0 c:/winavr-20100110/bin/../lib/gcc/avr/4.3.3/avr5\libgcc.a(_epilogue.o)
 .data          0x00800085        0x0 c:/winavr-20100110/bin/../lib/gcc/avr/4.3.3/avr5\libgcc.a(_pack_sf.o)
 .data          0x00800085        0x0 c:/winavr-20100110/bin/../lib/gcc/avr/4.3.3/avr5\libgcc.a(_unpack_sf.o)
 .data          0x00800085        0x0 c:/winavr-20100110/bin/../lib/gcc/avr/4.3.3/avr5\libgcc.a(_fpcmp_parts_sf.o)
 .data          0x00800085        0x0 c:/winavr-20100110/bin/../lib/gcc/avr/4.3.3/../../../../avr/lib/avr5\libc.a(memcpy.o)
 .data          0x00800085        0x0 c:/winavr-20100110/bin/../lib/gcc/avr/4.3.3/../../../../avr/lib/avr5\libc.a(memset.o)
 .data          0x00800085        0x0 c:/winavr-20100110/bin/../lib/gcc/avr/4.3.3/../../../../avr/lib/avr5\libc.a(strcat.o)
 .data          0x00800085        0x0 c:/winavr-20100110/bin/../lib/gcc/avr/4.3.3/../../../../avr/lib/avr5\libc.a(strlen.o)
 .data          0x00800085        0x0 c:/winavr-20100110/bin/../lib/gcc/avr/4.3.3/../../../../avr/lib/avr5\libc.a(sprintf.o)
 .data          0x00800085        0x0 c:/winavr-20100110/bin/../lib/gcc/avr/4.3.3/../../../../avr/lib/avr5\libc.a(vfprintf_std.o)
 .data          0x00800085        0x0 c:/winavr-20100110/bin/../lib/gcc/avr/4.3.3/../../../../avr/lib/avr5\libc.a(strnlen_P.o)
 .data          0x00800085        0x0 c:/winavr-20100110/bin/../lib/gcc/avr/4.3.3/../../../../avr/lib/avr5\libc.a(strnlen.o)
 .data          0x00800085        0x0 c:/winavr-20100110/bin/../lib/gcc/avr/4.3.3/../../../../avr/lib/avr5\libc.a(fputc.o)
 .data          0x00800085        0x0 c:/winavr-20100110/bin/../lib/gcc/avr/4.3.3/../../../../avr/lib/avr5\libc.a(ultoa_invert.o)
 *(.data*)
 .data.registers_dir
                0x00800085        0x8 ./MCAL/01GPIO/GPIO.o
                0x00800085                registers_dir
 .data.registers_data
                0x0080008d        0x8 ./MCAL/01GPIO/GPIO.o
                0x0080008d                registers_data
 .data.registers_input
                0x00800095        0x8 ./MCAL/01GPIO/GPIO.o
                0x00800095                registers_input
 .data.flag     0x0080009d        0x1 ./UART_Services.o
 .data.i.1260   0x0080009e        0x1 ./UART_Services.o
 *(.rodata)
 *(.rodata*)
 .rodata.BaudRateArray
                0x0080009f       0x60 ./MCAL/05UART/UART.o
                0x0080009f                BaudRateArray
 *(.gnu.linkonce.d*)
                0x00800100                . = ALIGN (0x2)
 *fill*         0x008000ff        0x1 00
                0x00800100                _edata = .
                0x00800100                PROVIDE (__data_end, .)

.bss            0x00800100       0x85
                0x00800100                PROVIDE (__bss_start, .)
 *(.bss)
 .bss           0x00800100        0x0 c:/winavr-20100110/bin/../lib/gcc/avr/4.3.3/../../../../avr/lib/avr5/crtm32.o
 .bss           0x00800100        0x0 ./MCAL/05UART/UART.o
 .bss           0x00800100        0x0 ./MCAL/02Timer/Timers.o
 .bss           0x00800100        0x0 ./MCAL/01GPIO/GPIO.o
 .bss           0x00800100        0x0 ./HAL/03 LCD/LCD.o
 .bss           0x00800100        0x0 ./UART_Services.o
 .bss           0x00800100        0x0 ./main.o
 .bss           0x00800100        0x0 c:/winavr-20100110/bin/../lib/gcc/avr/4.3.3/avr5\libgcc.a(_mulsi3.o)
 .bss           0x00800100        0x0 c:/winavr-20100110/bin/../lib/gcc/avr/4.3.3/avr5\libgcc.a(_udivmodhi4.o)
 .bss           0x00800100        0x0 c:/winavr-20100110/bin/../lib/gcc/avr/4.3.3/avr5\libgcc.a(_divmodhi4.o)
 .bss           0x00800100        0x0 c:/winavr-20100110/bin/../lib/gcc/avr/4.3.3/avr5\libgcc.a(_udivmodsi4.o)
 .bss           0x00800100        0x0 c:/winavr-20100110/bin/../lib/gcc/avr/4.3.3/avr5\libgcc.a(_exit.o)
 .bss           0x00800100        0x0 c:/winavr-20100110/bin/../lib/gcc/avr/4.3.3/avr5\libgcc.a(_copy_data.o)
 .bss           0x00800100        0x0 c:/winavr-20100110/bin/../lib/gcc/avr/4.3.3/avr5\libgcc.a(_clear_bss.o)
 .bss           0x00800100        0x0 c:/winavr-20100110/bin/../lib/gcc/avr/4.3.3/avr5\libgcc.a(_fixunssfsi.o)
 .bss           0x00800100        0x0 c:/winavr-20100110/bin/../lib/gcc/avr/4.3.3/avr5\libgcc.a(_addsub_sf.o)
 .bss           0x00800100        0x0 c:/winavr-20100110/bin/../lib/gcc/avr/4.3.3/avr5\libgcc.a(_mul_sf.o)
 .bss           0x00800100        0x0 c:/winavr-20100110/bin/../lib/gcc/avr/4.3.3/avr5\libgcc.a(_gt_sf.o)
 .bss           0x00800100        0x0 c:/winavr-20100110/bin/../lib/gcc/avr/4.3.3/avr5\libgcc.a(_ge_sf.o)
 .bss           0x00800100        0x0 c:/winavr-20100110/bin/../lib/gcc/avr/4.3.3/avr5\libgcc.a(_lt_sf.o)
 .bss           0x00800100        0x0 c:/winavr-20100110/bin/../lib/gcc/avr/4.3.3/avr5\libgcc.a(_sf_to_si.o)
 .bss           0x00800100        0x0 c:/winavr-20100110/bin/../lib/gcc/avr/4.3.3/avr5\libgcc.a(_thenan_sf.o)
 .bss           0x00800100        0x0 c:/winavr-20100110/bin/../lib/gcc/avr/4.3.3/avr5\libgcc.a(_prologue.o)
 .bss           0x00800100        0x0 c:/winavr-20100110/bin/../lib/gcc/avr/4.3.3/avr5\libgcc.a(_epilogue.o)
 .bss           0x00800100        0x0 c:/winavr-20100110/bin/../lib/gcc/avr/4.3.3/avr5\libgcc.a(_pack_sf.o)
 .bss           0x00800100        0x0 c:/winavr-20100110/bin/../lib/gcc/avr/4.3.3/avr5\libgcc.a(_unpack_sf.o)
 .bss           0x00800100        0x0 c:/winavr-20100110/bin/../lib/gcc/avr/4.3.3/avr5\libgcc.a(_fpcmp_parts_sf.o)
 .bss           0x00800100        0x0 c:/winavr-20100110/bin/../lib/gcc/avr/4.3.3/../../../../avr/lib/avr5\libc.a(memcpy.o)
 .bss           0x00800100        0x0 c:/winavr-20100110/bin/../lib/gcc/avr/4.3.3/../../../../avr/lib/avr5\libc.a(memset.o)
 .bss           0x00800100        0x0 c:/winavr-20100110/bin/../lib/gcc/avr/4.3.3/../../../../avr/lib/avr5\libc.a(strcat.o)
 .bss           0x00800100        0x0 c:/winavr-20100110/bin/../lib/gcc/avr/4.3.3/../../../../avr/lib/avr5\libc.a(strlen.o)
 .bss           0x00800100        0x0 c:/winavr-20100110/bin/../lib/gcc/avr/4.3.3/../../../../avr/lib/avr5\libc.a(sprintf.o)
 .bss           0x00800100        0x0 c:/winavr-20100110/bin/../lib/gcc/avr/4.3.3/../../../../avr/lib/avr5\libc.a(vfprintf_std.o)
 .bss           0x00800100        0x0 c:/winavr-20100110/bin/../lib/gcc/avr/4.3.3/../../../../avr/lib/avr5\libc.a(strnlen_P.o)
 .bss           0x00800100        0x0 c:/winavr-20100110/bin/../lib/gcc/avr/4.3.3/../../../../avr/lib/avr5\libc.a(strnlen.o)
 .bss           0x00800100        0x0 c:/winavr-20100110/bin/../lib/gcc/avr/4.3.3/../../../../avr/lib/avr5\libc.a(fputc.o)
 .bss           0x00800100        0x0 c:/winavr-20100110/bin/../lib/gcc/avr/4.3.3/../../../../avr/lib/avr5\libc.a(ultoa_invert.o)
 *(.bss*)
 .bss.UART_RX_Fptr
                0x00800100        0x2 ./MCAL/05UART/UART.o
 .bss.UART_TX_Fptr
                0x00800102        0x2 ./MCAL/05UART/UART.o
 .bss.flag      0x00800104        0x2 ./MCAL/02Timer/Timers.o
                0x00800104                flag
 .bss.scaler0_global
                0x00800106        0x1 ./MCAL/02Timer/Timers.o
 .bss.scaler1_global
                0x00800107        0x1 ./MCAL/02Timer/Timers.o
 .bss.scaler2_global
                0x00800108        0x1 ./MCAL/02Timer/Timers.o
 .bss.TIMER0_OVF_Fptr
                0x00800109        0x2 ./MCAL/02Timer/Timers.o
 .bss.TIMER0_CMP_Fptr
                0x0080010b        0x2 ./MCAL/02Timer/Timers.o
 .bss.TIMER2_OVF_Fptr
                0x0080010d        0x2 ./MCAL/02Timer/Timers.o
 .bss.TIMER2_CMP_Fptr
                0x0080010f        0x2 ./MCAL/02Timer/Timers.o
 .bss.Timer1_OVF_Fptr
                0x00800111        0x2 ./MCAL/02Timer/Timers.o
 .bss.Timer1_OCA_Fptr
                0x00800113        0x2 ./MCAL/02Timer/Timers.o
 .bss.Timer1_OCB_Fptr
                0x00800115        0x2 ./MCAL/02Timer/Timers.o
 .bss.Timer1_ICU_Fptr
                0x00800117        0x2 ./MCAL/02Timer/Timers.o
 .bss.inital2.2072
                0x00800119        0x1 ./MCAL/02Timer/Timers.o
 .bss.inital1a.2071
                0x0080011a        0x1 ./MCAL/02Timer/Timers.o
 .bss.inital1b.2070
                0x0080011b        0x1 ./MCAL/02Timer/Timers.o
 .bss.inital0.2069
                0x0080011c        0x1 ./MCAL/02Timer/Timers.o
 .bss.GPIO_int0_ptr
                0x0080011d        0x2 ./MCAL/01GPIO/GPIO.o
 .bss.GPIO_int1_ptr
                0x0080011f        0x2 ./MCAL/01GPIO/GPIO.o
 .bss.GPIO_int2_ptr
                0x00800121        0x2 ./MCAL/01GPIO/GPIO.o
 .bss.arr.1721  0x00800123        0xa ./HAL/03 LCD/LCD.o
 .bss.i.1279    0x0080012d        0x1 ./UART_Services.o
 .bss.jcount    0x0080012e        0x2 ./UART_Services.o
                0x0080012e                jcount
 .bss.i.1324    0x00800130        0x1 ./UART_Services.o
 .bss.Asynch_Send_Str
                0x00800131        0x2 ./UART_Services.o
 .bss.Asynch_receive_str
                0x00800133        0x2 ./UART_Services.o
 .bss.recieved_buffer
                0x00800135       0x32 ./main.o
                0x00800135                recieved_buffer
 .bss.i         0x00800167        0x1 ./main.o
                0x00800167                i
 .bss.sayedflag
                0x00800168        0x1 ./main.o
                0x00800168                sayedflag
 .bss.Israaflag
                0x00800169        0x1 ./main.o
                0x00800169                Israaflag
 .bss.AttendaceFlag
                0x0080016a        0x1 ./main.o
                0x0080016a                AttendaceFlag
 .bss.Display   0x0080016b       0x14 ./main.o
                0x0080016b                Display
 *(COMMON)
 COMMON         0x0080017f        0x6 ./MCAL/02Timer/Timers.o
                0x0080017f                t3
                0x00800181                t2
                0x00800183                t1
                0x00800185                PROVIDE (__bss_end, .)
                0x0000481e                __data_load_start = LOADADDR (.data)
                0x000048be                __data_load_end = (__data_load_start + SIZEOF (.data))

.noinit         0x00800185        0x0
                0x00800185                PROVIDE (__noinit_start, .)
 *(.noinit*)
                0x00800185                PROVIDE (__noinit_end, .)
                0x00800185                _end = .
                0x00800185                PROVIDE (__heap_start, .)

.eeprom         0x00810000        0x0
 *(.eeprom*)
                0x00810000                __eeprom_end = .

.fuse
 *(.fuse)
 *(.lfuse)
 *(.hfuse)
 *(.efuse)

.lock
 *(.lock*)

.signature
 *(.signature*)

.stab           0x00000000     0x492c
 *(.stab)
 .stab          0x00000000      0x618 ./MCAL/05UART/UART.o
 .stab          0x00000618     0x15c0 ./MCAL/02Timer/Timers.o
                               0x15cc (size before relaxing)
 .stab          0x00001bd8      0xee8 ./MCAL/01GPIO/GPIO.o
                                0xef4 (size before relaxing)
 .stab          0x00002ac0     0x138c ./HAL/03 LCD/LCD.o
                               0x1518 (size before relaxing)
 .stab          0x00003e4c      0x720 ./UART_Services.o
                                0x7c8 (size before relaxing)
 .stab          0x0000456c      0x3c0 ./main.o
                                0x6cc (size before relaxing)

.stabstr        0x00000000     0x2cb6
 *(.stabstr)
 .stabstr       0x00000000     0x2cb6 ./MCAL/05UART/UART.o

.stab.excl
 *(.stab.excl)

.stab.exclstr
 *(.stab.exclstr)

.stab.index
 *(.stab.index)

.stab.indexstr
 *(.stab.indexstr)

.comment
 *(.comment)

.debug
 *(.debug)

.line
 *(.line)

.debug_srcinfo
 *(.debug_srcinfo)

.debug_sfnames
 *(.debug_sfnames)

.debug_aranges  0x00000000      0x140
 *(.debug_aranges)
 .debug_aranges
                0x00000000       0x20 c:/winavr-20100110/bin/../lib/gcc/avr/4.3.3/avr5\libgcc.a(_fixunssfsi.o)
 .debug_aranges
                0x00000020       0x20 c:/winavr-20100110/bin/../lib/gcc/avr/4.3.3/avr5\libgcc.a(_addsub_sf.o)
 .debug_aranges
                0x00000040       0x20 c:/winavr-20100110/bin/../lib/gcc/avr/4.3.3/avr5\libgcc.a(_mul_sf.o)
 .debug_aranges
                0x00000060       0x20 c:/winavr-20100110/bin/../lib/gcc/avr/4.3.3/avr5\libgcc.a(_gt_sf.o)
 .debug_aranges
                0x00000080       0x20 c:/winavr-20100110/bin/../lib/gcc/avr/4.3.3/avr5\libgcc.a(_ge_sf.o)
 .debug_aranges
                0x000000a0       0x20 c:/winavr-20100110/bin/../lib/gcc/avr/4.3.3/avr5\libgcc.a(_lt_sf.o)
 .debug_aranges
                0x000000c0       0x20 c:/winavr-20100110/bin/../lib/gcc/avr/4.3.3/avr5\libgcc.a(_sf_to_si.o)
 .debug_aranges
                0x000000e0       0x20 c:/winavr-20100110/bin/../lib/gcc/avr/4.3.3/avr5\libgcc.a(_pack_sf.o)
 .debug_aranges
                0x00000100       0x20 c:/winavr-20100110/bin/../lib/gcc/avr/4.3.3/avr5\libgcc.a(_unpack_sf.o)
 .debug_aranges
                0x00000120       0x20 c:/winavr-20100110/bin/../lib/gcc/avr/4.3.3/avr5\libgcc.a(_fpcmp_parts_sf.o)

.debug_pubnames
                0x00000000      0x170
 *(.debug_pubnames)
 .debug_pubnames
                0x00000000       0x23 c:/winavr-20100110/bin/../lib/gcc/avr/4.3.3/avr5\libgcc.a(_fixunssfsi.o)
 .debug_pubnames
                0x00000023       0x2c c:/winavr-20100110/bin/../lib/gcc/avr/4.3.3/avr5\libgcc.a(_addsub_sf.o)
 .debug_pubnames
                0x0000004f       0x1f c:/winavr-20100110/bin/../lib/gcc/avr/4.3.3/avr5\libgcc.a(_mul_sf.o)
 .debug_pubnames
                0x0000006e       0x1e c:/winavr-20100110/bin/../lib/gcc/avr/4.3.3/avr5\libgcc.a(_gt_sf.o)
 .debug_pubnames
                0x0000008c       0x1e c:/winavr-20100110/bin/../lib/gcc/avr/4.3.3/avr5\libgcc.a(_ge_sf.o)
 .debug_pubnames
                0x000000aa       0x1e c:/winavr-20100110/bin/../lib/gcc/avr/4.3.3/avr5\libgcc.a(_lt_sf.o)
 .debug_pubnames
                0x000000c8       0x20 c:/winavr-20100110/bin/../lib/gcc/avr/4.3.3/avr5\libgcc.a(_sf_to_si.o)
 .debug_pubnames
                0x000000e8       0x22 c:/winavr-20100110/bin/../lib/gcc/avr/4.3.3/avr5\libgcc.a(_thenan_sf.o)
 .debug_pubnames
                0x0000010a       0x1f c:/winavr-20100110/bin/../lib/gcc/avr/4.3.3/avr5\libgcc.a(_pack_sf.o)
 .debug_pubnames
                0x00000129       0x21 c:/winavr-20100110/bin/../lib/gcc/avr/4.3.3/avr5\libgcc.a(_unpack_sf.o)
 .debug_pubnames
                0x0000014a       0x26 c:/winavr-20100110/bin/../lib/gcc/avr/4.3.3/avr5\libgcc.a(_fpcmp_parts_sf.o)

.debug_info     0x00000000     0x1c49
 *(.debug_info)
 .debug_info    0x00000000       0xb1 c:/winavr-20100110/bin/../lib/gcc/avr/4.3.3/avr5\libgcc.a(_fixunssfsi.o)
 .debug_info    0x000000b1      0x47a c:/winavr-20100110/bin/../lib/gcc/avr/4.3.3/avr5\libgcc.a(_addsub_sf.o)
 .debug_info    0x0000052b      0x485 c:/winavr-20100110/bin/../lib/gcc/avr/4.3.3/avr5\libgcc.a(_mul_sf.o)
 .debug_info    0x000009b0      0x27f c:/winavr-20100110/bin/../lib/gcc/avr/4.3.3/avr5\libgcc.a(_gt_sf.o)
 .debug_info    0x00000c2f      0x27f c:/winavr-20100110/bin/../lib/gcc/avr/4.3.3/avr5\libgcc.a(_ge_sf.o)
 .debug_info    0x00000eae      0x27f c:/winavr-20100110/bin/../lib/gcc/avr/4.3.3/avr5\libgcc.a(_lt_sf.o)
 .debug_info    0x0000112d      0x2b0 c:/winavr-20100110/bin/../lib/gcc/avr/4.3.3/avr5\libgcc.a(_sf_to_si.o)
 .debug_info    0x000013dd      0x12c c:/winavr-20100110/bin/../lib/gcc/avr/4.3.3/avr5\libgcc.a(_thenan_sf.o)
 .debug_info    0x00001509      0x2df c:/winavr-20100110/bin/../lib/gcc/avr/4.3.3/avr5\libgcc.a(_pack_sf.o)
 .debug_info    0x000017e8      0x251 c:/winavr-20100110/bin/../lib/gcc/avr/4.3.3/avr5\libgcc.a(_unpack_sf.o)
 .debug_info    0x00001a39      0x210 c:/winavr-20100110/bin/../lib/gcc/avr/4.3.3/avr5\libgcc.a(_fpcmp_parts_sf.o)
 *(.gnu.linkonce.wi.*)

.debug_abbrev   0x00000000      0xeeb
 *(.debug_abbrev)
 .debug_abbrev  0x00000000       0x5d c:/winavr-20100110/bin/../lib/gcc/avr/4.3.3/avr5\libgcc.a(_fixunssfsi.o)
 .debug_abbrev  0x0000005d      0x1ea c:/winavr-20100110/bin/../lib/gcc/avr/4.3.3/avr5\libgcc.a(_addsub_sf.o)
 .debug_abbrev  0x00000247      0x21b c:/winavr-20100110/bin/../lib/gcc/avr/4.3.3/avr5\libgcc.a(_mul_sf.o)
 .debug_abbrev  0x00000462      0x15a c:/winavr-20100110/bin/../lib/gcc/avr/4.3.3/avr5\libgcc.a(_gt_sf.o)
 .debug_abbrev  0x000005bc      0x15a c:/winavr-20100110/bin/../lib/gcc/avr/4.3.3/avr5\libgcc.a(_ge_sf.o)
 .debug_abbrev  0x00000716      0x15a c:/winavr-20100110/bin/../lib/gcc/avr/4.3.3/avr5\libgcc.a(_lt_sf.o)
 .debug_abbrev  0x00000870      0x17f c:/winavr-20100110/bin/../lib/gcc/avr/4.3.3/avr5\libgcc.a(_sf_to_si.o)
 .debug_abbrev  0x000009ef       0xad c:/winavr-20100110/bin/../lib/gcc/avr/4.3.3/avr5\libgcc.a(_thenan_sf.o)
 .debug_abbrev  0x00000a9c      0x1c0 c:/winavr-20100110/bin/../lib/gcc/avr/4.3.3/avr5\libgcc.a(_pack_sf.o)
 .debug_abbrev  0x00000c5c      0x154 c:/winavr-20100110/bin/../lib/gcc/avr/4.3.3/avr5\libgcc.a(_unpack_sf.o)
 .debug_abbrev  0x00000db0      0x13b c:/winavr-20100110/bin/../lib/gcc/avr/4.3.3/avr5\libgcc.a(_fpcmp_parts_sf.o)

.debug_line     0x00000000      0xdad
 *(.debug_line)
 .debug_line    0x00000000       0xa7 c:/winavr-20100110/bin/../lib/gcc/avr/4.3.3/avr5\libgcc.a(_fixunssfsi.o)
 .debug_line    0x000000a7      0x2af c:/winavr-20100110/bin/../lib/gcc/avr/4.3.3/avr5\libgcc.a(_addsub_sf.o)
 .debug_line    0x00000356      0x239 c:/winavr-20100110/bin/../lib/gcc/avr/4.3.3/avr5\libgcc.a(_mul_sf.o)
 .debug_line    0x0000058f       0xd3 c:/winavr-20100110/bin/../lib/gcc/avr/4.3.3/avr5\libgcc.a(_gt_sf.o)
 .debug_line    0x00000662       0xd3 c:/winavr-20100110/bin/../lib/gcc/avr/4.3.3/avr5\libgcc.a(_ge_sf.o)
 .debug_line    0x00000735       0xd3 c:/winavr-20100110/bin/../lib/gcc/avr/4.3.3/avr5\libgcc.a(_lt_sf.o)
 .debug_line    0x00000808      0x109 c:/winavr-20100110/bin/../lib/gcc/avr/4.3.3/avr5\libgcc.a(_sf_to_si.o)
 .debug_line    0x00000911       0x90 c:/winavr-20100110/bin/../lib/gcc/avr/4.3.3/avr5\libgcc.a(_thenan_sf.o)
 .debug_line    0x000009a1      0x18a c:/winavr-20100110/bin/../lib/gcc/avr/4.3.3/avr5\libgcc.a(_pack_sf.o)
 .debug_line    0x00000b2b      0x14b c:/winavr-20100110/bin/../lib/gcc/avr/4.3.3/avr5\libgcc.a(_unpack_sf.o)
 .debug_line    0x00000c76      0x137 c:/winavr-20100110/bin/../lib/gcc/avr/4.3.3/avr5\libgcc.a(_fpcmp_parts_sf.o)

.debug_frame    0x00000000      0x160
 *(.debug_frame)
 .debug_frame   0x00000000       0x20 c:/winavr-20100110/bin/../lib/gcc/avr/4.3.3/avr5\libgcc.a(_fixunssfsi.o)
 .debug_frame   0x00000020       0x40 c:/winavr-20100110/bin/../lib/gcc/avr/4.3.3/avr5\libgcc.a(_addsub_sf.o)
 .debug_frame   0x00000060       0x20 c:/winavr-20100110/bin/../lib/gcc/avr/4.3.3/avr5\libgcc.a(_mul_sf.o)
 .debug_frame   0x00000080       0x20 c:/winavr-20100110/bin/../lib/gcc/avr/4.3.3/avr5\libgcc.a(_gt_sf.o)
 .debug_frame   0x000000a0       0x20 c:/winavr-20100110/bin/../lib/gcc/avr/4.3.3/avr5\libgcc.a(_ge_sf.o)
 .debug_frame   0x000000c0       0x20 c:/winavr-20100110/bin/../lib/gcc/avr/4.3.3/avr5\libgcc.a(_lt_sf.o)
 .debug_frame   0x000000e0       0x20 c:/winavr-20100110/bin/../lib/gcc/avr/4.3.3/avr5\libgcc.a(_sf_to_si.o)
 .debug_frame   0x00000100       0x20 c:/winavr-20100110/bin/../lib/gcc/avr/4.3.3/avr5\libgcc.a(_pack_sf.o)
 .debug_frame   0x00000120       0x20 c:/winavr-20100110/bin/../lib/gcc/avr/4.3.3/avr5\libgcc.a(_unpack_sf.o)
 .debug_frame   0x00000140       0x20 c:/winavr-20100110/bin/../lib/gcc/avr/4.3.3/avr5\libgcc.a(_fpcmp_parts_sf.o)

.debug_str      0x00000000      0x28d
 *(.debug_str)
 .debug_str     0x00000000       0xbf c:/winavr-20100110/bin/../lib/gcc/avr/4.3.3/avr5\libgcc.a(_fixunssfsi.o)
                                 0xfe (size before relaxing)
 .debug_str     0x000000bf      0x14d c:/winavr-20100110/bin/../lib/gcc/avr/4.3.3/avr5\libgcc.a(_addsub_sf.o)
                                0x206 (size before relaxing)
 .debug_str     0x0000020c       0x27 c:/winavr-20100110/bin/../lib/gcc/avr/4.3.3/avr5\libgcc.a(_mul_sf.o)
                                0x1bf (size before relaxing)
 .debug_str     0x00000233        0xf c:/winavr-20100110/bin/../lib/gcc/avr/4.3.3/avr5\libgcc.a(_gt_sf.o)
                                0x195 (size before relaxing)
 .debug_str     0x00000242        0x8 c:/winavr-20100110/bin/../lib/gcc/avr/4.3.3/avr5\libgcc.a(_ge_sf.o)
                                0x195 (size before relaxing)
 .debug_str     0x0000024a        0x8 c:/winavr-20100110/bin/../lib/gcc/avr/4.3.3/avr5\libgcc.a(_lt_sf.o)
                                0x195 (size before relaxing)
 .debug_str     0x00000252        0xa c:/winavr-20100110/bin/../lib/gcc/avr/4.3.3/avr5\libgcc.a(_sf_to_si.o)
                                0x19e (size before relaxing)
 .debug_str     0x00000000      0x103 c:/winavr-20100110/bin/../lib/gcc/avr/4.3.3/avr5\libgcc.a(_thenan_sf.o)
 .debug_str     0x0000025c       0x16 c:/winavr-20100110/bin/../lib/gcc/avr/4.3.3/avr5\libgcc.a(_pack_sf.o)
                                0x19d (size before relaxing)
 .debug_str     0x00000272        0xb c:/winavr-20100110/bin/../lib/gcc/avr/4.3.3/avr5\libgcc.a(_unpack_sf.o)
                                0x17f (size before relaxing)
 .debug_str     0x0000027d       0x10 c:/winavr-20100110/bin/../lib/gcc/avr/4.3.3/avr5\libgcc.a(_fpcmp_parts_sf.o)
                                0x163 (size before relaxing)

.debug_loc      0x00000000      0x7ce
 *(.debug_loc)
 .debug_loc     0x00000000       0x34 c:/winavr-20100110/bin/../lib/gcc/avr/4.3.3/avr5\libgcc.a(_fixunssfsi.o)
 .debug_loc     0x00000034      0x32a c:/winavr-20100110/bin/../lib/gcc/avr/4.3.3/avr5\libgcc.a(_addsub_sf.o)
 .debug_loc     0x0000035e      0x104 c:/winavr-20100110/bin/../lib/gcc/avr/4.3.3/avr5\libgcc.a(_mul_sf.o)
 .debug_loc     0x00000462       0x3c c:/winavr-20100110/bin/../lib/gcc/avr/4.3.3/avr5\libgcc.a(_gt_sf.o)
 .debug_loc     0x0000049e       0x3c c:/winavr-20100110/bin/../lib/gcc/avr/4.3.3/avr5\libgcc.a(_ge_sf.o)
 .debug_loc     0x000004da       0x3c c:/winavr-20100110/bin/../lib/gcc/avr/4.3.3/avr5\libgcc.a(_lt_sf.o)
 .debug_loc     0x00000516       0x7e c:/winavr-20100110/bin/../lib/gcc/avr/4.3.3/avr5\libgcc.a(_sf_to_si.o)
 .debug_loc     0x00000594      0x13e c:/winavr-20100110/bin/../lib/gcc/avr/4.3.3/avr5\libgcc.a(_pack_sf.o)
 .debug_loc     0x000006d2       0xac c:/winavr-20100110/bin/../lib/gcc/avr/4.3.3/avr5\libgcc.a(_unpack_sf.o)
 .debug_loc     0x0000077e       0x50 c:/winavr-20100110/bin/../lib/gcc/avr/4.3.3/avr5\libgcc.a(_fpcmp_parts_sf.o)

.debug_macinfo
 *(.debug_macinfo)
OUTPUT(RFIDBTAPP.elf elf32-avr)
LOAD linker stubs

.debug_ranges   0x00000000       0x50
 .debug_ranges  0x00000000       0x50 c:/winavr-20100110/bin/../lib/gcc/avr/4.3.3/avr5\libgcc.a(_mul_sf.o)
