Archive member included because of file (symbol)

c:/winavr-20100110/bin/../lib/gcc/avr/4.3.3/avr5\libgcc.a(_mulsi3.o)
                              ./MCAL/02Timer/Timers.o (__mulsi3)
c:/winavr-20100110/bin/../lib/gcc/avr/4.3.3/avr5\libgcc.a(_udivmodhi4.o)
                              ./MCAL/02Timer/Timers.o (__udivmodhi4)
c:/winavr-20100110/bin/../lib/gcc/avr/4.3.3/avr5\libgcc.a(_divmodhi4.o)
                              ./Service/UART_Services.o (__divmodhi4)
c:/winavr-20100110/bin/../lib/gcc/avr/4.3.3/avr5\libgcc.a(_udivmodsi4.o)
                              ./MCAL/02Timer/Timers.o (__udivmodsi4)
c:/winavr-20100110/bin/../lib/gcc/avr/4.3.3/avr5\libgcc.a(_exit.o)
                              c:/winavr-20100110/bin/../lib/gcc/avr/4.3.3/../../../../avr/lib/avr5/crtm32.o (exit)
c:/winavr-20100110/bin/../lib/gcc/avr/4.3.3/avr5\libgcc.a(_copy_data.o)
                              ./Service/UART_Services.o (__do_copy_data)
c:/winavr-20100110/bin/../lib/gcc/avr/4.3.3/avr5\libgcc.a(_clear_bss.o)
                              ./Service/UART_Services.o (__do_clear_bss)
c:/winavr-20100110/bin/../lib/gcc/avr/4.3.3/avr5\libgcc.a(_fixunssfsi.o)
                              ./HAL/0AGPRS/GPRS.o (__fixunssfsi)
c:/winavr-20100110/bin/../lib/gcc/avr/4.3.3/avr5\libgcc.a(_addsub_sf.o)
                              c:/winavr-20100110/bin/../lib/gcc/avr/4.3.3/avr5\libgcc.a(_fixunssfsi.o) (__subsf3)
c:/winavr-20100110/bin/../lib/gcc/avr/4.3.3/avr5\libgcc.a(_mul_sf.o)
                              ./HAL/0AGPRS/GPRS.o (__mulsf3)
c:/winavr-20100110/bin/../lib/gcc/avr/4.3.3/avr5\libgcc.a(_gt_sf.o)
                              ./HAL/0AGPRS/GPRS.o (__gtsf2)
c:/winavr-20100110/bin/../lib/gcc/avr/4.3.3/avr5\libgcc.a(_ge_sf.o)
                              c:/winavr-20100110/bin/../lib/gcc/avr/4.3.3/avr5\libgcc.a(_fixunssfsi.o) (__gesf2)
c:/winavr-20100110/bin/../lib/gcc/avr/4.3.3/avr5\libgcc.a(_lt_sf.o)
                              ./HAL/0AGPRS/GPRS.o (__ltsf2)
c:/winavr-20100110/bin/../lib/gcc/avr/4.3.3/avr5\libgcc.a(_sf_to_si.o)
                              c:/winavr-20100110/bin/../lib/gcc/avr/4.3.3/avr5\libgcc.a(_fixunssfsi.o) (__fixsfsi)
c:/winavr-20100110/bin/../lib/gcc/avr/4.3.3/avr5\libgcc.a(_thenan_sf.o)
                              c:/winavr-20100110/bin/../lib/gcc/avr/4.3.3/avr5\libgcc.a(_addsub_sf.o) (__thenan_sf)
c:/winavr-20100110/bin/../lib/gcc/avr/4.3.3/avr5\libgcc.a(_prologue.o)
                              c:/winavr-20100110/bin/../lib/gcc/avr/4.3.3/avr5\libgcc.a(_addsub_sf.o) (__prologue_saves__)
c:/winavr-20100110/bin/../lib/gcc/avr/4.3.3/avr5\libgcc.a(_epilogue.o)
                              c:/winavr-20100110/bin/../lib/gcc/avr/4.3.3/avr5\libgcc.a(_addsub_sf.o) (__epilogue_restores__)
c:/winavr-20100110/bin/../lib/gcc/avr/4.3.3/avr5\libgcc.a(_pack_sf.o)
                              c:/winavr-20100110/bin/../lib/gcc/avr/4.3.3/avr5\libgcc.a(_addsub_sf.o) (__pack_f)
c:/winavr-20100110/bin/../lib/gcc/avr/4.3.3/avr5\libgcc.a(_unpack_sf.o)
                              c:/winavr-20100110/bin/../lib/gcc/avr/4.3.3/avr5\libgcc.a(_addsub_sf.o) (__unpack_f)
c:/winavr-20100110/bin/../lib/gcc/avr/4.3.3/avr5\libgcc.a(_fpcmp_parts_sf.o)
                              c:/winavr-20100110/bin/../lib/gcc/avr/4.3.3/avr5\libgcc.a(_gt_sf.o) (__fpcmp_parts_f)
c:/winavr-20100110/bin/../lib/gcc/avr/4.3.3/../../../../avr/lib/avr5\libc.a(memcpy.o)
                              ./HAL/0AGPRS/GPRS.o (memcpy)
c:/winavr-20100110/bin/../lib/gcc/avr/4.3.3/../../../../avr/lib/avr5\libc.a(memset.o)
                              ./HAL/0AGPRS/GPRS.o (memset)
c:/winavr-20100110/bin/../lib/gcc/avr/4.3.3/../../../../avr/lib/avr5\libc.a(strlen.o)
                              ./HAL/03 LCD/LCD.o (strlen)
c:/winavr-20100110/bin/../lib/gcc/avr/4.3.3/../../../../avr/lib/avr5\libc.a(sprintf.o)
                              ./HAL/0AGPRS/GPRS.o (sprintf)
c:/winavr-20100110/bin/../lib/gcc/avr/4.3.3/../../../../avr/lib/avr5\libc.a(vfprintf_std.o)
                              c:/winavr-20100110/bin/../lib/gcc/avr/4.3.3/../../../../avr/lib/avr5\libc.a(sprintf.o) (vfprintf)
c:/winavr-20100110/bin/../lib/gcc/avr/4.3.3/../../../../avr/lib/avr5\libc.a(strnlen_P.o)
                              c:/winavr-20100110/bin/../lib/gcc/avr/4.3.3/../../../../avr/lib/avr5\libc.a(vfprintf_std.o) (strnlen_P)
c:/winavr-20100110/bin/../lib/gcc/avr/4.3.3/../../../../avr/lib/avr5\libc.a(strnlen.o)
                              c:/winavr-20100110/bin/../lib/gcc/avr/4.3.3/../../../../avr/lib/avr5\libc.a(vfprintf_std.o) (strnlen)
c:/winavr-20100110/bin/../lib/gcc/avr/4.3.3/../../../../avr/lib/avr5\libc.a(fputc.o)
                              c:/winavr-20100110/bin/../lib/gcc/avr/4.3.3/../../../../avr/lib/avr5\libc.a(vfprintf_std.o) (fputc)
c:/winavr-20100110/bin/../lib/gcc/avr/4.3.3/../../../../avr/lib/avr5\libc.a(ultoa_invert.o)
                              c:/winavr-20100110/bin/../lib/gcc/avr/4.3.3/../../../../avr/lib/avr5\libc.a(vfprintf_std.o) (__ultoa_invert)

Allocating common symbols
Common symbol       size              file

t3                  0x2               ./MCAL/02Timer/Timers.o
t2                  0x2               ./MCAL/02Timer/Timers.o
t1                  0x2               ./MCAL/02Timer/Timers.o

Memory Configuration

Name             Origin             Length             Attributes
text             0x00000000         0x00020000         xr
data             0x00800060         0x0000ffa0         rw !x
eeprom           0x00810000         0x00010000         rw !x
fuse             0x00820000         0x00000400         rw !x
lock             0x00830000         0x00000400         rw !x
signature        0x00840000         0x00000400         rw !x
*default*        0x00000000         0xffffffff

Linker script and memory map

LOAD c:/winavr-20100110/bin/../lib/gcc/avr/4.3.3/../../../../avr/lib/avr5/crtm32.o
LOAD ./Service/UART_Services.o
LOAD ./MCAL/05UART/UART.o
LOAD ./MCAL/02Timer/Timers.o
LOAD ./MCAL/01GPIO/GPIO.o
LOAD ./HAL/0AGPRS/GPRS.o
LOAD ./HAL/03 LCD/LCD.o
LOAD ./main.o
LOAD c:/winavr-20100110/bin/../lib/gcc/avr/4.3.3/avr5\libgcc.a
LOAD c:/winavr-20100110/bin/../lib/gcc/avr/4.3.3/../../../../avr/lib/avr5\libc.a
LOAD c:/winavr-20100110/bin/../lib/gcc/avr/4.3.3/avr5\libgcc.a

.hash
 *(.hash)

.dynsym
 *(.dynsym)

.dynstr
 *(.dynstr)

.gnu.version
 *(.gnu.version)

.gnu.version_d
 *(.gnu.version_d)

.gnu.version_r
 *(.gnu.version_r)

.rel.init
 *(.rel.init)

.rela.init
 *(.rela.init)

.rel.text
 *(.rel.text)
 *(.rel.text.*)
 *(.rel.gnu.linkonce.t*)

.rela.text
 *(.rela.text)
 *(.rela.text.*)
 *(.rela.gnu.linkonce.t*)

.rel.fini
 *(.rel.fini)

.rela.fini
 *(.rela.fini)

.rel.rodata
 *(.rel.rodata)
 *(.rel.rodata.*)
 *(.rel.gnu.linkonce.r*)

.rela.rodata
 *(.rela.rodata)
 *(.rela.rodata.*)
 *(.rela.gnu.linkonce.r*)

.rel.data
 *(.rel.data)
 *(.rel.data.*)
 *(.rel.gnu.linkonce.d*)

.rela.data
 *(.rela.data)
 *(.rela.data.*)
 *(.rela.gnu.linkonce.d*)

.rel.ctors
 *(.rel.ctors)

.rela.ctors
 *(.rela.ctors)

.rel.dtors
 *(.rel.dtors)

.rela.dtors
 *(.rela.dtors)

.rel.got
 *(.rel.got)

.rela.got
 *(.rela.got)

.rel.bss
 *(.rel.bss)

.rela.bss
 *(.rela.bss)

.rel.plt
 *(.rel.plt)

.rela.plt
 *(.rela.plt)

.text           0x00000000     0x5694
 *(.vectors)
 .vectors       0x00000000       0x54 c:/winavr-20100110/bin/../lib/gcc/avr/4.3.3/../../../../avr/lib/avr5/crtm32.o
                0x00000000                __vectors
                0x00000000                __vector_default
 *(.vectors)
 *(.progmem.gcc*)
 *(.progmem*)
                0x00000054                . = ALIGN (0x2)
                0x00000054                __trampolines_start = .
 *(.trampolines)
 .trampolines   0x00000054        0x0 linker stubs
 *(.trampolines*)
                0x00000054                __trampolines_end = .
 *(.jumptables)
 *(.jumptables*)
 *(.lowtext)
 *(.lowtext*)
                0x00000054                __ctors_start = .
 *(.ctors)
                0x00000054                __ctors_end = .
                0x00000054                __dtors_start = .
 *(.dtors)
                0x00000054                __dtors_end = .
 SORT(*)(.ctors)
 SORT(*)(.dtors)
 *(.init0)
 .init0         0x00000054        0x0 c:/winavr-20100110/bin/../lib/gcc/avr/4.3.3/../../../../avr/lib/avr5/crtm32.o
                0x00000054                __init
 *(.init0)
 *(.init1)
 *(.init1)
 *(.init2)
 .init2         0x00000054        0xc c:/winavr-20100110/bin/../lib/gcc/avr/4.3.3/../../../../avr/lib/avr5/crtm32.o
 *(.init2)
 *(.init3)
 *(.init3)
 *(.init4)
 .init4         0x00000060       0x16 c:/winavr-20100110/bin/../lib/gcc/avr/4.3.3/avr5\libgcc.a(_copy_data.o)
                0x00000060                __do_copy_data
 .init4         0x00000076       0x10 c:/winavr-20100110/bin/../lib/gcc/avr/4.3.3/avr5\libgcc.a(_clear_bss.o)
                0x00000076                __do_clear_bss
 *(.init4)
 *(.init5)
 *(.init5)
 *(.init6)
 *(.init6)
 *(.init7)
 *(.init7)
 *(.init8)
 *(.init8)
 *(.init9)
 .init9         0x00000086        0x8 c:/winavr-20100110/bin/../lib/gcc/avr/4.3.3/../../../../avr/lib/avr5/crtm32.o
 *(.init9)
 *(.text)
 .text          0x0000008e        0x4 c:/winavr-20100110/bin/../lib/gcc/avr/4.3.3/../../../../avr/lib/avr5/crtm32.o
                0x0000008e                __vector_12
                0x0000008e                __bad_interrupt
                0x0000008e                __vector_17
                0x0000008e                __vector_19
                0x0000008e                __vector_5
                0x0000008e                __vector_4
                0x0000008e                __vector_14
                0x0000008e                __vector_16
                0x0000008e                __vector_18
                0x0000008e                __vector_20
 .text          0x00000092        0x0 ./Service/UART_Services.o
 .text          0x00000092        0x0 ./MCAL/05UART/UART.o
 .text          0x00000092        0x0 ./MCAL/02Timer/Timers.o
 .text          0x00000092        0x0 ./MCAL/01GPIO/GPIO.o
 .text          0x00000092        0x0 ./HAL/0AGPRS/GPRS.o
 .text          0x00000092        0x0 ./HAL/03 LCD/LCD.o
 .text          0x00000092        0x0 ./main.o
 .text          0x00000092        0x0 c:/winavr-20100110/bin/../lib/gcc/avr/4.3.3/avr5\libgcc.a(_mulsi3.o)
 .text          0x00000092        0x0 c:/winavr-20100110/bin/../lib/gcc/avr/4.3.3/avr5\libgcc.a(_udivmodhi4.o)
 .text          0x00000092        0x0 c:/winavr-20100110/bin/../lib/gcc/avr/4.3.3/avr5\libgcc.a(_divmodhi4.o)
 .text          0x00000092        0x0 c:/winavr-20100110/bin/../lib/gcc/avr/4.3.3/avr5\libgcc.a(_udivmodsi4.o)
 .text          0x00000092        0x0 c:/winavr-20100110/bin/../lib/gcc/avr/4.3.3/avr5\libgcc.a(_exit.o)
 .text          0x00000092        0x0 c:/winavr-20100110/bin/../lib/gcc/avr/4.3.3/avr5\libgcc.a(_copy_data.o)
 .text          0x00000092        0x0 c:/winavr-20100110/bin/../lib/gcc/avr/4.3.3/avr5\libgcc.a(_clear_bss.o)
 .text          0x00000092       0x58 c:/winavr-20100110/bin/../lib/gcc/avr/4.3.3/avr5\libgcc.a(_fixunssfsi.o)
                0x00000092                __fixunssfsi
 .text          0x000000ea      0x354 c:/winavr-20100110/bin/../lib/gcc/avr/4.3.3/avr5\libgcc.a(_addsub_sf.o)
                0x00000382                __subsf3
                0x000003e4                __addsf3
 .text          0x0000043e      0x1f4 c:/winavr-20100110/bin/../lib/gcc/avr/4.3.3/avr5\libgcc.a(_mul_sf.o)
                0x0000043e                __mulsf3
 .text          0x00000632       0x60 c:/winavr-20100110/bin/../lib/gcc/avr/4.3.3/avr5\libgcc.a(_gt_sf.o)
                0x00000632                __gtsf2
 .text          0x00000692       0x60 c:/winavr-20100110/bin/../lib/gcc/avr/4.3.3/avr5\libgcc.a(_ge_sf.o)
                0x00000692                __gesf2
 .text          0x000006f2       0x60 c:/winavr-20100110/bin/../lib/gcc/avr/4.3.3/avr5\libgcc.a(_lt_sf.o)
                0x000006f2                __ltsf2
 .text          0x00000752       0xa8 c:/winavr-20100110/bin/../lib/gcc/avr/4.3.3/avr5\libgcc.a(_sf_to_si.o)
                0x00000752                __fixsfsi
 .text          0x000007fa        0x0 c:/winavr-20100110/bin/../lib/gcc/avr/4.3.3/avr5\libgcc.a(_thenan_sf.o)
 .text          0x000007fa        0x0 c:/winavr-20100110/bin/../lib/gcc/avr/4.3.3/avr5\libgcc.a(_prologue.o)
 .text          0x000007fa        0x0 c:/winavr-20100110/bin/../lib/gcc/avr/4.3.3/avr5\libgcc.a(_epilogue.o)
 .text          0x000007fa      0x1aa c:/winavr-20100110/bin/../lib/gcc/avr/4.3.3/avr5\libgcc.a(_pack_sf.o)
                0x000007fa                __pack_f
 .text          0x000009a4       0xf0 c:/winavr-20100110/bin/../lib/gcc/avr/4.3.3/avr5\libgcc.a(_unpack_sf.o)
                0x000009a4                __unpack_f
 .text          0x00000a94       0xb2 c:/winavr-20100110/bin/../lib/gcc/avr/4.3.3/avr5\libgcc.a(_fpcmp_parts_sf.o)
                0x00000a94                __fpcmp_parts_f
 .text          0x00000b46        0x0 c:/winavr-20100110/bin/../lib/gcc/avr/4.3.3/../../../../avr/lib/avr5\libc.a(memcpy.o)
 .text          0x00000b46        0x0 c:/winavr-20100110/bin/../lib/gcc/avr/4.3.3/../../../../avr/lib/avr5\libc.a(memset.o)
 .text          0x00000b46        0x0 c:/winavr-20100110/bin/../lib/gcc/avr/4.3.3/../../../../avr/lib/avr5\libc.a(strlen.o)
 .text          0x00000b46        0x0 c:/winavr-20100110/bin/../lib/gcc/avr/4.3.3/../../../../avr/lib/avr5\libc.a(sprintf.o)
 .text          0x00000b46        0x0 c:/winavr-20100110/bin/../lib/gcc/avr/4.3.3/../../../../avr/lib/avr5\libc.a(vfprintf_std.o)
 .text          0x00000b46        0x0 c:/winavr-20100110/bin/../lib/gcc/avr/4.3.3/../../../../avr/lib/avr5\libc.a(strnlen_P.o)
 .text          0x00000b46        0x0 c:/winavr-20100110/bin/../lib/gcc/avr/4.3.3/../../../../avr/lib/avr5\libc.a(strnlen.o)
 .text          0x00000b46        0x0 c:/winavr-20100110/bin/../lib/gcc/avr/4.3.3/../../../../avr/lib/avr5\libc.a(fputc.o)
 .text          0x00000b46        0x0 c:/winavr-20100110/bin/../lib/gcc/avr/4.3.3/../../../../avr/lib/avr5\libc.a(ultoa_invert.o)
                0x00000b46                . = ALIGN (0x2)
 *(.text.*)
 .text.UART_SendString
                0x00000b46       0x52 ./Service/UART_Services.o
                0x00000b46                UART_SendString
 .text.UART_SendString_Asynch
                0x00000b98       0x3a ./Service/UART_Services.o
                0x00000b98                UART_SendString_Asynch
 .text.Func_TX  0x00000bd2       0x5c ./Service/UART_Services.o
 .text.UART_SendString_Asynch_NocodeInInt
                0x00000c2e       0x70 ./Service/UART_Services.o
                0x00000c2e                UART_SendString_Asynch_NocodeInInt
 .text.Send_Int_Function2
                0x00000c9e       0x14 ./Service/UART_Services.o
 .text.UART_ReceiveString
                0x00000cb2       0x86 ./Service/UART_Services.o
                0x00000cb2                UART_ReceiveString
 .text.UART_ReceiveString_Asynch
                0x00000d38       0x30 ./Service/UART_Services.o
                0x00000d38                UART_ReceiveString_Asynch
 .text.Receive_Int_Function
                0x00000d68       0x66 ./Service/UART_Services.o
 .text.UART_SendString_MYProtocol
                0x00000dce       0xac ./Service/UART_Services.o
                0x00000dce                UART_SendString_MYProtocol
 .text.UART_ReceiveString_MyProtocol
                0x00000e7a       0xd0 ./Service/UART_Services.o
                0x00000e7a                UART_ReceiveString_MyProtocol
 .text.UART_Init
                0x00000f4a       0xaa ./MCAL/05UART/UART.o
                0x00000f4a                UART_Init
 .text.UART_RX_InterruptEnable
                0x00000ff4       0x1c ./MCAL/05UART/UART.o
                0x00000ff4                UART_RX_InterruptEnable
 .text.UART_RX_InterruptDisable
                0x00001010       0x1c ./MCAL/05UART/UART.o
                0x00001010                UART_RX_InterruptDisable
 .text.UART_TX_InterruptEnable
                0x0000102c       0x1c ./MCAL/05UART/UART.o
                0x0000102c                UART_TX_InterruptEnable
 .text.UART_TX_InterruptDisable
                0x00001048       0x1c ./MCAL/05UART/UART.o
                0x00001048                UART_TX_InterruptDisable
 .text.UART_RX_SetCallBack
                0x00001064       0x24 ./MCAL/05UART/UART.o
                0x00001064                UART_RX_SetCallBack
 .text.UART_TX_SetCallBack
                0x00001088       0x24 ./MCAL/05UART/UART.o
                0x00001088                UART_TX_SetCallBack
 .text.__vector_13
                0x000010ac       0x66 ./MCAL/05UART/UART.o
                0x000010ac                __vector_13
 .text.__vector_15
                0x00001112       0x66 ./MCAL/05UART/UART.o
                0x00001112                __vector_15
 .text.UART_SendByteNoBlock
                0x00001178       0x1c ./MCAL/05UART/UART.o
                0x00001178                UART_SendByteNoBlock
 .text.UART_ReceiveByteNoBlock
                0x00001194       0x14 ./MCAL/05UART/UART.o
                0x00001194                UART_ReceiveByteNoBlock
 .text.UART_SendByte
                0x000011a8       0x34 ./MCAL/05UART/UART.o
                0x000011a8                UART_SendByte
 .text.UART_ReceiveByte
                0x000011dc       0x1e ./MCAL/05UART/UART.o
                0x000011dc                UART_ReceiveByte
 .text.UART_Receive_NoBlock
                0x000011fa       0x3e ./MCAL/05UART/UART.o
                0x000011fa                UART_Receive_NoBlock
 .text.TIMER0_Init
                0x00001238      0x1ae ./MCAL/02Timer/Timers.o
                0x00001238                TIMER0_Init
 .text.TIMER0_OV_InterruptEnable
                0x000013e6       0x1c ./MCAL/02Timer/Timers.o
                0x000013e6                TIMER0_OV_InterruptEnable
 .text.TIMER0_OV_InterruptDisable
                0x00001402       0x1c ./MCAL/02Timer/Timers.o
                0x00001402                TIMER0_OV_InterruptDisable
 .text.TIMER0_OC_InterruptEnable
                0x0000141e       0x1c ./MCAL/02Timer/Timers.o
                0x0000141e                TIMER0_OC_InterruptEnable
 .text.TIMER0_OC_InterruptDisable
                0x0000143a       0x1c ./MCAL/02Timer/Timers.o
                0x0000143a                TIMER0_OC_InterruptDisable
 .text.TIMER0_OVF_SetCallBack
                0x00001456       0x24 ./MCAL/02Timer/Timers.o
                0x00001456                TIMER0_OVF_SetCallBack
 .text.TIMER0_CMP_SetCallBack
                0x0000147a       0x24 ./MCAL/02Timer/Timers.o
                0x0000147a                TIMER0_CMP_SetCallBack
 .text.TIMER0_reload
                0x0000149e       0x1c ./MCAL/02Timer/Timers.o
                0x0000149e                TIMER0_reload
 .text.TIMER0_Compare_reload
                0x000014ba       0x1c ./MCAL/02Timer/Timers.o
                0x000014ba                TIMER0_Compare_reload
 .text.Get_Current_Timer
                0x000014d6       0x14 ./MCAL/02Timer/Timers.o
                0x000014d6                Get_Current_Timer
 .text.TIMER0_Stop
                0x000014ea       0x1c ./MCAL/02Timer/Timers.o
                0x000014ea                TIMER0_Stop
 .text.TIMER0_restart
                0x00001506       0x20 ./MCAL/02Timer/Timers.o
                0x00001506                TIMER0_restart
 .text.Timer1_Init
                0x00001526      0x328 ./MCAL/02Timer/Timers.o
                0x00001526                Timer1_Init
 .text.Timer1_InputCaptureEdge
                0x0000184e       0x3e ./MCAL/02Timer/Timers.o
                0x0000184e                Timer1_InputCaptureEdge
 .text.Timer1_reload
                0x0000188c       0x24 ./MCAL/02Timer/Timers.o
                0x0000188c                Timer1_reload
 .text.Timer1_CompareA_reload
                0x000018b0       0x24 ./MCAL/02Timer/Timers.o
                0x000018b0                Timer1_CompareA_reload
 .text.Timer1_CompareB_reload
                0x000018d4       0x24 ./MCAL/02Timer/Timers.o
                0x000018d4                Timer1_CompareB_reload
 .text.Timer1_ICU_reload
                0x000018f8       0x24 ./MCAL/02Timer/Timers.o
                0x000018f8                Timer1_ICU_reload
 .text.Get_Current_Timer1
                0x0000191c       0x16 ./MCAL/02Timer/Timers.o
                0x0000191c                Get_Current_Timer1
 .text.Timer1_Stop
                0x00001932       0x1c ./MCAL/02Timer/Timers.o
                0x00001932                Timer1_Stop
 .text.timer1_restart
                0x0000194e       0x24 ./MCAL/02Timer/Timers.o
                0x0000194e                timer1_restart
 .text.Timer1_ICU_InterruptEnable
                0x00001972       0x1c ./MCAL/02Timer/Timers.o
                0x00001972                Timer1_ICU_InterruptEnable
 .text.Timer1_ICU_InterruptDisable
                0x0000198e       0x1c ./MCAL/02Timer/Timers.o
                0x0000198e                Timer1_ICU_InterruptDisable
 .text.Timer1_OVF_InterruptEnable
                0x000019aa       0x1c ./MCAL/02Timer/Timers.o
                0x000019aa                Timer1_OVF_InterruptEnable
 .text.Timer1_OVF_InterruptDisable
                0x000019c6       0x1c ./MCAL/02Timer/Timers.o
                0x000019c6                Timer1_OVF_InterruptDisable
 .text.Timer1_OCA_InterruptEnable
                0x000019e2       0x1c ./MCAL/02Timer/Timers.o
                0x000019e2                Timer1_OCA_InterruptEnable
 .text.Timer1_OCA_InterruptDisable
                0x000019fe       0x1c ./MCAL/02Timer/Timers.o
                0x000019fe                Timer1_OCA_InterruptDisable
 .text.Timer1_OCB_InterruptEnable
                0x00001a1a       0x1c ./MCAL/02Timer/Timers.o
                0x00001a1a                Timer1_OCB_InterruptEnable
 .text.Timer1_OCB_InterruptDisable
                0x00001a36       0x1c ./MCAL/02Timer/Timers.o
                0x00001a36                Timer1_OCB_InterruptDisable
 .text.Timer1_OVF_SetCallBack
                0x00001a52       0x24 ./MCAL/02Timer/Timers.o
                0x00001a52                Timer1_OVF_SetCallBack
 .text.Timer1_OCA_SetCallBack
                0x00001a76       0x24 ./MCAL/02Timer/Timers.o
                0x00001a76                Timer1_OCA_SetCallBack
 .text.Timer1_OCB_SetCallBack
                0x00001a9a       0x24 ./MCAL/02Timer/Timers.o
                0x00001a9a                Timer1_OCB_SetCallBack
 .text.Timer1_ICU_SetCallBack
                0x00001abe       0x24 ./MCAL/02Timer/Timers.o
                0x00001abe                Timer1_ICU_SetCallBack
 .text.__vector_11
                0x00001ae2       0x66 ./MCAL/02Timer/Timers.o
                0x00001ae2                __vector_11
 .text.__vector_10
                0x00001b48       0x66 ./MCAL/02Timer/Timers.o
                0x00001b48                __vector_10
 .text.__vector_9
                0x00001bae       0x66 ./MCAL/02Timer/Timers.o
                0x00001bae                __vector_9
 .text.__vector_7
                0x00001c14       0x66 ./MCAL/02Timer/Timers.o
                0x00001c14                __vector_7
 .text.__vector_8
                0x00001c7a       0x66 ./MCAL/02Timer/Timers.o
                0x00001c7a                __vector_8
 .text.__vector_6
                0x00001ce0       0x66 ./MCAL/02Timer/Timers.o
                0x00001ce0                __vector_6
 .text.PWM_Init
                0x00001d46       0x1a ./MCAL/02Timer/Timers.o
                0x00001d46                PWM_Init
 .text.PWM_Freq_KHZ_
                0x00001d60       0x5a ./MCAL/02Timer/Timers.o
                0x00001d60                PWM_Freq_KHZ_
 .text.PWM_Freq_HZ
                0x00001dba       0x68 ./MCAL/02Timer/Timers.o
                0x00001dba                PWM_Freq_HZ
 .text.PWM_Duty
                0x00001e22       0x98 ./MCAL/02Timer/Timers.o
                0x00001e22                PWM_Duty
 .text.Timer1_SetInterruptTime_us
                0x00001eba       0x5a ./MCAL/02Timer/Timers.o
                0x00001eba                Timer1_SetInterruptTime_us
 .text.PWM_Measure2
                0x00001f14      0x176 ./MCAL/02Timer/Timers.o
                0x00001f14                PWM_Measure2
 .text.PWM_Measure
                0x0000208a      0x13e ./MCAL/02Timer/Timers.o
                0x0000208a                PWM_Measure
 .text.Func_ICU
                0x000021c8       0x9e ./MCAL/02Timer/Timers.o
 .text.GPIO_init_pin
                0x00002266       0xa8 ./MCAL/01GPIO/GPIO.o
                0x00002266                GPIO_init_pin
 .text.GPIO_init_port
                0x0000230e       0x32 ./MCAL/01GPIO/GPIO.o
                0x0000230e                GPIO_init_port
 .text.GPIO_init_port_mask
                0x00002340       0x4a ./MCAL/01GPIO/GPIO.o
                0x00002340                GPIO_init_port_mask
 .text.GPIO_write_pin
                0x0000238a       0xa2 ./MCAL/01GPIO/GPIO.o
                0x0000238a                GPIO_write_pin
 .text.GPIO_write_port
                0x0000242c       0x32 ./MCAL/01GPIO/GPIO.o
                0x0000242c                GPIO_write_port
 .text.GPIO_write_port_set_mask
                0x0000245e       0x4a ./MCAL/01GPIO/GPIO.o
                0x0000245e                GPIO_write_port_set_mask
 .text.GPIO_write_port_clear_mask
                0x000024a8       0x4e ./MCAL/01GPIO/GPIO.o
                0x000024a8                GPIO_write_port_clear_mask
 .text.GPIO_write_port_mask
                0x000024f6       0x58 ./MCAL/01GPIO/GPIO.o
                0x000024f6                GPIO_write_port_mask
 .text.GPIO_read_pin_argument
                0x0000254e       0x70 ./MCAL/01GPIO/GPIO.o
                0x0000254e                GPIO_read_pin_argument
 .text.GPIO_read_pin
                0x000025be       0x4a ./MCAL/01GPIO/GPIO.o
                0x000025be                GPIO_read_pin
 .text.GPIO_read_port_argument
                0x00002608       0x50 ./MCAL/01GPIO/GPIO.o
                0x00002608                GPIO_read_port_argument
 .text.GPIO_read_port
                0x00002658       0x2c ./MCAL/01GPIO/GPIO.o
                0x00002658                GPIO_read_port
 .text.GPIO_set_pullup
                0x00002684       0x8e ./MCAL/01GPIO/GPIO.o
                0x00002684                GPIO_set_pullup
 .text.GPIO_set_pulldown
                0x00002712       0x78 ./MCAL/01GPIO/GPIO.o
                0x00002712                GPIO_set_pulldown
 .text.GPIO_set_gpiopad
                0x0000278a       0x7e ./MCAL/01GPIO/GPIO.o
                0x0000278a                GPIO_set_gpiopad
 .text.init_GPIO_INT0_interrupt
                0x00002808       0xd4 ./MCAL/01GPIO/GPIO.o
 .text.init_GPIO_INT1_interrupt
                0x000028dc       0xd4 ./MCAL/01GPIO/GPIO.o
 .text.init_GPIO_INT2_interrupt
                0x000029b0       0x68 ./MCAL/01GPIO/GPIO.o
 .text.GPIO_init_interrupt
                0x00002a18       0x52 ./MCAL/01GPIO/GPIO.o
                0x00002a18                GPIO_init_interrupt
 .text.__vector_1
                0x00002a6a       0x5a ./MCAL/01GPIO/GPIO.o
                0x00002a6a                __vector_1
 .text.__vector_2
                0x00002ac4       0x5a ./MCAL/01GPIO/GPIO.o
                0x00002ac4                __vector_2
 .text.__vector_3
                0x00002b1e       0x5a ./MCAL/01GPIO/GPIO.o
                0x00002b1e                __vector_3
 .text.GPRS_init
                0x00002b78      0x116 ./HAL/0AGPRS/GPRS.o
                0x00002b78                GPRS_init
 .text.GPRS_SentMessage
                0x00002c8e      0x262 ./HAL/0AGPRS/GPRS.o
                0x00002c8e                GPRS_SentMessage
 .text.GPRS_CallDial
                0x00002ef0       0x7e ./HAL/0AGPRS/GPRS.o
                0x00002ef0                GPRS_CallDial
 .text.GPRS_GetIPInit
                0x00002f6e      0x69a ./HAL/0AGPRS/GPRS.o
                0x00002f6e                GPRS_GetIPInit
 .text.GPRS_GetIp
                0x00003608      0x120 ./HAL/0AGPRS/GPRS.o
                0x00003608                GPRS_GetIp
 .text.ThingSpeak_Connect
                0x00003728      0x202 ./HAL/0AGPRS/GPRS.o
                0x00003728                ThingSpeak_Connect
 .text.SendThingSpeak
                0x0000392a      0x2b2 ./HAL/0AGPRS/GPRS.o
                0x0000392a                SendThingSpeak
 .text.ThingSpeak_ClosedConnection
                0x00003bdc      0x11a ./HAL/0AGPRS/GPRS.o
                0x00003bdc                ThingSpeak_ClosedConnection
 .text.LCD_WriteCommand
                0x00003cf6      0x496 ./HAL/03 LCD/LCD.o
 .text.LCD_WriteData
                0x0000418c      0x496 ./HAL/03 LCD/LCD.o
 .text.LCD_Init
                0x00004622      0x536 ./HAL/03 LCD/LCD.o
                0x00004622                LCD_Init
 .text.LCD_WriteChar
                0x00004b58       0x1a ./HAL/03 LCD/LCD.o
                0x00004b58                LCD_WriteChar
 .text.LCD_WriteSentence
                0x00004b72       0x52 ./HAL/03 LCD/LCD.o
                0x00004b72                LCD_WriteSentence
 .text.LCD_GoTo
                0x00004bc4       0x42 ./HAL/03 LCD/LCD.o
                0x00004bc4                LCD_GoTo
 .text.LCD_WriteNumber
                0x00004c06       0xea ./HAL/03 LCD/LCD.o
                0x00004c06                LCD_WriteNumber
 .text.LCD_WriteNumber2
                0x00004cf0       0x8c ./HAL/03 LCD/LCD.o
                0x00004cf0                LCD_WriteNumber2
 .text.convert_data
                0x00004d7c       0xd4 ./HAL/03 LCD/LCD.o
                0x00004d7c                convert_data
 .text.str_to_int
                0x00004e50       0xbe ./HAL/03 LCD/LCD.o
                0x00004e50                str_to_int
 .text.Create_Character
                0x00004f0e       0x60 ./HAL/03 LCD/LCD.o
                0x00004f0e                Create_Character
 .text.LCD_Clear
                0x00004f6e       0x14 ./HAL/03 LCD/LCD.o
                0x00004f6e                LCD_Clear
 .text.LCD_out  0x00004f82       0x32 ./HAL/03 LCD/LCD.o
                0x00004f82                LCD_out
 .text.main     0x00004fb4       0x2a ./main.o
                0x00004fb4                main
 .text.libgcc   0x00004fde       0x3e c:/winavr-20100110/bin/../lib/gcc/avr/4.3.3/avr5\libgcc.a(_mulsi3.o)
                0x00004fde                __mulsi3
 .text.libgcc   0x0000501c       0x28 c:/winavr-20100110/bin/../lib/gcc/avr/4.3.3/avr5\libgcc.a(_udivmodhi4.o)
                0x0000501c                __udivmodhi4
 .text.libgcc   0x00005044       0x26 c:/winavr-20100110/bin/../lib/gcc/avr/4.3.3/avr5\libgcc.a(_divmodhi4.o)
                0x00005044                __divmodhi4
                0x00005044                _div
 .text.libgcc   0x0000506a       0x44 c:/winavr-20100110/bin/../lib/gcc/avr/4.3.3/avr5\libgcc.a(_udivmodsi4.o)
                0x0000506a                __udivmodsi4
 .text.libgcc   0x000050ae        0x0 c:/winavr-20100110/bin/../lib/gcc/avr/4.3.3/avr5\libgcc.a(_exit.o)
 .text.libgcc   0x000050ae        0x0 c:/winavr-20100110/bin/../lib/gcc/avr/4.3.3/avr5\libgcc.a(_copy_data.o)
 .text.libgcc   0x000050ae        0x0 c:/winavr-20100110/bin/../lib/gcc/avr/4.3.3/avr5\libgcc.a(_clear_bss.o)
 .text.libgcc   0x000050ae       0x38 c:/winavr-20100110/bin/../lib/gcc/avr/4.3.3/avr5\libgcc.a(_prologue.o)
                0x000050ae                __prologue_saves__
 .text.libgcc   0x000050e6       0x36 c:/winavr-20100110/bin/../lib/gcc/avr/4.3.3/avr5\libgcc.a(_epilogue.o)
                0x000050e6                __epilogue_restores__
 .text.avr-libc
                0x0000511c       0x12 c:/winavr-20100110/bin/../lib/gcc/avr/4.3.3/../../../../avr/lib/avr5\libc.a(memcpy.o)
                0x0000511c                memcpy
 .text.avr-libc
                0x0000512e        0xe c:/winavr-20100110/bin/../lib/gcc/avr/4.3.3/../../../../avr/lib/avr5\libc.a(memset.o)
                0x0000512e                memset
 .text.avr-libc
                0x0000513c       0x12 c:/winavr-20100110/bin/../lib/gcc/avr/4.3.3/../../../../avr/lib/avr5\libc.a(strlen.o)
                0x0000513c                strlen
 .text.avr-libc
                0x0000514e       0x48 c:/winavr-20100110/bin/../lib/gcc/avr/4.3.3/../../../../avr/lib/avr5\libc.a(sprintf.o)
                0x0000514e                sprintf
 .text.avr-libc
                0x00005196      0x3ba c:/winavr-20100110/bin/../lib/gcc/avr/4.3.3/../../../../avr/lib/avr5\libc.a(vfprintf_std.o)
                0x00005196                vfprintf
 .text.avr-libc
                0x00005550       0x16 c:/winavr-20100110/bin/../lib/gcc/avr/4.3.3/../../../../avr/lib/avr5\libc.a(strnlen_P.o)
                0x00005550                strnlen_P
 .text.avr-libc
                0x00005566       0x16 c:/winavr-20100110/bin/../lib/gcc/avr/4.3.3/../../../../avr/lib/avr5\libc.a(strnlen.o)
                0x00005566                strnlen
 .text.avr-libc
                0x0000557c       0x58 c:/winavr-20100110/bin/../lib/gcc/avr/4.3.3/../../../../avr/lib/avr5\libc.a(fputc.o)
                0x0000557c                fputc
 .text.avr-libc
                0x000055d4       0xbc c:/winavr-20100110/bin/../lib/gcc/avr/4.3.3/../../../../avr/lib/avr5\libc.a(ultoa_invert.o)
                0x000055d4                __ultoa_invert
                0x00005690                . = ALIGN (0x2)
 *(.fini9)
 .fini9         0x00005690        0x0 c:/winavr-20100110/bin/../lib/gcc/avr/4.3.3/avr5\libgcc.a(_exit.o)
                0x00005690                exit
                0x00005690                _exit
 *(.fini9)
 *(.fini8)
 *(.fini8)
 *(.fini7)
 *(.fini7)
 *(.fini6)
 *(.fini6)
 *(.fini5)
 *(.fini5)
 *(.fini4)
 *(.fini4)
 *(.fini3)
 *(.fini3)
 *(.fini2)
 *(.fini2)
 *(.fini1)
 *(.fini1)
 *(.fini0)
 .fini0         0x00005690        0x4 c:/winavr-20100110/bin/../lib/gcc/avr/4.3.3/avr5\libgcc.a(_exit.o)
 *(.fini0)
                0x00005694                _etext = .

.data           0x00800060      0x160 load address 0x00005694
                0x00800060                PROVIDE (__data_start, .)
 *(.data)
 .data          0x00800060        0x0 c:/winavr-20100110/bin/../lib/gcc/avr/4.3.3/../../../../avr/lib/avr5/crtm32.o
 .data          0x00800060        0x0 ./Service/UART_Services.o
 .data          0x00800060        0x0 ./MCAL/05UART/UART.o
 .data          0x00800060        0x0 ./MCAL/02Timer/Timers.o
 .data          0x00800060        0x0 ./MCAL/01GPIO/GPIO.o
 .data          0x00800060       0xf6 ./HAL/0AGPRS/GPRS.o
 .data          0x00800156        0x0 ./HAL/03 LCD/LCD.o
 .data          0x00800156        0x0 ./main.o
 .data          0x00800156        0x0 c:/winavr-20100110/bin/../lib/gcc/avr/4.3.3/avr5\libgcc.a(_mulsi3.o)
 .data          0x00800156        0x0 c:/winavr-20100110/bin/../lib/gcc/avr/4.3.3/avr5\libgcc.a(_udivmodhi4.o)
 .data          0x00800156        0x0 c:/winavr-20100110/bin/../lib/gcc/avr/4.3.3/avr5\libgcc.a(_divmodhi4.o)
 .data          0x00800156        0x0 c:/winavr-20100110/bin/../lib/gcc/avr/4.3.3/avr5\libgcc.a(_udivmodsi4.o)
 .data          0x00800156        0x0 c:/winavr-20100110/bin/../lib/gcc/avr/4.3.3/avr5\libgcc.a(_exit.o)
 .data          0x00800156        0x0 c:/winavr-20100110/bin/../lib/gcc/avr/4.3.3/avr5\libgcc.a(_copy_data.o)
 .data          0x00800156        0x0 c:/winavr-20100110/bin/../lib/gcc/avr/4.3.3/avr5\libgcc.a(_clear_bss.o)
 .data          0x00800156        0x0 c:/winavr-20100110/bin/../lib/gcc/avr/4.3.3/avr5\libgcc.a(_fixunssfsi.o)
 .data          0x00800156        0x0 c:/winavr-20100110/bin/../lib/gcc/avr/4.3.3/avr5\libgcc.a(_addsub_sf.o)
 .data          0x00800156        0x0 c:/winavr-20100110/bin/../lib/gcc/avr/4.3.3/avr5\libgcc.a(_mul_sf.o)
 .data          0x00800156        0x0 c:/winavr-20100110/bin/../lib/gcc/avr/4.3.3/avr5\libgcc.a(_gt_sf.o)
 .data          0x00800156        0x0 c:/winavr-20100110/bin/../lib/gcc/avr/4.3.3/avr5\libgcc.a(_ge_sf.o)
 .data          0x00800156        0x0 c:/winavr-20100110/bin/../lib/gcc/avr/4.3.3/avr5\libgcc.a(_lt_sf.o)
 .data          0x00800156        0x0 c:/winavr-20100110/bin/../lib/gcc/avr/4.3.3/avr5\libgcc.a(_sf_to_si.o)
 .data          0x00800156        0x8 c:/winavr-20100110/bin/../lib/gcc/avr/4.3.3/avr5\libgcc.a(_thenan_sf.o)
                0x00800156                __thenan_sf
 .data          0x0080015e        0x0 c:/winavr-20100110/bin/../lib/gcc/avr/4.3.3/avr5\libgcc.a(_prologue.o)
 .data          0x0080015e        0x0 c:/winavr-20100110/bin/../lib/gcc/avr/4.3.3/avr5\libgcc.a(_epilogue.o)
 .data          0x0080015e        0x0 c:/winavr-20100110/bin/../lib/gcc/avr/4.3.3/avr5\libgcc.a(_pack_sf.o)
 .data          0x0080015e        0x0 c:/winavr-20100110/bin/../lib/gcc/avr/4.3.3/avr5\libgcc.a(_unpack_sf.o)
 .data          0x0080015e        0x0 c:/winavr-20100110/bin/../lib/gcc/avr/4.3.3/avr5\libgcc.a(_fpcmp_parts_sf.o)
 .data          0x0080015e        0x0 c:/winavr-20100110/bin/../lib/gcc/avr/4.3.3/../../../../avr/lib/avr5\libc.a(memcpy.o)
 .data          0x0080015e        0x0 c:/winavr-20100110/bin/../lib/gcc/avr/4.3.3/../../../../avr/lib/avr5\libc.a(memset.o)
 .data          0x0080015e        0x0 c:/winavr-20100110/bin/../lib/gcc/avr/4.3.3/../../../../avr/lib/avr5\libc.a(strlen.o)
 .data          0x0080015e        0x0 c:/winavr-20100110/bin/../lib/gcc/avr/4.3.3/../../../../avr/lib/avr5\libc.a(sprintf.o)
 .data          0x0080015e        0x0 c:/winavr-20100110/bin/../lib/gcc/avr/4.3.3/../../../../avr/lib/avr5\libc.a(vfprintf_std.o)
 .data          0x0080015e        0x0 c:/winavr-20100110/bin/../lib/gcc/avr/4.3.3/../../../../avr/lib/avr5\libc.a(strnlen_P.o)
 .data          0x0080015e        0x0 c:/winavr-20100110/bin/../lib/gcc/avr/4.3.3/../../../../avr/lib/avr5\libc.a(strnlen.o)
 .data          0x0080015e        0x0 c:/winavr-20100110/bin/../lib/gcc/avr/4.3.3/../../../../avr/lib/avr5\libc.a(fputc.o)
 .data          0x0080015e        0x0 c:/winavr-20100110/bin/../lib/gcc/avr/4.3.3/../../../../avr/lib/avr5\libc.a(ultoa_invert.o)
 *(.data*)
 .data.flag     0x0080015e        0x1 ./Service/UART_Services.o
 .data.i.1260   0x0080015f        0x1 ./Service/UART_Services.o
 .data.registers_dir
                0x00800160        0x8 ./MCAL/01GPIO/GPIO.o
                0x00800160                registers_dir
 .data.registers_data
                0x00800168        0x8 ./MCAL/01GPIO/GPIO.o
                0x00800168                registers_data
 .data.registers_input
                0x00800170        0x8 ./MCAL/01GPIO/GPIO.o
                0x00800170                registers_input
 *(.rodata)
 *(.rodata*)
 .rodata.BaudRateArray
                0x00800178       0x48 ./MCAL/05UART/UART.o
                0x00800178                BaudRateArray
 *(.gnu.linkonce.d*)
                0x008001c0                . = ALIGN (0x2)
                0x008001c0                _edata = .
                0x008001c0                PROVIDE (__data_end, .)

.bss            0x008001c0       0x96
                0x008001c0                PROVIDE (__bss_start, .)
 *(.bss)
 .bss           0x008001c0        0x0 c:/winavr-20100110/bin/../lib/gcc/avr/4.3.3/../../../../avr/lib/avr5/crtm32.o
 .bss           0x008001c0        0x0 ./Service/UART_Services.o
 .bss           0x008001c0        0x0 ./MCAL/05UART/UART.o
 .bss           0x008001c0        0x0 ./MCAL/02Timer/Timers.o
 .bss           0x008001c0        0x0 ./MCAL/01GPIO/GPIO.o
 .bss           0x008001c0        0x0 ./HAL/0AGPRS/GPRS.o
 .bss           0x008001c0        0x0 ./HAL/03 LCD/LCD.o
 .bss           0x008001c0        0x0 ./main.o
 .bss           0x008001c0        0x0 c:/winavr-20100110/bin/../lib/gcc/avr/4.3.3/avr5\libgcc.a(_mulsi3.o)
 .bss           0x008001c0        0x0 c:/winavr-20100110/bin/../lib/gcc/avr/4.3.3/avr5\libgcc.a(_udivmodhi4.o)
 .bss           0x008001c0        0x0 c:/winavr-20100110/bin/../lib/gcc/avr/4.3.3/avr5\libgcc.a(_divmodhi4.o)
 .bss           0x008001c0        0x0 c:/winavr-20100110/bin/../lib/gcc/avr/4.3.3/avr5\libgcc.a(_udivmodsi4.o)
 .bss           0x008001c0        0x0 c:/winavr-20100110/bin/../lib/gcc/avr/4.3.3/avr5\libgcc.a(_exit.o)
 .bss           0x008001c0        0x0 c:/winavr-20100110/bin/../lib/gcc/avr/4.3.3/avr5\libgcc.a(_copy_data.o)
 .bss           0x008001c0        0x0 c:/winavr-20100110/bin/../lib/gcc/avr/4.3.3/avr5\libgcc.a(_clear_bss.o)
 .bss           0x008001c0        0x0 c:/winavr-20100110/bin/../lib/gcc/avr/4.3.3/avr5\libgcc.a(_fixunssfsi.o)
 .bss           0x008001c0        0x0 c:/winavr-20100110/bin/../lib/gcc/avr/4.3.3/avr5\libgcc.a(_addsub_sf.o)
 .bss           0x008001c0        0x0 c:/winavr-20100110/bin/../lib/gcc/avr/4.3.3/avr5\libgcc.a(_mul_sf.o)
 .bss           0x008001c0        0x0 c:/winavr-20100110/bin/../lib/gcc/avr/4.3.3/avr5\libgcc.a(_gt_sf.o)
 .bss           0x008001c0        0x0 c:/winavr-20100110/bin/../lib/gcc/avr/4.3.3/avr5\libgcc.a(_ge_sf.o)
 .bss           0x008001c0        0x0 c:/winavr-20100110/bin/../lib/gcc/avr/4.3.3/avr5\libgcc.a(_lt_sf.o)
 .bss           0x008001c0        0x0 c:/winavr-20100110/bin/../lib/gcc/avr/4.3.3/avr5\libgcc.a(_sf_to_si.o)
 .bss           0x008001c0        0x0 c:/winavr-20100110/bin/../lib/gcc/avr/4.3.3/avr5\libgcc.a(_thenan_sf.o)
 .bss           0x008001c0        0x0 c:/winavr-20100110/bin/../lib/gcc/avr/4.3.3/avr5\libgcc.a(_prologue.o)
 .bss           0x008001c0        0x0 c:/winavr-20100110/bin/../lib/gcc/avr/4.3.3/avr5\libgcc.a(_epilogue.o)
 .bss           0x008001c0        0x0 c:/winavr-20100110/bin/../lib/gcc/avr/4.3.3/avr5\libgcc.a(_pack_sf.o)
 .bss           0x008001c0        0x0 c:/winavr-20100110/bin/../lib/gcc/avr/4.3.3/avr5\libgcc.a(_unpack_sf.o)
 .bss           0x008001c0        0x0 c:/winavr-20100110/bin/../lib/gcc/avr/4.3.3/avr5\libgcc.a(_fpcmp_parts_sf.o)
 .bss           0x008001c0        0x0 c:/winavr-20100110/bin/../lib/gcc/avr/4.3.3/../../../../avr/lib/avr5\libc.a(memcpy.o)
 .bss           0x008001c0        0x0 c:/winavr-20100110/bin/../lib/gcc/avr/4.3.3/../../../../avr/lib/avr5\libc.a(memset.o)
 .bss           0x008001c0        0x0 c:/winavr-20100110/bin/../lib/gcc/avr/4.3.3/../../../../avr/lib/avr5\libc.a(strlen.o)
 .bss           0x008001c0        0x0 c:/winavr-20100110/bin/../lib/gcc/avr/4.3.3/../../../../avr/lib/avr5\libc.a(sprintf.o)
 .bss           0x008001c0        0x0 c:/winavr-20100110/bin/../lib/gcc/avr/4.3.3/../../../../avr/lib/avr5\libc.a(vfprintf_std.o)
 .bss           0x008001c0        0x0 c:/winavr-20100110/bin/../lib/gcc/avr/4.3.3/../../../../avr/lib/avr5\libc.a(strnlen_P.o)
 .bss           0x008001c0        0x0 c:/winavr-20100110/bin/../lib/gcc/avr/4.3.3/../../../../avr/lib/avr5\libc.a(strnlen.o)
 .bss           0x008001c0        0x0 c:/winavr-20100110/bin/../lib/gcc/avr/4.3.3/../../../../avr/lib/avr5\libc.a(fputc.o)
 .bss           0x008001c0        0x0 c:/winavr-20100110/bin/../lib/gcc/avr/4.3.3/../../../../avr/lib/avr5\libc.a(ultoa_invert.o)
 *(.bss*)
 .bss.i.1279    0x008001c0        0x1 ./Service/UART_Services.o
 .bss.jcount    0x008001c1        0x2 ./Service/UART_Services.o
                0x008001c1                jcount
 .bss.i.1324    0x008001c3        0x1 ./Service/UART_Services.o
 .bss.Asynch_Send_Str
                0x008001c4        0x2 ./Service/UART_Services.o
 .bss.Asynch_receive_str
                0x008001c6        0x2 ./Service/UART_Services.o
 .bss.UART_RX_Fptr
                0x008001c8        0x2 ./MCAL/05UART/UART.o
 .bss.UART_TX_Fptr
                0x008001ca        0x2 ./MCAL/05UART/UART.o
 .bss.flag      0x008001cc        0x2 ./MCAL/02Timer/Timers.o
                0x008001cc                flag
 .bss.scaler0_global
                0x008001ce        0x1 ./MCAL/02Timer/Timers.o
 .bss.scaler1_global
                0x008001cf        0x1 ./MCAL/02Timer/Timers.o
 .bss.TIMER0_OVF_Fptr
                0x008001d0        0x2 ./MCAL/02Timer/Timers.o
 .bss.TIMER0_CMP_Fptr
                0x008001d2        0x2 ./MCAL/02Timer/Timers.o
 .bss.Timer1_OVF_Fptr
                0x008001d4        0x2 ./MCAL/02Timer/Timers.o
 .bss.Timer1_OCA_Fptr
                0x008001d6        0x2 ./MCAL/02Timer/Timers.o
 .bss.Timer1_OCB_Fptr
                0x008001d8        0x2 ./MCAL/02Timer/Timers.o
 .bss.Timer1_ICU_Fptr
                0x008001da        0x2 ./MCAL/02Timer/Timers.o
 .bss.GPIO_int0_ptr
                0x008001dc        0x2 ./MCAL/01GPIO/GPIO.o
 .bss.GPIO_int1_ptr
                0x008001de        0x2 ./MCAL/01GPIO/GPIO.o
 .bss.GPIO_int2_ptr
                0x008001e0        0x2 ./MCAL/01GPIO/GPIO.o
 .bss.arr.1721  0x008001e2        0xa ./HAL/03 LCD/LCD.o
 .bss.DataOutput
                0x008001ec       0x64 ./main.o
                0x008001ec                DataOutput
 *(COMMON)
 COMMON         0x00800250        0x6 ./MCAL/02Timer/Timers.o
                0x00800250                t3
                0x00800252                t2
                0x00800254                t1
                0x00800256                PROVIDE (__bss_end, .)
                0x00005694                __data_load_start = LOADADDR (.data)
                0x000057f4                __data_load_end = (__data_load_start + SIZEOF (.data))

.noinit         0x00800256        0x0
                0x00800256                PROVIDE (__noinit_start, .)
 *(.noinit*)
                0x00800256                PROVIDE (__noinit_end, .)
                0x00800256                _end = .
                0x00800256                PROVIDE (__heap_start, .)

.eeprom         0x00810000        0x0
 *(.eeprom*)
                0x00810000                __eeprom_end = .

.fuse
 *(.fuse)
 *(.lfuse)
 *(.hfuse)
 *(.efuse)

.lock
 *(.lock*)

.signature
 *(.signature*)

.stab           0x00000000     0x55b0
 *(.stab)
 .stab          0x00000000      0x7b0 ./Service/UART_Services.o
 .stab          0x000007b0      0x60c ./MCAL/05UART/UART.o
                                0x618 (size before relaxing)
 .stab          0x00000dbc     0x1314 ./MCAL/02Timer/Timers.o
                               0x1320 (size before relaxing)
 .stab          0x000020d0      0xe64 ./MCAL/01GPIO/GPIO.o
                                0xe70 (size before relaxing)
 .stab          0x00002f34     0x1194 ./HAL/0AGPRS/GPRS.o
                               0x1320 (size before relaxing)
 .stab          0x000040c8     0x1368 ./HAL/03 LCD/LCD.o
                               0x150c (size before relaxing)
 .stab          0x00005430      0x180 ./main.o
                                0x468 (size before relaxing)

.stabstr        0x00000000     0x2f67
 *(.stabstr)
 .stabstr       0x00000000     0x2f67 ./Service/UART_Services.o

.stab.excl
 *(.stab.excl)

.stab.exclstr
 *(.stab.exclstr)

.stab.index
 *(.stab.index)

.stab.indexstr
 *(.stab.indexstr)

.comment
 *(.comment)

.debug
 *(.debug)

.line
 *(.line)

.debug_srcinfo
 *(.debug_srcinfo)

.debug_sfnames
 *(.debug_sfnames)

.debug_aranges  0x00000000      0x140
 *(.debug_aranges)
 .debug_aranges
                0x00000000       0x20 c:/winavr-20100110/bin/../lib/gcc/avr/4.3.3/avr5\libgcc.a(_fixunssfsi.o)
 .debug_aranges
                0x00000020       0x20 c:/winavr-20100110/bin/../lib/gcc/avr/4.3.3/avr5\libgcc.a(_addsub_sf.o)
 .debug_aranges
                0x00000040       0x20 c:/winavr-20100110/bin/../lib/gcc/avr/4.3.3/avr5\libgcc.a(_mul_sf.o)
 .debug_aranges
                0x00000060       0x20 c:/winavr-20100110/bin/../lib/gcc/avr/4.3.3/avr5\libgcc.a(_gt_sf.o)
 .debug_aranges
                0x00000080       0x20 c:/winavr-20100110/bin/../lib/gcc/avr/4.3.3/avr5\libgcc.a(_ge_sf.o)
 .debug_aranges
                0x000000a0       0x20 c:/winavr-20100110/bin/../lib/gcc/avr/4.3.3/avr5\libgcc.a(_lt_sf.o)
 .debug_aranges
                0x000000c0       0x20 c:/winavr-20100110/bin/../lib/gcc/avr/4.3.3/avr5\libgcc.a(_sf_to_si.o)
 .debug_aranges
                0x000000e0       0x20 c:/winavr-20100110/bin/../lib/gcc/avr/4.3.3/avr5\libgcc.a(_pack_sf.o)
 .debug_aranges
                0x00000100       0x20 c:/winavr-20100110/bin/../lib/gcc/avr/4.3.3/avr5\libgcc.a(_unpack_sf.o)
 .debug_aranges
                0x00000120       0x20 c:/winavr-20100110/bin/../lib/gcc/avr/4.3.3/avr5\libgcc.a(_fpcmp_parts_sf.o)

.debug_pubnames
                0x00000000      0x170
 *(.debug_pubnames)
 .debug_pubnames
                0x00000000       0x23 c:/winavr-20100110/bin/../lib/gcc/avr/4.3.3/avr5\libgcc.a(_fixunssfsi.o)
 .debug_pubnames
                0x00000023       0x2c c:/winavr-20100110/bin/../lib/gcc/avr/4.3.3/avr5\libgcc.a(_addsub_sf.o)
 .debug_pubnames
                0x0000004f       0x1f c:/winavr-20100110/bin/../lib/gcc/avr/4.3.3/avr5\libgcc.a(_mul_sf.o)
 .debug_pubnames
                0x0000006e       0x1e c:/winavr-20100110/bin/../lib/gcc/avr/4.3.3/avr5\libgcc.a(_gt_sf.o)
 .debug_pubnames
                0x0000008c       0x1e c:/winavr-20100110/bin/../lib/gcc/avr/4.3.3/avr5\libgcc.a(_ge_sf.o)
 .debug_pubnames
                0x000000aa       0x1e c:/winavr-20100110/bin/../lib/gcc/avr/4.3.3/avr5\libgcc.a(_lt_sf.o)
 .debug_pubnames
                0x000000c8       0x20 c:/winavr-20100110/bin/../lib/gcc/avr/4.3.3/avr5\libgcc.a(_sf_to_si.o)
 .debug_pubnames
                0x000000e8       0x22 c:/winavr-20100110/bin/../lib/gcc/avr/4.3.3/avr5\libgcc.a(_thenan_sf.o)
 .debug_pubnames
                0x0000010a       0x1f c:/winavr-20100110/bin/../lib/gcc/avr/4.3.3/avr5\libgcc.a(_pack_sf.o)
 .debug_pubnames
                0x00000129       0x21 c:/winavr-20100110/bin/../lib/gcc/avr/4.3.3/avr5\libgcc.a(_unpack_sf.o)
 .debug_pubnames
                0x0000014a       0x26 c:/winavr-20100110/bin/../lib/gcc/avr/4.3.3/avr5\libgcc.a(_fpcmp_parts_sf.o)

.debug_info     0x00000000     0x1c49
 *(.debug_info)
 .debug_info    0x00000000       0xb1 c:/winavr-20100110/bin/../lib/gcc/avr/4.3.3/avr5\libgcc.a(_fixunssfsi.o)
 .debug_info    0x000000b1      0x47a c:/winavr-20100110/bin/../lib/gcc/avr/4.3.3/avr5\libgcc.a(_addsub_sf.o)
 .debug_info    0x0000052b      0x485 c:/winavr-20100110/bin/../lib/gcc/avr/4.3.3/avr5\libgcc.a(_mul_sf.o)
 .debug_info    0x000009b0      0x27f c:/winavr-20100110/bin/../lib/gcc/avr/4.3.3/avr5\libgcc.a(_gt_sf.o)
 .debug_info    0x00000c2f      0x27f c:/winavr-20100110/bin/../lib/gcc/avr/4.3.3/avr5\libgcc.a(_ge_sf.o)
 .debug_info    0x00000eae      0x27f c:/winavr-20100110/bin/../lib/gcc/avr/4.3.3/avr5\libgcc.a(_lt_sf.o)
 .debug_info    0x0000112d      0x2b0 c:/winavr-20100110/bin/../lib/gcc/avr/4.3.3/avr5\libgcc.a(_sf_to_si.o)
 .debug_info    0x000013dd      0x12c c:/winavr-20100110/bin/../lib/gcc/avr/4.3.3/avr5\libgcc.a(_thenan_sf.o)
 .debug_info    0x00001509      0x2df c:/winavr-20100110/bin/../lib/gcc/avr/4.3.3/avr5\libgcc.a(_pack_sf.o)
 .debug_info    0x000017e8      0x251 c:/winavr-20100110/bin/../lib/gcc/avr/4.3.3/avr5\libgcc.a(_unpack_sf.o)
 .debug_info    0x00001a39      0x210 c:/winavr-20100110/bin/../lib/gcc/avr/4.3.3/avr5\libgcc.a(_fpcmp_parts_sf.o)
 *(.gnu.linkonce.wi.*)

.debug_abbrev   0x00000000      0xeeb
 *(.debug_abbrev)
 .debug_abbrev  0x00000000       0x5d c:/winavr-20100110/bin/../lib/gcc/avr/4.3.3/avr5\libgcc.a(_fixunssfsi.o)
 .debug_abbrev  0x0000005d      0x1ea c:/winavr-20100110/bin/../lib/gcc/avr/4.3.3/avr5\libgcc.a(_addsub_sf.o)
 .debug_abbrev  0x00000247      0x21b c:/winavr-20100110/bin/../lib/gcc/avr/4.3.3/avr5\libgcc.a(_mul_sf.o)
 .debug_abbrev  0x00000462      0x15a c:/winavr-20100110/bin/../lib/gcc/avr/4.3.3/avr5\libgcc.a(_gt_sf.o)
 .debug_abbrev  0x000005bc      0x15a c:/winavr-20100110/bin/../lib/gcc/avr/4.3.3/avr5\libgcc.a(_ge_sf.o)
 .debug_abbrev  0x00000716      0x15a c:/winavr-20100110/bin/../lib/gcc/avr/4.3.3/avr5\libgcc.a(_lt_sf.o)
 .debug_abbrev  0x00000870      0x17f c:/winavr-20100110/bin/../lib/gcc/avr/4.3.3/avr5\libgcc.a(_sf_to_si.o)
 .debug_abbrev  0x000009ef       0xad c:/winavr-20100110/bin/../lib/gcc/avr/4.3.3/avr5\libgcc.a(_thenan_sf.o)
 .debug_abbrev  0x00000a9c      0x1c0 c:/winavr-20100110/bin/../lib/gcc/avr/4.3.3/avr5\libgcc.a(_pack_sf.o)
 .debug_abbrev  0x00000c5c      0x154 c:/winavr-20100110/bin/../lib/gcc/avr/4.3.3/avr5\libgcc.a(_unpack_sf.o)
 .debug_abbrev  0x00000db0      0x13b c:/winavr-20100110/bin/../lib/gcc/avr/4.3.3/avr5\libgcc.a(_fpcmp_parts_sf.o)

.debug_line     0x00000000      0xdad
 *(.debug_line)
 .debug_line    0x00000000       0xa7 c:/winavr-20100110/bin/../lib/gcc/avr/4.3.3/avr5\libgcc.a(_fixunssfsi.o)
 .debug_line    0x000000a7      0x2af c:/winavr-20100110/bin/../lib/gcc/avr/4.3.3/avr5\libgcc.a(_addsub_sf.o)
 .debug_line    0x00000356      0x239 c:/winavr-20100110/bin/../lib/gcc/avr/4.3.3/avr5\libgcc.a(_mul_sf.o)
 .debug_line    0x0000058f       0xd3 c:/winavr-20100110/bin/../lib/gcc/avr/4.3.3/avr5\libgcc.a(_gt_sf.o)
 .debug_line    0x00000662       0xd3 c:/winavr-20100110/bin/../lib/gcc/avr/4.3.3/avr5\libgcc.a(_ge_sf.o)
 .debug_line    0x00000735       0xd3 c:/winavr-20100110/bin/../lib/gcc/avr/4.3.3/avr5\libgcc.a(_lt_sf.o)
 .debug_line    0x00000808      0x109 c:/winavr-20100110/bin/../lib/gcc/avr/4.3.3/avr5\libgcc.a(_sf_to_si.o)
 .debug_line    0x00000911       0x90 c:/winavr-20100110/bin/../lib/gcc/avr/4.3.3/avr5\libgcc.a(_thenan_sf.o)
 .debug_line    0x000009a1      0x18a c:/winavr-20100110/bin/../lib/gcc/avr/4.3.3/avr5\libgcc.a(_pack_sf.o)
 .debug_line    0x00000b2b      0x14b c:/winavr-20100110/bin/../lib/gcc/avr/4.3.3/avr5\libgcc.a(_unpack_sf.o)
 .debug_line    0x00000c76      0x137 c:/winavr-20100110/bin/../lib/gcc/avr/4.3.3/avr5\libgcc.a(_fpcmp_parts_sf.o)

.debug_frame    0x00000000      0x160
 *(.debug_frame)
 .debug_frame   0x00000000       0x20 c:/winavr-20100110/bin/../lib/gcc/avr/4.3.3/avr5\libgcc.a(_fixunssfsi.o)
 .debug_frame   0x00000020       0x40 c:/winavr-20100110/bin/../lib/gcc/avr/4.3.3/avr5\libgcc.a(_addsub_sf.o)
 .debug_frame   0x00000060       0x20 c:/winavr-20100110/bin/../lib/gcc/avr/4.3.3/avr5\libgcc.a(_mul_sf.o)
 .debug_frame   0x00000080       0x20 c:/winavr-20100110/bin/../lib/gcc/avr/4.3.3/avr5\libgcc.a(_gt_sf.o)
 .debug_frame   0x000000a0       0x20 c:/winavr-20100110/bin/../lib/gcc/avr/4.3.3/avr5\libgcc.a(_ge_sf.o)
 .debug_frame   0x000000c0       0x20 c:/winavr-20100110/bin/../lib/gcc/avr/4.3.3/avr5\libgcc.a(_lt_sf.o)
 .debug_frame   0x000000e0       0x20 c:/winavr-20100110/bin/../lib/gcc/avr/4.3.3/avr5\libgcc.a(_sf_to_si.o)
 .debug_frame   0x00000100       0x20 c:/winavr-20100110/bin/../lib/gcc/avr/4.3.3/avr5\libgcc.a(_pack_sf.o)
 .debug_frame   0x00000120       0x20 c:/winavr-20100110/bin/../lib/gcc/avr/4.3.3/avr5\libgcc.a(_unpack_sf.o)
 .debug_frame   0x00000140       0x20 c:/winavr-20100110/bin/../lib/gcc/avr/4.3.3/avr5\libgcc.a(_fpcmp_parts_sf.o)

.debug_str      0x00000000      0x28d
 *(.debug_str)
 .debug_str     0x00000000       0xbf c:/winavr-20100110/bin/../lib/gcc/avr/4.3.3/avr5\libgcc.a(_fixunssfsi.o)
                                 0xfe (size before relaxing)
 .debug_str     0x000000bf      0x14d c:/winavr-20100110/bin/../lib/gcc/avr/4.3.3/avr5\libgcc.a(_addsub_sf.o)
                                0x206 (size before relaxing)
 .debug_str     0x0000020c       0x27 c:/winavr-20100110/bin/../lib/gcc/avr/4.3.3/avr5\libgcc.a(_mul_sf.o)
                                0x1bf (size before relaxing)
 .debug_str     0x00000233        0xf c:/winavr-20100110/bin/../lib/gcc/avr/4.3.3/avr5\libgcc.a(_gt_sf.o)
                                0x195 (size before relaxing)
 .debug_str     0x00000242        0x8 c:/winavr-20100110/bin/../lib/gcc/avr/4.3.3/avr5\libgcc.a(_ge_sf.o)
                                0x195 (size before relaxing)
 .debug_str     0x0000024a        0x8 c:/winavr-20100110/bin/../lib/gcc/avr/4.3.3/avr5\libgcc.a(_lt_sf.o)
                                0x195 (size before relaxing)
 .debug_str     0x00000252        0xa c:/winavr-20100110/bin/../lib/gcc/avr/4.3.3/avr5\libgcc.a(_sf_to_si.o)
                                0x19e (size before relaxing)
 .debug_str     0x00000000      0x103 c:/winavr-20100110/bin/../lib/gcc/avr/4.3.3/avr5\libgcc.a(_thenan_sf.o)
 .debug_str     0x0000025c       0x16 c:/winavr-20100110/bin/../lib/gcc/avr/4.3.3/avr5\libgcc.a(_pack_sf.o)
                                0x19d (size before relaxing)
 .debug_str     0x00000272        0xb c:/winavr-20100110/bin/../lib/gcc/avr/4.3.3/avr5\libgcc.a(_unpack_sf.o)
                                0x17f (size before relaxing)
 .debug_str     0x0000027d       0x10 c:/winavr-20100110/bin/../lib/gcc/avr/4.3.3/avr5\libgcc.a(_fpcmp_parts_sf.o)
                                0x163 (size before relaxing)

.debug_loc      0x00000000      0x7ce
 *(.debug_loc)
 .debug_loc     0x00000000       0x34 c:/winavr-20100110/bin/../lib/gcc/avr/4.3.3/avr5\libgcc.a(_fixunssfsi.o)
 .debug_loc     0x00000034      0x32a c:/winavr-20100110/bin/../lib/gcc/avr/4.3.3/avr5\libgcc.a(_addsub_sf.o)
 .debug_loc     0x0000035e      0x104 c:/winavr-20100110/bin/../lib/gcc/avr/4.3.3/avr5\libgcc.a(_mul_sf.o)
 .debug_loc     0x00000462       0x3c c:/winavr-20100110/bin/../lib/gcc/avr/4.3.3/avr5\libgcc.a(_gt_sf.o)
 .debug_loc     0x0000049e       0x3c c:/winavr-20100110/bin/../lib/gcc/avr/4.3.3/avr5\libgcc.a(_ge_sf.o)
 .debug_loc     0x000004da       0x3c c:/winavr-20100110/bin/../lib/gcc/avr/4.3.3/avr5\libgcc.a(_lt_sf.o)
 .debug_loc     0x00000516       0x7e c:/winavr-20100110/bin/../lib/gcc/avr/4.3.3/avr5\libgcc.a(_sf_to_si.o)
 .debug_loc     0x00000594      0x13e c:/winavr-20100110/bin/../lib/gcc/avr/4.3.3/avr5\libgcc.a(_pack_sf.o)
 .debug_loc     0x000006d2       0xac c:/winavr-20100110/bin/../lib/gcc/avr/4.3.3/avr5\libgcc.a(_unpack_sf.o)
 .debug_loc     0x0000077e       0x50 c:/winavr-20100110/bin/../lib/gcc/avr/4.3.3/avr5\libgcc.a(_fpcmp_parts_sf.o)

.debug_macinfo
 *(.debug_macinfo)
OUTPUT(ThingSpeak.elf elf32-avr)
LOAD linker stubs

.debug_ranges   0x00000000       0x50
 .debug_ranges  0x00000000       0x50 c:/winavr-20100110/bin/../lib/gcc/avr/4.3.3/avr5\libgcc.a(_mul_sf.o)
